shadow	Set up job	∩╗┐2025-10-14T05:00:22.3187934Z Current runner version: '2.328.0'
shadow	Set up job	2025-10-14T05:00:22.3255658Z ##[group]Runner Image Provisioner
shadow	Set up job	2025-10-14T05:00:22.3256888Z Hosted Compute Agent
shadow	Set up job	2025-10-14T05:00:22.3257787Z Version: 20250912.392
shadow	Set up job	2025-10-14T05:00:22.3258675Z Commit: d921fda672a98b64f4f82364647e2f10b2267d0b
shadow	Set up job	2025-10-14T05:00:22.3260534Z Build Date: 2025-09-12T15:23:14Z
shadow	Set up job	2025-10-14T05:00:22.3264709Z ##[endgroup]
shadow	Set up job	2025-10-14T05:00:22.3265561Z ##[group]Operating System
shadow	Set up job	2025-10-14T05:00:22.3266426Z Ubuntu
shadow	Set up job	2025-10-14T05:00:22.3267435Z 24.04.3
shadow	Set up job	2025-10-14T05:00:22.3270719Z LTS
shadow	Set up job	2025-10-14T05:00:22.3271413Z ##[endgroup]
shadow	Set up job	2025-10-14T05:00:22.3272498Z ##[group]Runner Image
shadow	Set up job	2025-10-14T05:00:22.3273333Z Image: ubuntu-24.04
shadow	Set up job	2025-10-14T05:00:22.3277056Z Version: 20250929.60.1
shadow	Set up job	2025-10-14T05:00:22.3280749Z Included Software: https://github.com/actions/runner-images/blob/ubuntu24/20250929.60/images/ubuntu/Ubuntu2404-Readme.md
shadow	Set up job	2025-10-14T05:00:22.3286778Z Image Release: https://github.com/actions/runner-images/releases/tag/ubuntu24%2F20250929.60
shadow	Set up job	2025-10-14T05:00:22.3288681Z ##[endgroup]
shadow	Set up job	2025-10-14T05:00:22.3296666Z ##[group]GITHUB_TOKEN Permissions
shadow	Set up job	2025-10-14T05:00:22.3303555Z Actions: write
shadow	Set up job	2025-10-14T05:00:22.3304462Z Attestations: write
shadow	Set up job	2025-10-14T05:00:22.3305478Z Checks: write
shadow	Set up job	2025-10-14T05:00:22.3306293Z Contents: write
shadow	Set up job	2025-10-14T05:00:22.3307064Z Deployments: write
shadow	Set up job	2025-10-14T05:00:22.3311319Z Discussions: write
shadow	Set up job	2025-10-14T05:00:22.3312366Z Issues: write
shadow	Set up job	2025-10-14T05:00:22.3315901Z Metadata: read
shadow	Set up job	2025-10-14T05:00:22.3316753Z Models: read
shadow	Set up job	2025-10-14T05:00:22.3318308Z Packages: write
shadow	Set up job	2025-10-14T05:00:22.3319113Z Pages: write
shadow	Set up job	2025-10-14T05:00:22.3319847Z PullRequests: write
shadow	Set up job	2025-10-14T05:00:22.3320870Z RepositoryProjects: write
shadow	Set up job	2025-10-14T05:00:22.3322257Z SecurityEvents: write
shadow	Set up job	2025-10-14T05:00:22.3326583Z Statuses: write
shadow	Set up job	2025-10-14T05:00:22.3327518Z ##[endgroup]
shadow	Set up job	2025-10-14T05:00:22.3330743Z Secret source: Actions
shadow	Set up job	2025-10-14T05:00:22.3335767Z Prepare workflow directory
shadow	Set up job	2025-10-14T05:00:22.3877602Z Prepare all required actions
shadow	Set up job	2025-10-14T05:00:22.3937944Z Getting action download info
shadow	Set up job	2025-10-14T05:00:22.7274348Z Download action repository 'actions/checkout@v4' (SHA:08eba0b27e820071cde6df949e0beb9ba4906955)
shadow	Set up job	2025-10-14T05:00:22.8922958Z Download action repository 'actions/upload-artifact@v4' (SHA:ea165f8d65b6e75b540449e92b4886f43607fa02)
shadow	Set up job	2025-10-14T05:00:23.0837355Z Complete job name: shadow
shadow	Runner & concurrency guard	∩╗┐2025-10-14T05:00:23.1493671Z ##[group]Run echo "=== Runner & Concurrency Diagnostics ==="
shadow	Runner & concurrency guard	2025-10-14T05:00:23.1494516Z [36;1mecho "=== Runner & Concurrency Diagnostics ==="[0m
shadow	Runner & concurrency guard	2025-10-14T05:00:23.1495166Z [36;1mecho "Runner name: GitHub Actions 1000002982"[0m
shadow	Runner & concurrency guard	2025-10-14T05:00:23.1495746Z [36;1mecho "Runner OS: Linux"[0m
shadow	Runner & concurrency guard	2025-10-14T05:00:23.1496230Z [36;1mecho "Runner arch: X64"[0m
shadow	Runner & concurrency guard	2025-10-14T05:00:23.1496758Z [36;1mecho "Runner temp: /home/runner/work/_temp"[0m
shadow	Runner & concurrency guard	2025-10-14T05:00:23.1497396Z [36;1mecho "Runner tool cache: /opt/hostedtoolcache"[0m
shadow	Runner & concurrency guard	2025-10-14T05:00:23.1497951Z [36;1mecho "---"[0m
shadow	Runner & concurrency guard	2025-10-14T05:00:23.1498358Z [36;1mecho "Job ID: shadow"[0m
shadow	Runner & concurrency guard	2025-10-14T05:00:23.1498828Z [36;1mecho "Run ID: 18485975669"[0m
shadow	Runner & concurrency guard	2025-10-14T05:00:23.1499317Z [36;1mecho "Run number: 331"[0m
shadow	Runner & concurrency guard	2025-10-14T05:00:23.1499787Z [36;1mecho "Run attempt: 1"[0m
shadow	Runner & concurrency guard	2025-10-14T05:00:23.1500242Z [36;1mecho "---"[0m
shadow	Runner & concurrency guard	2025-10-14T05:00:23.1500686Z [36;1mecho "Workflow: smoke-fast-on-pr"[0m
shadow	Runner & concurrency guard	2025-10-14T05:00:23.1501203Z [36;1mecho "Event: push"[0m
shadow	Runner & concurrency guard	2025-10-14T05:00:23.1502092Z [36;1mecho "Ref: refs/heads/ci/verify-phase3-smoke-fail-20251014_115016"[0m
shadow	Runner & concurrency guard	2025-10-14T05:00:23.1502879Z [36;1mecho "SHA: a47612876f4759741b7063cc9b8517e89a9610b4"[0m
shadow	Runner & concurrency guard	2025-10-14T05:00:23.1503466Z [36;1mecho "Actor: baosang12"[0m
shadow	Runner & concurrency guard	2025-10-14T05:00:23.1503927Z [36;1mecho "---"[0m
shadow	Runner & concurrency guard	2025-10-14T05:00:23.1504766Z [36;1mecho "Concurrency group: workflow-smoke-fast-on-pr-refs/heads/ci/verify-phase3-smoke-fail-20251014_115016"[0m
shadow	Runner & concurrency guard	2025-10-14T05:00:23.1505706Z [36;1mecho "Cancel-in-progress: true"[0m
shadow	Runner & concurrency guard	2025-10-14T05:00:23.1506208Z [36;1mecho "---"[0m
shadow	Runner & concurrency guard	2025-10-14T05:00:23.1506609Z [36;1mecho "Environment: "[0m
shadow	Runner & concurrency guard	2025-10-14T05:00:23.1507356Z [36;1mecho "Job started: $(date -u +%FT%TZ)"[0m
shadow	Runner & concurrency guard	2025-10-14T05:00:23.1507934Z [36;1mecho "========================================"[0m
shadow	Runner & concurrency guard	2025-10-14T05:00:23.1545451Z shell: /usr/bin/bash --noprofile --norc -e -o pipefail {0}
shadow	Runner & concurrency guard	2025-10-14T05:00:23.1546406Z ##[endgroup]
shadow	Runner & concurrency guard	2025-10-14T05:00:23.1672771Z === Runner & Concurrency Diagnostics ===
shadow	Runner & concurrency guard	2025-10-14T05:00:23.1673752Z Runner name: GitHub Actions 1000002982
shadow	Runner & concurrency guard	2025-10-14T05:00:23.1674601Z Runner OS: Linux
shadow	Runner & concurrency guard	2025-10-14T05:00:23.1675192Z Runner arch: X64
shadow	Runner & concurrency guard	2025-10-14T05:00:23.1675869Z Runner temp: /home/runner/work/_temp
shadow	Runner & concurrency guard	2025-10-14T05:00:23.1676781Z Runner tool cache: /opt/hostedtoolcache
shadow	Runner & concurrency guard	2025-10-14T05:00:23.1677560Z ---
shadow	Runner & concurrency guard	2025-10-14T05:00:23.1677941Z Job ID: shadow
shadow	Runner & concurrency guard	2025-10-14T05:00:23.1678333Z Run ID: 18485975669
shadow	Runner & concurrency guard	2025-10-14T05:00:23.1678723Z Run number: 331
shadow	Runner & concurrency guard	2025-10-14T05:00:23.1679092Z Run attempt: 1
shadow	Runner & concurrency guard	2025-10-14T05:00:23.1679448Z ---
shadow	Runner & concurrency guard	2025-10-14T05:00:23.1679797Z Workflow: smoke-fast-on-pr
shadow	Runner & concurrency guard	2025-10-14T05:00:23.1680228Z Event: push
shadow	Runner & concurrency guard	2025-10-14T05:00:23.1680702Z Ref: refs/heads/ci/verify-phase3-smoke-fail-20251014_115016
shadow	Runner & concurrency guard	2025-10-14T05:00:23.1681363Z SHA: a47612876f4759741b7063cc9b8517e89a9610b4
shadow	Runner & concurrency guard	2025-10-14T05:00:23.1682150Z Actor: baosang12
shadow	Runner & concurrency guard	2025-10-14T05:00:23.1682544Z ---
shadow	Runner & concurrency guard	2025-10-14T05:00:23.1683260Z Concurrency group: workflow-smoke-fast-on-pr-refs/heads/ci/verify-phase3-smoke-fail-20251014_115016
shadow	Runner & concurrency guard	2025-10-14T05:00:23.1684119Z Cancel-in-progress: true
shadow	Runner & concurrency guard	2025-10-14T05:00:23.1684529Z ---
shadow	Runner & concurrency guard	2025-10-14T05:00:23.1684854Z Environment: 
shadow	Runner & concurrency guard	2025-10-14T05:00:23.1685265Z Job started: 2025-10-14T05:00:23Z
shadow	Runner & concurrency guard	2025-10-14T05:00:23.1685713Z ========================================
shadow	Run actions/checkout@v4	∩╗┐2025-10-14T05:00:23.1843576Z ##[group]Run actions/checkout@v4
shadow	Run actions/checkout@v4	2025-10-14T05:00:23.1844138Z with:
shadow	Run actions/checkout@v4	2025-10-14T05:00:23.1844504Z   repository: baosang12/BotG
shadow	Run actions/checkout@v4	2025-10-14T05:00:23.1845122Z   token: ***
shadow	Run actions/checkout@v4	2025-10-14T05:00:23.1845490Z   ssh-strict: true
shadow	Run actions/checkout@v4	2025-10-14T05:00:23.1845871Z   ssh-user: git
shadow	Run actions/checkout@v4	2025-10-14T05:00:23.1846260Z   persist-credentials: true
shadow	Run actions/checkout@v4	2025-10-14T05:00:23.1846687Z   clean: true
shadow	Run actions/checkout@v4	2025-10-14T05:00:23.1847085Z   sparse-checkout-cone-mode: true
shadow	Run actions/checkout@v4	2025-10-14T05:00:23.1847580Z   fetch-depth: 1
shadow	Run actions/checkout@v4	2025-10-14T05:00:23.1847963Z   fetch-tags: false
shadow	Run actions/checkout@v4	2025-10-14T05:00:23.1848347Z   show-progress: true
shadow	Run actions/checkout@v4	2025-10-14T05:00:23.1848734Z   lfs: false
shadow	Run actions/checkout@v4	2025-10-14T05:00:23.1849091Z   submodules: false
shadow	Run actions/checkout@v4	2025-10-14T05:00:23.1849545Z   set-safe-directory: true
shadow	Run actions/checkout@v4	2025-10-14T05:00:23.1849961Z ##[endgroup]
shadow	Run actions/checkout@v4	2025-10-14T05:00:23.2903325Z Syncing repository: baosang12/BotG
shadow	Run actions/checkout@v4	2025-10-14T05:00:23.2905029Z ##[group]Getting Git version info
shadow	Run actions/checkout@v4	2025-10-14T05:00:23.2905669Z Working directory is '/home/runner/work/BotG/BotG'
shadow	Run actions/checkout@v4	2025-10-14T05:00:23.2906530Z [command]/usr/bin/git version
shadow	Run actions/checkout@v4	2025-10-14T05:00:23.3012624Z git version 2.51.0
shadow	Run actions/checkout@v4	2025-10-14T05:00:23.3038462Z ##[endgroup]
shadow	Run actions/checkout@v4	2025-10-14T05:00:23.3052401Z Temporarily overriding HOME='/home/runner/work/_temp/20765eb9-0cfe-46e7-8a9b-229368d1f49b' before making global git config changes
shadow	Run actions/checkout@v4	2025-10-14T05:00:23.3064744Z Adding repository directory to the temporary git global config as a safe directory
shadow	Run actions/checkout@v4	2025-10-14T05:00:23.3065854Z [command]/usr/bin/git config --global --add safe.directory /home/runner/work/BotG/BotG
shadow	Run actions/checkout@v4	2025-10-14T05:00:23.3102990Z Deleting the contents of '/home/runner/work/BotG/BotG'
shadow	Run actions/checkout@v4	2025-10-14T05:00:23.3106383Z ##[group]Initializing the repository
shadow	Run actions/checkout@v4	2025-10-14T05:00:23.3110343Z [command]/usr/bin/git init /home/runner/work/BotG/BotG
shadow	Run actions/checkout@v4	2025-10-14T05:00:23.3231200Z hint: Using 'master' as the name for the initial branch. This default branch name
shadow	Run actions/checkout@v4	2025-10-14T05:00:23.3232557Z hint: is subject to change. To configure the initial branch name to use in all
shadow	Run actions/checkout@v4	2025-10-14T05:00:23.3233615Z hint: of your new repositories, which will suppress this warning, call:
shadow	Run actions/checkout@v4	2025-10-14T05:00:23.3234436Z hint:
shadow	Run actions/checkout@v4	2025-10-14T05:00:23.3234976Z hint: 	git config --global init.defaultBranch <name>
shadow	Run actions/checkout@v4	2025-10-14T05:00:23.3235641Z hint:
shadow	Run actions/checkout@v4	2025-10-14T05:00:23.3236276Z hint: Names commonly chosen instead of 'master' are 'main', 'trunk' and
shadow	Run actions/checkout@v4	2025-10-14T05:00:23.3237804Z hint: 'development'. The just-created branch can be renamed via this command:
shadow	Run actions/checkout@v4	2025-10-14T05:00:23.3238971Z hint:
shadow	Run actions/checkout@v4	2025-10-14T05:00:23.3239406Z hint: 	git branch -m <name>
shadow	Run actions/checkout@v4	2025-10-14T05:00:23.3239917Z hint:
shadow	Run actions/checkout@v4	2025-10-14T05:00:23.3240606Z hint: Disable this message with "git config set advice.defaultBranchName false"
shadow	Run actions/checkout@v4	2025-10-14T05:00:23.3241734Z Initialized empty Git repository in /home/runner/work/BotG/BotG/.git/
shadow	Run actions/checkout@v4	2025-10-14T05:00:23.3248913Z [command]/usr/bin/git remote add origin https://github.com/baosang12/BotG
shadow	Run actions/checkout@v4	2025-10-14T05:00:23.3290261Z ##[endgroup]
shadow	Run actions/checkout@v4	2025-10-14T05:00:23.3291436Z ##[group]Disabling automatic garbage collection
shadow	Run actions/checkout@v4	2025-10-14T05:00:23.3295718Z [command]/usr/bin/git config --local gc.auto 0
shadow	Run actions/checkout@v4	2025-10-14T05:00:23.3330125Z ##[endgroup]
shadow	Run actions/checkout@v4	2025-10-14T05:00:23.3331308Z ##[group]Setting up auth
shadow	Run actions/checkout@v4	2025-10-14T05:00:23.3338731Z [command]/usr/bin/git config --local --name-only --get-regexp core\.sshCommand
shadow	Run actions/checkout@v4	2025-10-14T05:00:23.3377930Z [command]/usr/bin/git submodule foreach --recursive sh -c "git config --local --name-only --get-regexp 'core\.sshCommand' && git config --local --unset-all 'core.sshCommand' || :"
shadow	Run actions/checkout@v4	2025-10-14T05:00:23.3801581Z [command]/usr/bin/git config --local --name-only --get-regexp http\.https\:\/\/github\.com\/\.extraheader
shadow	Run actions/checkout@v4	2025-10-14T05:00:23.3838972Z [command]/usr/bin/git submodule foreach --recursive sh -c "git config --local --name-only --get-regexp 'http\.https\:\/\/github\.com\/\.extraheader' && git config --local --unset-all 'http.https://github.com/.extraheader' || :"
shadow	Run actions/checkout@v4	2025-10-14T05:00:23.4097509Z [command]/usr/bin/git config --local http.https://github.com/.extraheader AUTHORIZATION: basic ***
shadow	Run actions/checkout@v4	2025-10-14T05:00:23.4135029Z ##[endgroup]
shadow	Run actions/checkout@v4	2025-10-14T05:00:23.4135788Z ##[group]Fetching the repository
shadow	Run actions/checkout@v4	2025-10-14T05:00:23.4152872Z [command]/usr/bin/git -c protocol.version=2 fetch --no-tags --prune --no-recurse-submodules --depth=1 origin +a47612876f4759741b7063cc9b8517e89a9610b4:refs/remotes/origin/ci/verify-phase3-smoke-fail-20251014_115016
shadow	Run actions/checkout@v4	2025-10-14T05:00:25.3891217Z From https://github.com/baosang12/BotG
shadow	Run actions/checkout@v4	2025-10-14T05:00:25.3893685Z  * [new ref]         a47612876f4759741b7063cc9b8517e89a9610b4 -> origin/ci/verify-phase3-smoke-fail-20251014_115016
shadow	Run actions/checkout@v4	2025-10-14T05:00:25.3924760Z ##[endgroup]
shadow	Run actions/checkout@v4	2025-10-14T05:00:25.3925529Z ##[group]Determining the checkout info
shadow	Run actions/checkout@v4	2025-10-14T05:00:25.3926794Z ##[endgroup]
shadow	Run actions/checkout@v4	2025-10-14T05:00:25.3931779Z [command]/usr/bin/git sparse-checkout disable
shadow	Run actions/checkout@v4	2025-10-14T05:00:25.3973706Z [command]/usr/bin/git config --local --unset-all extensions.worktreeConfig
shadow	Run actions/checkout@v4	2025-10-14T05:00:25.4002020Z ##[group]Checking out the ref
shadow	Run actions/checkout@v4	2025-10-14T05:00:25.4006415Z [command]/usr/bin/git checkout --progress --force -B ci/verify-phase3-smoke-fail-20251014_115016 refs/remotes/origin/ci/verify-phase3-smoke-fail-20251014_115016
shadow	Run actions/checkout@v4	2025-10-14T05:00:26.2148344Z Switched to a new branch 'ci/verify-phase3-smoke-fail-20251014_115016'
shadow	Run actions/checkout@v4	2025-10-14T05:00:26.2150003Z branch 'ci/verify-phase3-smoke-fail-20251014_115016' set up to track 'origin/ci/verify-phase3-smoke-fail-20251014_115016'.
shadow	Run actions/checkout@v4	2025-10-14T05:00:26.2191669Z ##[endgroup]
shadow	Run actions/checkout@v4	2025-10-14T05:00:26.2232214Z [command]/usr/bin/git log -1 --format=%H
shadow	Run actions/checkout@v4	2025-10-14T05:00:26.2253922Z a47612876f4759741b7063cc9b8517e89a9610b4
shadow	Start event	∩╗┐2025-10-14T05:00:26.2380152Z ##[group]Run mkdir -p .botg
shadow	Start event	2025-10-14T05:00:26.2380569Z [36;1mmkdir -p .botg[0m
shadow	Start event	2025-10-14T05:00:26.2381331Z [36;1mecho '{"ts":"'"$(date -u +%FT%TZ)"'","run_id":'18485975669',"pr":'0',"stage":"shadow","level":"info","msg":"start","kv":{"sha":"a47612876f4759741b7063cc9b8517e89a9610b4","actor":"baosang12","runner":"GitHub Actions 1000002982"}}' >> .botg/events.jsonl[0m
shadow	Start event	2025-10-14T05:00:26.2416700Z shell: /usr/bin/bash -e {0}
shadow	Start event	2025-10-14T05:00:26.2417005Z ##[endgroup]
shadow	Run shadow tests (fast)	∩╗┐2025-10-14T05:00:26.2520207Z ##[group]Run set -e
shadow	Run shadow tests (fast)	2025-10-14T05:00:26.2520529Z [36;1mset -e[0m
shadow	Run shadow tests (fast)	2025-10-14T05:00:26.2520780Z [36;1mecho "TODO: Implement shadow tests"[0m
shadow	Run shadow tests (fast)	2025-10-14T05:00:26.2521199Z [36;1mecho '{"status":"PASS","reason":"not_implemented"}' > .botg/status.json[0m
shadow	Run shadow tests (fast)	2025-10-14T05:00:26.2552378Z shell: /usr/bin/bash --noprofile --norc -e -o pipefail {0}
shadow	Run shadow tests (fast)	2025-10-14T05:00:26.2552782Z ##[endgroup]
shadow	Run shadow tests (fast)	2025-10-14T05:00:26.2600837Z TODO: Implement shadow tests
shadow	Force failure probe	∩╗┐2025-10-14T05:00:26.2632231Z ##[group]Run exit 1
shadow	Force failure probe	2025-10-14T05:00:26.2632553Z [36;1mexit 1[0m
shadow	Force failure probe	2025-10-14T05:00:26.2661639Z shell: /usr/bin/bash -e {0}
shadow	Force failure probe	2025-10-14T05:00:26.2662169Z ##[endgroup]
shadow	Force failure probe	2025-10-14T05:00:26.2720417Z ##[error]Process completed with exit code 1.
shadow	Classify results	∩╗┐2025-10-14T05:00:26.2765308Z ##[group]Run set -e
shadow	Classify results	2025-10-14T05:00:26.2765619Z [36;1mset -e[0m
shadow	Classify results	2025-10-14T05:00:26.2765858Z [36;1mcat .botg/status.json[0m
shadow	Classify results	2025-10-14T05:00:26.2795872Z shell: /usr/bin/bash --noprofile --norc -e -o pipefail {0}
shadow	Classify results	2025-10-14T05:00:26.2796254Z ##[endgroup]
shadow	Classify results	2025-10-14T05:00:26.2854873Z {"status":"PASS","reason":"not_implemented"}
shadow	Decide & log	∩╗┐2025-10-14T05:00:26.2961731Z ##[group]Run set -e
shadow	Decide & log	2025-10-14T05:00:26.2962323Z [36;1mset -e[0m
shadow	Decide & log	2025-10-14T05:00:26.2962597Z [36;1mSTATUS=$(jq -r .status < .botg/status.json)[0m
shadow	Decide & log	2025-10-14T05:00:26.2963001Z [36;1mREASON=$(jq -r .reason < .botg/status.json)[0m
shadow	Decide & log	2025-10-14T05:00:26.2963378Z [36;1mRETRY_OK="false"[0m
shadow	Decide & log	2025-10-14T05:00:26.2963619Z [36;1m[0m
shadow	Decide & log	2025-10-14T05:00:26.2963854Z [36;1mecho "status=$STATUS" >> $GITHUB_OUTPUT[0m
shadow	Decide & log	2025-10-14T05:00:26.2964206Z [36;1mecho "reason=$REASON" >> $GITHUB_OUTPUT[0m
shadow	Decide & log	2025-10-14T05:00:26.2964544Z [36;1mecho "retry_ok=$RETRY_OK" >> $GITHUB_OUTPUT[0m
shadow	Decide & log	2025-10-14T05:00:26.2965178Z [36;1mecho '{"ts":"'"$(date -u +%FT%TZ)"'","run_id":'18485975669',"pr":'0',"stage":"decide","level":"info","msg":"conclusion","kv":{"status":"'"$STATUS"'","reason":"'"$REASON"'"}}' >> .botg/events.jsonl[0m
shadow	Decide & log	2025-10-14T05:00:26.2997925Z shell: /usr/bin/bash --noprofile --norc -e -o pipefail {0}
shadow	Decide & log	2025-10-14T05:00:26.2998293Z env:
shadow	Decide & log	2025-10-14T05:00:26.2998921Z   GH_TOKEN: ***
shadow	Decide & log	2025-10-14T05:00:26.2999155Z ##[endgroup]
shadow	Upload events	∩╗┐2025-10-14T05:00:26.3208806Z ##[group]Run actions/upload-artifact@v4
shadow	Upload events	2025-10-14T05:00:26.3209161Z with:
shadow	Upload events	2025-10-14T05:00:26.3209400Z   name: workflow-events-18485975669
shadow	Upload events	2025-10-14T05:00:26.3209682Z   path: .botg/events.jsonl
shadow	Upload events	2025-10-14T05:00:26.3209944Z   retention-days: 7
shadow	Upload events	2025-10-14T05:00:26.3210176Z   if-no-files-found: warn
shadow	Upload events	2025-10-14T05:00:26.3210420Z   compression-level: 6
shadow	Upload events	2025-10-14T05:00:26.3210663Z   overwrite: false
shadow	Upload events	2025-10-14T05:00:26.3210900Z   include-hidden-files: false
shadow	Upload events	2025-10-14T05:00:26.3211155Z ##[endgroup]
shadow	Upload events	2025-10-14T05:00:26.5394903Z With the provided path, there will be 1 file uploaded
shadow	Upload events	2025-10-14T05:00:26.5400485Z Artifact name is valid!
shadow	Upload events	2025-10-14T05:00:26.5401690Z Root directory input is valid!
shadow	Upload events	2025-10-14T05:00:26.7029848Z Beginning upload of artifact content to blob storage
shadow	Upload events	2025-10-14T05:00:26.8683337Z Uploaded bytes 361
shadow	Upload events	2025-10-14T05:00:26.9127714Z Finished uploading artifact content to blob storage!
shadow	Upload events	2025-10-14T05:00:26.9131196Z SHA256 digest of uploaded artifact zip is 2759dd49d5ddef30c1e76b258f7a265f97645c86e4a28e1603efbaccfd62f277
shadow	Upload events	2025-10-14T05:00:26.9133027Z Finalizing artifact upload
shadow	Upload events	2025-10-14T05:00:27.0117861Z Artifact workflow-events-18485975669.zip successfully finalized. Artifact ID 4261357053
shadow	Upload events	2025-10-14T05:00:27.0119287Z Artifact workflow-events-18485975669 has been successfully uploaded! Final size is 361 bytes. Artifact ID is 4261357053
shadow	Upload events	2025-10-14T05:00:27.0126763Z Artifact download URL: https://github.com/baosang12/BotG/actions/runs/18485975669/artifacts/4261357053
shadow	Post Run actions/checkout@v4	∩╗┐2025-10-14T05:00:27.0274393Z Post job cleanup.
shadow	Post Run actions/checkout@v4	2025-10-14T05:00:27.1199085Z [command]/usr/bin/git version
shadow	Post Run actions/checkout@v4	2025-10-14T05:00:27.1236252Z git version 2.51.0
shadow	Post Run actions/checkout@v4	2025-10-14T05:00:27.1278845Z Temporarily overriding HOME='/home/runner/work/_temp/36b3a6df-158a-46a8-9411-0717bd651dd4' before making global git config changes
shadow	Post Run actions/checkout@v4	2025-10-14T05:00:27.1279886Z Adding repository directory to the temporary git global config as a safe directory
shadow	Post Run actions/checkout@v4	2025-10-14T05:00:27.1284318Z [command]/usr/bin/git config --global --add safe.directory /home/runner/work/BotG/BotG
shadow	Post Run actions/checkout@v4	2025-10-14T05:00:27.1320329Z [command]/usr/bin/git config --local --name-only --get-regexp core\.sshCommand
shadow	Post Run actions/checkout@v4	2025-10-14T05:00:27.1352857Z [command]/usr/bin/git submodule foreach --recursive sh -c "git config --local --name-only --get-regexp 'core\.sshCommand' && git config --local --unset-all 'core.sshCommand' || :"
shadow	Post Run actions/checkout@v4	2025-10-14T05:00:27.1592986Z [command]/usr/bin/git config --local --name-only --get-regexp http\.https\:\/\/github\.com\/\.extraheader
shadow	Post Run actions/checkout@v4	2025-10-14T05:00:27.1613333Z http.https://github.com/.extraheader
shadow	Post Run actions/checkout@v4	2025-10-14T05:00:27.1625678Z [command]/usr/bin/git config --local --unset-all http.https://github.com/.extraheader
shadow	Post Run actions/checkout@v4	2025-10-14T05:00:27.1656341Z [command]/usr/bin/git submodule foreach --recursive sh -c "git config --local --name-only --get-regexp 'http\.https\:\/\/github\.com\/\.extraheader' && git config --local --unset-all 'http.https://github.com/.extraheader' || :"
shadow	Complete job	∩╗┐2025-10-14T05:00:27.1987837Z Evaluate and set job outputs
shadow	Complete job	2025-10-14T05:00:27.1994740Z Set output 'status'
shadow	Complete job	2025-10-14T05:00:27.1996378Z Set output 'reason'
shadow	Complete job	2025-10-14T05:00:27.1997035Z Set output 'retry_ok'
shadow	Complete job	2025-10-14T05:00:27.1997690Z Cleaning up orphan processes
