shadow	Set up job	∩╗┐2025-10-14T02:31:56.1040184Z Current runner version: '2.328.0'
shadow	Set up job	2025-10-14T02:31:56.1063435Z ##[group]Runner Image Provisioner
shadow	Set up job	2025-10-14T02:31:56.1064270Z Hosted Compute Agent
shadow	Set up job	2025-10-14T02:31:56.1064814Z Version: 20250912.392
shadow	Set up job	2025-10-14T02:31:56.1065427Z Commit: d921fda672a98b64f4f82364647e2f10b2267d0b
shadow	Set up job	2025-10-14T02:31:56.1066126Z Build Date: 2025-09-12T15:23:14Z
shadow	Set up job	2025-10-14T02:31:56.1066706Z ##[endgroup]
shadow	Set up job	2025-10-14T02:31:56.1067260Z ##[group]Operating System
shadow	Set up job	2025-10-14T02:31:56.1067834Z Ubuntu
shadow	Set up job	2025-10-14T02:31:56.1068277Z 24.04.3
shadow	Set up job	2025-10-14T02:31:56.1068774Z LTS
shadow	Set up job	2025-10-14T02:31:56.1069239Z ##[endgroup]
shadow	Set up job	2025-10-14T02:31:56.1069975Z ##[group]Runner Image
shadow	Set up job	2025-10-14T02:31:56.1070555Z Image: ubuntu-24.04
shadow	Set up job	2025-10-14T02:31:56.1071183Z Version: 20250929.60.1
shadow	Set up job	2025-10-14T02:31:56.1072210Z Included Software: https://github.com/actions/runner-images/blob/ubuntu24/20250929.60/images/ubuntu/Ubuntu2404-Readme.md
shadow	Set up job	2025-10-14T02:31:56.1073526Z Image Release: https://github.com/actions/runner-images/releases/tag/ubuntu24%2F20250929.60
shadow	Set up job	2025-10-14T02:31:56.1074752Z ##[endgroup]
shadow	Set up job	2025-10-14T02:31:56.1077250Z ##[group]GITHUB_TOKEN Permissions
shadow	Set up job	2025-10-14T02:31:56.1079128Z Actions: write
shadow	Set up job	2025-10-14T02:31:56.1079678Z Attestations: write
shadow	Set up job	2025-10-14T02:31:56.1080447Z Checks: write
shadow	Set up job	2025-10-14T02:31:56.1080944Z Contents: write
shadow	Set up job	2025-10-14T02:31:56.1081453Z Deployments: write
shadow	Set up job	2025-10-14T02:31:56.1082030Z Discussions: write
shadow	Set up job	2025-10-14T02:31:56.1082540Z Issues: write
shadow	Set up job	2025-10-14T02:31:56.1083010Z Metadata: read
shadow	Set up job	2025-10-14T02:31:56.1083601Z Models: read
shadow	Set up job	2025-10-14T02:31:56.1084098Z Packages: write
shadow	Set up job	2025-10-14T02:31:56.1084668Z Pages: write
shadow	Set up job	2025-10-14T02:31:56.1085206Z PullRequests: write
shadow	Set up job	2025-10-14T02:31:56.1085804Z RepositoryProjects: write
shadow	Set up job	2025-10-14T02:31:56.1086373Z SecurityEvents: write
shadow	Set up job	2025-10-14T02:31:56.1087066Z Statuses: write
shadow	Set up job	2025-10-14T02:31:56.1087630Z ##[endgroup]
shadow	Set up job	2025-10-14T02:31:56.1089579Z Secret source: Actions
shadow	Set up job	2025-10-14T02:31:56.1090658Z Prepare workflow directory
shadow	Set up job	2025-10-14T02:31:56.1401745Z Prepare all required actions
shadow	Set up job	2025-10-14T02:31:56.1444135Z Getting action download info
shadow	Set up job	2025-10-14T02:31:56.5794416Z Download action repository 'actions/checkout@v4' (SHA:08eba0b27e820071cde6df949e0beb9ba4906955)
shadow	Set up job	2025-10-14T02:31:56.7611081Z Download action repository 'actions/upload-artifact@v4' (SHA:ea165f8d65b6e75b540449e92b4886f43607fa02)
shadow	Set up job	2025-10-14T02:31:56.9447000Z Complete job name: shadow
shadow	Runner & concurrency guard	∩╗┐2025-10-14T02:31:57.0078355Z ##[group]Run echo "=== Runner & Concurrency Diagnostics ==="
shadow	Runner & concurrency guard	2025-10-14T02:31:57.0079141Z [36;1mecho "=== Runner & Concurrency Diagnostics ==="[0m
shadow	Runner & concurrency guard	2025-10-14T02:31:57.0079957Z [36;1mecho "Runner name: GitHub Actions 1000002920"[0m
shadow	Runner & concurrency guard	2025-10-14T02:31:57.0080543Z [36;1mecho "Runner OS: Linux"[0m
shadow	Runner & concurrency guard	2025-10-14T02:31:57.0081026Z [36;1mecho "Runner arch: X64"[0m
shadow	Runner & concurrency guard	2025-10-14T02:31:57.0081557Z [36;1mecho "Runner temp: /home/runner/work/_temp"[0m
shadow	Runner & concurrency guard	2025-10-14T02:31:57.0082184Z [36;1mecho "Runner tool cache: /opt/hostedtoolcache"[0m
shadow	Runner & concurrency guard	2025-10-14T02:31:57.0082753Z [36;1mecho "---"[0m
shadow	Runner & concurrency guard	2025-10-14T02:31:57.0083173Z [36;1mecho "Job ID: shadow"[0m
shadow	Runner & concurrency guard	2025-10-14T02:31:57.0083646Z [36;1mecho "Run ID: 18483661521"[0m
shadow	Runner & concurrency guard	2025-10-14T02:31:57.0084138Z [36;1mecho "Run number: 311"[0m
shadow	Runner & concurrency guard	2025-10-14T02:31:57.0084611Z [36;1mecho "Run attempt: 1"[0m
shadow	Runner & concurrency guard	2025-10-14T02:31:57.0085072Z [36;1mecho "---"[0m
shadow	Runner & concurrency guard	2025-10-14T02:31:57.0085537Z [36;1mecho "Workflow: smoke-fast-on-pr"[0m
shadow	Runner & concurrency guard	2025-10-14T02:31:57.0086063Z [36;1mecho "Event: push"[0m
shadow	Runner & concurrency guard	2025-10-14T02:31:57.0086661Z [36;1mecho "Ref: refs/heads/ci/verify-phase2-20251014_092942"[0m
shadow	Runner & concurrency guard	2025-10-14T02:31:57.0087465Z [36;1mecho "SHA: 7dd91bbbfb72b934607926db363ba29a8a003326"[0m
shadow	Runner & concurrency guard	2025-10-14T02:31:57.0088074Z [36;1mecho "Actor: baosang12"[0m
shadow	Runner & concurrency guard	2025-10-14T02:31:57.0088540Z [36;1mecho "---"[0m
shadow	Runner & concurrency guard	2025-10-14T02:31:57.0089305Z [36;1mecho "Concurrency group: workflow-smoke-fast-on-pr-refs/heads/ci/verify-phase2-20251014_092942"[0m
shadow	Runner & concurrency guard	2025-10-14T02:31:57.0090278Z [36;1mecho "Cancel-in-progress: true"[0m
shadow	Runner & concurrency guard	2025-10-14T02:31:57.0090786Z [36;1mecho "---"[0m
shadow	Runner & concurrency guard	2025-10-14T02:31:57.0091225Z [36;1mecho "Environment: "[0m
shadow	Runner & concurrency guard	2025-10-14T02:31:57.0091772Z [36;1mecho "Job started: $(date -u +%FT%TZ)"[0m
shadow	Runner & concurrency guard	2025-10-14T02:31:57.0092599Z [36;1mecho "========================================"[0m
shadow	Runner & concurrency guard	2025-10-14T02:31:57.0129235Z shell: /usr/bin/bash --noprofile --norc -e -o pipefail {0}
shadow	Runner & concurrency guard	2025-10-14T02:31:57.0130329Z ##[endgroup]
shadow	Runner & concurrency guard	2025-10-14T02:31:57.0252438Z === Runner & Concurrency Diagnostics ===
shadow	Runner & concurrency guard	2025-10-14T02:31:57.0253391Z Runner name: GitHub Actions 1000002920
shadow	Runner & concurrency guard	2025-10-14T02:31:57.0253934Z Runner OS: Linux
shadow	Runner & concurrency guard	2025-10-14T02:31:57.0254328Z Runner arch: X64
shadow	Runner & concurrency guard	2025-10-14T02:31:57.0254854Z Runner temp: /home/runner/work/_temp
shadow	Runner & concurrency guard	2025-10-14T02:31:57.0255712Z Runner tool cache: /opt/hostedtoolcache
shadow	Runner & concurrency guard	2025-10-14T02:31:57.0256481Z ---
shadow	Runner & concurrency guard	2025-10-14T02:31:57.0256854Z Job ID: shadow
shadow	Runner & concurrency guard	2025-10-14T02:31:57.0257224Z Run ID: 18483661521
shadow	Runner & concurrency guard	2025-10-14T02:31:57.0257610Z Run number: 311
shadow	Runner & concurrency guard	2025-10-14T02:31:57.0258095Z Run attempt: 1
shadow	Runner & concurrency guard	2025-10-14T02:31:57.0258475Z ---
shadow	Runner & concurrency guard	2025-10-14T02:31:57.0258839Z Workflow: smoke-fast-on-pr
shadow	Runner & concurrency guard	2025-10-14T02:31:57.0259328Z Event: push
shadow	Runner & concurrency guard	2025-10-14T02:31:57.0259935Z Ref: refs/heads/ci/verify-phase2-20251014_092942
shadow	Runner & concurrency guard	2025-10-14T02:31:57.0260566Z SHA: 7dd91bbbfb72b934607926db363ba29a8a003326
shadow	Runner & concurrency guard	2025-10-14T02:31:57.0261112Z Actor: baosang12
shadow	Runner & concurrency guard	2025-10-14T02:31:57.0261525Z ---
shadow	Runner & concurrency guard	2025-10-14T02:31:57.0262202Z Concurrency group: workflow-smoke-fast-on-pr-refs/heads/ci/verify-phase2-20251014_092942
shadow	Runner & concurrency guard	2025-10-14T02:31:57.0262987Z Cancel-in-progress: true
shadow	Runner & concurrency guard	2025-10-14T02:31:57.0263413Z ---
shadow	Runner & concurrency guard	2025-10-14T02:31:57.0263749Z Environment: 
shadow	Runner & concurrency guard	2025-10-14T02:31:57.0264141Z Job started: 2025-10-14T02:31:57Z
shadow	Runner & concurrency guard	2025-10-14T02:31:57.0264599Z ========================================
shadow	Run actions/checkout@v4	∩╗┐2025-10-14T02:31:57.0417418Z ##[group]Run actions/checkout@v4
shadow	Run actions/checkout@v4	2025-10-14T02:31:57.0417950Z with:
shadow	Run actions/checkout@v4	2025-10-14T02:31:57.0418334Z   repository: baosang12/BotG
shadow	Run actions/checkout@v4	2025-10-14T02:31:57.0418945Z   token: ***
shadow	Run actions/checkout@v4	2025-10-14T02:31:57.0419322Z   ssh-strict: true
shadow	Run actions/checkout@v4	2025-10-14T02:31:57.0419716Z   ssh-user: git
shadow	Run actions/checkout@v4	2025-10-14T02:31:57.0420266Z   persist-credentials: true
shadow	Run actions/checkout@v4	2025-10-14T02:31:57.0420712Z   clean: true
shadow	Run actions/checkout@v4	2025-10-14T02:31:57.0421110Z   sparse-checkout-cone-mode: true
shadow	Run actions/checkout@v4	2025-10-14T02:31:57.0421610Z   fetch-depth: 1
shadow	Run actions/checkout@v4	2025-10-14T02:31:57.0421979Z   fetch-tags: false
shadow	Run actions/checkout@v4	2025-10-14T02:31:57.0422371Z   show-progress: true
shadow	Run actions/checkout@v4	2025-10-14T02:31:57.0422759Z   lfs: false
shadow	Run actions/checkout@v4	2025-10-14T02:31:57.0423124Z   submodules: false
shadow	Run actions/checkout@v4	2025-10-14T02:31:57.0423583Z   set-safe-directory: true
shadow	Run actions/checkout@v4	2025-10-14T02:31:57.0424002Z ##[endgroup]
shadow	Run actions/checkout@v4	2025-10-14T02:31:57.1484374Z Syncing repository: baosang12/BotG
shadow	Run actions/checkout@v4	2025-10-14T02:31:57.1486069Z ##[group]Getting Git version info
shadow	Run actions/checkout@v4	2025-10-14T02:31:57.1486856Z Working directory is '/home/runner/work/BotG/BotG'
shadow	Run actions/checkout@v4	2025-10-14T02:31:57.1487736Z [command]/usr/bin/git version
shadow	Run actions/checkout@v4	2025-10-14T02:31:57.1568981Z git version 2.51.0
shadow	Run actions/checkout@v4	2025-10-14T02:31:57.1594481Z ##[endgroup]
shadow	Run actions/checkout@v4	2025-10-14T02:31:57.1607941Z Temporarily overriding HOME='/home/runner/work/_temp/5cbfccca-03ed-4779-8365-e5e99aefeeb4' before making global git config changes
shadow	Run actions/checkout@v4	2025-10-14T02:31:57.1609296Z Adding repository directory to the temporary git global config as a safe directory
shadow	Run actions/checkout@v4	2025-10-14T02:31:57.1613379Z [command]/usr/bin/git config --global --add safe.directory /home/runner/work/BotG/BotG
shadow	Run actions/checkout@v4	2025-10-14T02:31:57.1658555Z Deleting the contents of '/home/runner/work/BotG/BotG'
shadow	Run actions/checkout@v4	2025-10-14T02:31:57.1662866Z ##[group]Initializing the repository
shadow	Run actions/checkout@v4	2025-10-14T02:31:57.1668510Z [command]/usr/bin/git init /home/runner/work/BotG/BotG
shadow	Run actions/checkout@v4	2025-10-14T02:31:57.1769680Z hint: Using 'master' as the name for the initial branch. This default branch name
shadow	Run actions/checkout@v4	2025-10-14T02:31:57.1771500Z hint: is subject to change. To configure the initial branch name to use in all
shadow	Run actions/checkout@v4	2025-10-14T02:31:57.1773028Z hint: of your new repositories, which will suppress this warning, call:
shadow	Run actions/checkout@v4	2025-10-14T02:31:57.1774153Z hint:
shadow	Run actions/checkout@v4	2025-10-14T02:31:57.1774886Z hint: 	git config --global init.defaultBranch <name>
shadow	Run actions/checkout@v4	2025-10-14T02:31:57.1775734Z hint:
shadow	Run actions/checkout@v4	2025-10-14T02:31:57.1776312Z hint: Names commonly chosen instead of 'master' are 'main', 'trunk' and
shadow	Run actions/checkout@v4	2025-10-14T02:31:57.1777202Z hint: 'development'. The just-created branch can be renamed via this command:
shadow	Run actions/checkout@v4	2025-10-14T02:31:57.1777892Z hint:
shadow	Run actions/checkout@v4	2025-10-14T02:31:57.1778255Z hint: 	git branch -m <name>
shadow	Run actions/checkout@v4	2025-10-14T02:31:57.1778902Z hint:
shadow	Run actions/checkout@v4	2025-10-14T02:31:57.1779472Z hint: Disable this message with "git config set advice.defaultBranchName false"
shadow	Run actions/checkout@v4	2025-10-14T02:31:57.1780668Z Initialized empty Git repository in /home/runner/work/BotG/BotG/.git/
shadow	Run actions/checkout@v4	2025-10-14T02:31:57.1790761Z [command]/usr/bin/git remote add origin https://github.com/baosang12/BotG
shadow	Run actions/checkout@v4	2025-10-14T02:31:57.1829524Z ##[endgroup]
shadow	Run actions/checkout@v4	2025-10-14T02:31:57.1830541Z ##[group]Disabling automatic garbage collection
shadow	Run actions/checkout@v4	2025-10-14T02:31:57.1835564Z [command]/usr/bin/git config --local gc.auto 0
shadow	Run actions/checkout@v4	2025-10-14T02:31:57.1868237Z ##[endgroup]
shadow	Run actions/checkout@v4	2025-10-14T02:31:57.1868981Z ##[group]Setting up auth
shadow	Run actions/checkout@v4	2025-10-14T02:31:57.1878935Z [command]/usr/bin/git config --local --name-only --get-regexp core\.sshCommand
shadow	Run actions/checkout@v4	2025-10-14T02:31:57.1914111Z [command]/usr/bin/git submodule foreach --recursive sh -c "git config --local --name-only --get-regexp 'core\.sshCommand' && git config --local --unset-all 'core.sshCommand' || :"
shadow	Run actions/checkout@v4	2025-10-14T02:31:57.2260467Z [command]/usr/bin/git config --local --name-only --get-regexp http\.https\:\/\/github\.com\/\.extraheader
shadow	Run actions/checkout@v4	2025-10-14T02:31:57.2290406Z [command]/usr/bin/git submodule foreach --recursive sh -c "git config --local --name-only --get-regexp 'http\.https\:\/\/github\.com\/\.extraheader' && git config --local --unset-all 'http.https://github.com/.extraheader' || :"
shadow	Run actions/checkout@v4	2025-10-14T02:31:57.2507056Z [command]/usr/bin/git config --local http.https://github.com/.extraheader AUTHORIZATION: basic ***
shadow	Run actions/checkout@v4	2025-10-14T02:31:57.2539198Z ##[endgroup]
shadow	Run actions/checkout@v4	2025-10-14T02:31:57.2555504Z ##[group]Fetching the repository
shadow	Run actions/checkout@v4	2025-10-14T02:31:57.2558419Z [command]/usr/bin/git -c protocol.version=2 fetch --no-tags --prune --no-recurse-submodules --depth=1 origin +7dd91bbbfb72b934607926db363ba29a8a003326:refs/remotes/origin/ci/verify-phase2-20251014_092942
shadow	Run actions/checkout@v4	2025-10-14T02:31:59.2507867Z From https://github.com/baosang12/BotG
shadow	Run actions/checkout@v4	2025-10-14T02:31:59.2509136Z  * [new ref]         7dd91bbbfb72b934607926db363ba29a8a003326 -> origin/ci/verify-phase2-20251014_092942
shadow	Run actions/checkout@v4	2025-10-14T02:31:59.2549436Z ##[endgroup]
shadow	Run actions/checkout@v4	2025-10-14T02:31:59.2550438Z ##[group]Determining the checkout info
shadow	Run actions/checkout@v4	2025-10-14T02:31:59.2551298Z ##[endgroup]
shadow	Run actions/checkout@v4	2025-10-14T02:31:59.2551823Z [command]/usr/bin/git sparse-checkout disable
shadow	Run actions/checkout@v4	2025-10-14T02:31:59.2592137Z [command]/usr/bin/git config --local --unset-all extensions.worktreeConfig
shadow	Run actions/checkout@v4	2025-10-14T02:31:59.2624008Z ##[group]Checking out the ref
shadow	Run actions/checkout@v4	2025-10-14T02:31:59.2627433Z [command]/usr/bin/git checkout --progress --force -B ci/verify-phase2-20251014_092942 refs/remotes/origin/ci/verify-phase2-20251014_092942
shadow	Run actions/checkout@v4	2025-10-14T02:32:00.0656517Z Switched to a new branch 'ci/verify-phase2-20251014_092942'
shadow	Run actions/checkout@v4	2025-10-14T02:32:00.0657889Z branch 'ci/verify-phase2-20251014_092942' set up to track 'origin/ci/verify-phase2-20251014_092942'.
shadow	Run actions/checkout@v4	2025-10-14T02:32:00.0702149Z ##[endgroup]
shadow	Run actions/checkout@v4	2025-10-14T02:32:00.0738514Z [command]/usr/bin/git log -1 --format=%H
shadow	Run actions/checkout@v4	2025-10-14T02:32:00.0759169Z 7dd91bbbfb72b934607926db363ba29a8a003326
shadow	Start event	∩╗┐2025-10-14T02:32:00.0881781Z ##[group]Run mkdir -p .botg
shadow	Start event	2025-10-14T02:32:00.0882406Z [36;1mmkdir -p .botg[0m
shadow	Start event	2025-10-14T02:32:00.0883417Z [36;1mecho '{"ts":"'"$(date -u +%FT%TZ)"'","run_id":'18483661521',"pr":'0',"stage":"shadow","level":"info","msg":"start","kv":{"sha":"7dd91bbbfb72b934607926db363ba29a8a003326","actor":"baosang12","runner":"GitHub Actions 1000002920"}}' >> .botg/events.jsonl[0m
shadow	Start event	2025-10-14T02:32:00.0917564Z shell: /usr/bin/bash -e {0}
shadow	Start event	2025-10-14T02:32:00.0917855Z ##[endgroup]
shadow	Run shadow tests (fast)	∩╗┐2025-10-14T02:32:00.1015555Z ##[group]Run set -e
shadow	Run shadow tests (fast)	2025-10-14T02:32:00.1015862Z [36;1mset -e[0m
shadow	Run shadow tests (fast)	2025-10-14T02:32:00.1016098Z [36;1mecho "TODO: Implement shadow tests"[0m
shadow	Run shadow tests (fast)	2025-10-14T02:32:00.1016506Z [36;1mecho '{"status":"PASS","reason":"not_implemented"}' > .botg/status.json[0m
shadow	Run shadow tests (fast)	2025-10-14T02:32:00.1046408Z shell: /usr/bin/bash --noprofile --norc -e -o pipefail {0}
shadow	Run shadow tests (fast)	2025-10-14T02:32:00.1046774Z ##[endgroup]
shadow	Run shadow tests (fast)	2025-10-14T02:32:00.1094249Z TODO: Implement shadow tests
shadow	Classify results	∩╗┐2025-10-14T02:32:00.1122846Z ##[group]Run set -e
shadow	Classify results	2025-10-14T02:32:00.1123124Z [36;1mset -e[0m
shadow	Classify results	2025-10-14T02:32:00.1123350Z [36;1mcat .botg/status.json[0m
shadow	Classify results	2025-10-14T02:32:00.1153464Z shell: /usr/bin/bash --noprofile --norc -e -o pipefail {0}
shadow	Classify results	2025-10-14T02:32:00.1153853Z ##[endgroup]
shadow	Classify results	2025-10-14T02:32:00.1208685Z {"status":"PASS","reason":"not_implemented"}
shadow	Decide & log	∩╗┐2025-10-14T02:32:00.1244622Z ##[group]Run set -e
shadow	Decide & log	2025-10-14T02:32:00.1244906Z [36;1mset -e[0m
shadow	Decide & log	2025-10-14T02:32:00.1245166Z [36;1mSTATUS=$(jq -r .status < .botg/status.json)[0m
shadow	Decide & log	2025-10-14T02:32:00.1245507Z [36;1mREASON=$(jq -r .reason < .botg/status.json)[0m
shadow	Decide & log	2025-10-14T02:32:00.1245799Z [36;1mRETRY_OK="false"[0m
shadow	Decide & log	2025-10-14T02:32:00.1246026Z [36;1m[0m
shadow	Decide & log	2025-10-14T02:32:00.1246245Z [36;1mecho "status=$STATUS" >> $GITHUB_OUTPUT[0m
shadow	Decide & log	2025-10-14T02:32:00.1246556Z [36;1mecho "reason=$REASON" >> $GITHUB_OUTPUT[0m
shadow	Decide & log	2025-10-14T02:32:00.1246871Z [36;1mecho "retry_ok=$RETRY_OK" >> $GITHUB_OUTPUT[0m
shadow	Decide & log	2025-10-14T02:32:00.1247496Z [36;1mecho '{"ts":"'"$(date -u +%FT%TZ)"'","run_id":'18483661521',"pr":'0',"stage":"decide","level":"info","msg":"conclusion","kv":{"status":"'"$STATUS"'","reason":"'"$REASON"'"}}' >> .botg/events.jsonl[0m
shadow	Decide & log	2025-10-14T02:32:00.1277898Z shell: /usr/bin/bash --noprofile --norc -e -o pipefail {0}
shadow	Decide & log	2025-10-14T02:32:00.1278265Z env:
shadow	Decide & log	2025-10-14T02:32:00.1278771Z   GH_TOKEN: ***
shadow	Decide & log	2025-10-14T02:32:00.1278996Z ##[endgroup]
shadow	Upload events	∩╗┐2025-10-14T02:32:00.1532833Z ##[group]Run actions/upload-artifact@v4
shadow	Upload events	2025-10-14T02:32:00.1533159Z with:
shadow	Upload events	2025-10-14T02:32:00.1533386Z   name: workflow-events-18483661521
shadow	Upload events	2025-10-14T02:32:00.1533661Z   path: .botg/events.jsonl
shadow	Upload events	2025-10-14T02:32:00.1533901Z   retention-days: 7
shadow	Upload events	2025-10-14T02:32:00.1534123Z   if-no-files-found: warn
shadow	Upload events	2025-10-14T02:32:00.1534354Z   compression-level: 6
shadow	Upload events	2025-10-14T02:32:00.1534577Z   overwrite: false
shadow	Upload events	2025-10-14T02:32:00.1534793Z   include-hidden-files: false
shadow	Upload events	2025-10-14T02:32:00.1535040Z ##[endgroup]
shadow	Upload events	2025-10-14T02:32:00.3615202Z With the provided path, there will be 1 file uploaded
shadow	Upload events	2025-10-14T02:32:00.3621313Z Artifact name is valid!
shadow	Upload events	2025-10-14T02:32:00.3622593Z Root directory input is valid!
shadow	Upload events	2025-10-14T02:32:00.6600069Z Beginning upload of artifact content to blob storage
shadow	Upload events	2025-10-14T02:32:00.9920201Z Uploaded bytes 362
shadow	Upload events	2025-10-14T02:32:01.0792458Z Finished uploading artifact content to blob storage!
shadow	Upload events	2025-10-14T02:32:01.0795553Z SHA256 digest of uploaded artifact zip is 42f54571e72d2221c6ed7b5d49d4dcdf9d8a1d02b837f29a2083a9a19c678fba
shadow	Upload events	2025-10-14T02:32:01.0797357Z Finalizing artifact upload
shadow	Upload events	2025-10-14T02:32:01.2252618Z Artifact workflow-events-18483661521.zip successfully finalized. Artifact ID 4260593232
shadow	Upload events	2025-10-14T02:32:01.2254253Z Artifact workflow-events-18483661521 has been successfully uploaded! Final size is 362 bytes. Artifact ID is 4260593232
shadow	Upload events	2025-10-14T02:32:01.2261663Z Artifact download URL: https://github.com/baosang12/BotG/actions/runs/18483661521/artifacts/4260593232
shadow	Post Run actions/checkout@v4	∩╗┐2025-10-14T02:32:01.2412451Z Post job cleanup.
shadow	Post Run actions/checkout@v4	2025-10-14T02:32:01.3326360Z [command]/usr/bin/git version
shadow	Post Run actions/checkout@v4	2025-10-14T02:32:01.3361545Z git version 2.51.0
shadow	Post Run actions/checkout@v4	2025-10-14T02:32:01.3404424Z Temporarily overriding HOME='/home/runner/work/_temp/a6259dd8-24f7-4b42-80a5-2a90ccef405e' before making global git config changes
shadow	Post Run actions/checkout@v4	2025-10-14T02:32:01.3405912Z Adding repository directory to the temporary git global config as a safe directory
shadow	Post Run actions/checkout@v4	2025-10-14T02:32:01.3410823Z [command]/usr/bin/git config --global --add safe.directory /home/runner/work/BotG/BotG
shadow	Post Run actions/checkout@v4	2025-10-14T02:32:01.3445557Z [command]/usr/bin/git config --local --name-only --get-regexp core\.sshCommand
shadow	Post Run actions/checkout@v4	2025-10-14T02:32:01.3477263Z [command]/usr/bin/git submodule foreach --recursive sh -c "git config --local --name-only --get-regexp 'core\.sshCommand' && git config --local --unset-all 'core.sshCommand' || :"
shadow	Post Run actions/checkout@v4	2025-10-14T02:32:01.3705122Z [command]/usr/bin/git config --local --name-only --get-regexp http\.https\:\/\/github\.com\/\.extraheader
shadow	Post Run actions/checkout@v4	2025-10-14T02:32:01.3728208Z http.https://github.com/.extraheader
shadow	Post Run actions/checkout@v4	2025-10-14T02:32:01.3741552Z [command]/usr/bin/git config --local --unset-all http.https://github.com/.extraheader
shadow	Post Run actions/checkout@v4	2025-10-14T02:32:01.3773970Z [command]/usr/bin/git submodule foreach --recursive sh -c "git config --local --name-only --get-regexp 'http\.https\:\/\/github\.com\/\.extraheader' && git config --local --unset-all 'http.https://github.com/.extraheader' || :"
shadow	Complete job	∩╗┐2025-10-14T02:32:01.4094340Z Evaluate and set job outputs
shadow	Complete job	2025-10-14T02:32:01.4101093Z Set output 'status'
shadow	Complete job	2025-10-14T02:32:01.4103203Z Set output 'reason'
shadow	Complete job	2025-10-14T02:32:01.4103561Z Set output 'retry_ok'
shadow	Complete job	2025-10-14T02:32:01.4104156Z Cleaning up orphan processes
