notify	Set up job	∩╗┐2025-10-06T05:55:26.2753040Z Current runner version: '2.328.0'
notify	Set up job	2025-10-06T05:55:26.2786130Z ##[group]Runner Image Provisioner
notify	Set up job	2025-10-06T05:55:26.2787478Z Hosted Compute Agent
notify	Set up job	2025-10-06T05:55:26.2788386Z Version: 20250912.392
notify	Set up job	2025-10-06T05:55:26.2789649Z Commit: d921fda672a98b64f4f82364647e2f10b2267d0b
notify	Set up job	2025-10-06T05:55:26.2790948Z Build Date: 2025-09-12T15:23:14Z
notify	Set up job	2025-10-06T05:55:26.2792004Z ##[endgroup]
notify	Set up job	2025-10-06T05:55:26.2792805Z ##[group]Operating System
notify	Set up job	2025-10-06T05:55:26.2793810Z Ubuntu
notify	Set up job	2025-10-06T05:55:26.2794637Z 24.04.3
notify	Set up job	2025-10-06T05:55:26.2795398Z LTS
notify	Set up job	2025-10-06T05:55:26.2796205Z ##[endgroup]
notify	Set up job	2025-10-06T05:55:26.2797146Z ##[group]Runner Image
notify	Set up job	2025-10-06T05:55:26.2798197Z Image: ubuntu-24.04
notify	Set up job	2025-10-06T05:55:26.2799303Z Version: 20250929.60.1
notify	Set up job	2025-10-06T05:55:26.2801031Z Included Software: https://github.com/actions/runner-images/blob/ubuntu24/20250929.60/images/ubuntu/Ubuntu2404-Readme.md
notify	Set up job	2025-10-06T05:55:26.2803563Z Image Release: https://github.com/actions/runner-images/releases/tag/ubuntu24%2F20250929.60
notify	Set up job	2025-10-06T05:55:26.2805588Z ##[endgroup]
notify	Set up job	2025-10-06T05:55:26.2807505Z ##[group]GITHUB_TOKEN Permissions
notify	Set up job	2025-10-06T05:55:26.2810215Z Contents: read
notify	Set up job	2025-10-06T05:55:26.2811218Z Issues: write
notify	Set up job	2025-10-06T05:55:26.2812124Z Metadata: read
notify	Set up job	2025-10-06T05:55:26.2813009Z ##[endgroup]
notify	Set up job	2025-10-06T05:55:26.2816298Z Secret source: Actions
notify	Set up job	2025-10-06T05:55:26.2817396Z Prepare workflow directory
notify	Set up job	2025-10-06T05:55:26.3530246Z Prepare all required actions
notify	Set up job	2025-10-06T05:55:26.3607987Z Complete job name: notify
notify	Resolve vars (run info)	∩╗┐2025-10-06T05:55:26.4359899Z ##[group]Run set -euo pipefail
notify	Resolve vars (run info)	2025-10-06T05:55:26.4360735Z [36;1mset -euo pipefail[0m
notify	Resolve vars (run info)	2025-10-06T05:55:26.4361462Z [36;1mRUN_ID="${RUN_ID_WR:-$RUN_ID_DISP}"[0m
notify	Resolve vars (run info)	2025-10-06T05:55:26.4362198Z [36;1mRUN_CONC="${RUN_CONC_WR:-$RUN_CONC_DISP}"[0m
notify	Resolve vars (run info)	2025-10-06T05:55:26.4362976Z [36;1mRUN_URL="${RUN_URL_WR:-$RUN_URL_DISP}"[0m
notify	Resolve vars (run info)	2025-10-06T05:55:26.4363723Z [36;1mecho "run_id=$RUN_ID" >> "$GITHUB_OUTPUT"[0m
notify	Resolve vars (run info)	2025-10-06T05:55:26.4364612Z [36;1mecho "run_conc=$RUN_CONC" >> "$GITHUB_OUTPUT"[0m
notify	Resolve vars (run info)	2025-10-06T05:55:26.4365428Z [36;1mecho "run_url=$RUN_URL" >> "$GITHUB_OUTPUT"[0m
notify	Resolve vars (run info)	2025-10-06T05:55:26.4366235Z [36;1mecho "Resolved: id=$RUN_ID conc=$RUN_CONC url=$RUN_URL"[0m
notify	Resolve vars (run info)	2025-10-06T05:55:26.5626819Z shell: /usr/bin/bash --noprofile --norc -e -o pipefail {0}
notify	Resolve vars (run info)	2025-10-06T05:55:26.5628060Z env:
notify	Resolve vars (run info)	2025-10-06T05:55:26.5628800Z   TELEGRAM_BOT_TOKEN: ***
notify	Resolve vars (run info)	2025-10-06T05:55:26.5629941Z   TELEGRAM_CHAT_ID: ***
notify	Resolve vars (run info)	2025-10-06T05:55:26.5630596Z   RUN_ID_WR: 
notify	Resolve vars (run info)	2025-10-06T05:55:26.5631127Z   RUN_CONC_WR: 
notify	Resolve vars (run info)	2025-10-06T05:55:26.5631754Z   RUN_URL_WR: 
notify	Resolve vars (run info)	2025-10-06T05:55:26.5632456Z   RUN_ID_DISP: 18271435765
notify	Resolve vars (run info)	2025-10-06T05:55:26.5633154Z   RUN_CONC_DISP: cancelled
notify	Resolve vars (run info)	2025-10-06T05:55:26.5634041Z   RUN_URL_DISP: https://github.com/baosang12/BotG/actions/runs/18271435765
notify	Resolve vars (run info)	2025-10-06T05:55:26.5634975Z ##[endgroup]
notify	Resolve vars (run info)	2025-10-06T05:55:26.5814590Z Resolved: id=18271435765 conc=cancelled url=https://github.com/baosang12/BotG/actions/runs/18271435765
notify	Telegram notify (if secrets)	∩╗┐2025-10-06T05:55:26.5965404Z ##[group]Run set -euo pipefail
notify	Telegram notify (if secrets)	2025-10-06T05:55:26.5966233Z [36;1mset -euo pipefail[0m
notify	Telegram notify (if secrets)	2025-10-06T05:55:26.5967127Z [36;1mcurl -sS -X POST "https://api.telegram.org/bot${TELEGRAM_BOT_TOKEN}/sendMessage" \[0m
notify	Telegram notify (if secrets)	2025-10-06T05:55:26.5968140Z [36;1m  -d chat_id="${TELEGRAM_CHAT_ID}" \[0m
notify	Telegram notify (if secrets)	2025-10-06T05:55:26.5968816Z [36;1m  --data-urlencode text="$MSG" \[0m
notify	Telegram notify (if secrets)	2025-10-06T05:55:26.5969659Z [36;1m  -d parse_mode=HTML >/dev/null[0m
notify	Telegram notify (if secrets)	2025-10-06T05:55:26.6000260Z shell: /usr/bin/bash -e {0}
notify	Telegram notify (if secrets)	2025-10-06T05:55:26.6000857Z env:
notify	Telegram notify (if secrets)	2025-10-06T05:55:26.6001577Z   TELEGRAM_BOT_TOKEN: ***
notify	Telegram notify (if secrets)	2025-10-06T05:55:26.6002233Z   TELEGRAM_CHAT_ID: ***
notify	Telegram notify (if secrets)	2025-10-06T05:55:26.6003354Z   MSG: Γ¥î Gate24h failed
notify	Telegram notify (if secrets)	Repo: baosang12/BotG
notify	Telegram notify (if secrets)	RunID: 18271435765
notify	Telegram notify (if secrets)	Conclusion: cancelled
notify	Telegram notify (if secrets)	URL: https://github.com/baosang12/BotG/actions/runs/18271435765
notify	Telegram notify (if secrets)	
notify	Telegram notify (if secrets)	2025-10-06T05:55:26.6081137Z ##[endgroup]
notify	Complete job	∩╗┐2025-10-06T05:55:26.9074097Z Cleaning up orphan processes
notify	Set up job	∩╗┐2025-10-06T06:04:04.7487660Z Current runner version: '2.328.0'
notify	Set up job	2025-10-06T06:04:04.7512302Z ##[group]Runner Image Provisioner
notify	Set up job	2025-10-06T06:04:04.7513254Z Hosted Compute Agent
notify	Set up job	2025-10-06T06:04:04.7513852Z Version: 20250912.392
notify	Set up job	2025-10-06T06:04:04.7514471Z Commit: d921fda672a98b64f4f82364647e2f10b2267d0b
notify	Set up job	2025-10-06T06:04:04.7515182Z Build Date: 2025-09-12T15:23:14Z
notify	Set up job	2025-10-06T06:04:04.7515805Z ##[endgroup]
notify	Set up job	2025-10-06T06:04:04.7516364Z ##[group]Operating System
notify	Set up job	2025-10-06T06:04:04.7516976Z Ubuntu
notify	Set up job	2025-10-06T06:04:04.7517418Z 24.04.3
notify	Set up job	2025-10-06T06:04:04.7517888Z LTS
notify	Set up job	2025-10-06T06:04:04.7518429Z ##[endgroup]
notify	Set up job	2025-10-06T06:04:04.7518988Z ##[group]Runner Image
notify	Set up job	2025-10-06T06:04:04.7519526Z Image: ubuntu-24.04
notify	Set up job	2025-10-06T06:04:04.7520120Z Version: 20250929.60.1
notify	Set up job	2025-10-06T06:04:04.7521162Z Included Software: https://github.com/actions/runner-images/blob/ubuntu24/20250929.60/images/ubuntu/Ubuntu2404-Readme.md
notify	Set up job	2025-10-06T06:04:04.7522830Z Image Release: https://github.com/actions/runner-images/releases/tag/ubuntu24%2F20250929.60
notify	Set up job	2025-10-06T06:04:04.7524124Z ##[endgroup]
notify	Set up job	2025-10-06T06:04:04.7525301Z ##[group]GITHUB_TOKEN Permissions
notify	Set up job	2025-10-06T06:04:04.7527117Z Contents: read
notify	Set up job	2025-10-06T06:04:04.7527693Z Issues: write
notify	Set up job	2025-10-06T06:04:04.7528360Z Metadata: read
notify	Set up job	2025-10-06T06:04:04.7528851Z ##[endgroup]
notify	Set up job	2025-10-06T06:04:04.7530818Z Secret source: Actions
notify	Set up job	2025-10-06T06:04:04.7531660Z Prepare workflow directory
notify	Set up job	2025-10-06T06:04:04.8086758Z Prepare all required actions
notify	Set up job	2025-10-06T06:04:04.8138973Z Complete job name: notify
notify	Resolve vars (run info)	∩╗┐2025-10-06T06:04:04.8966314Z ##[group]Run set -euo pipefail
notify	Resolve vars (run info)	2025-10-06T06:04:04.8967451Z [36;1mset -euo pipefail[0m
notify	Resolve vars (run info)	2025-10-06T06:04:04.8968689Z [36;1mRUN_ID="${RUN_ID_WR:-$RUN_ID_DISP}"[0m
notify	Resolve vars (run info)	2025-10-06T06:04:04.8969885Z [36;1mRUN_CONC="${RUN_CONC_WR:-$RUN_CONC_DISP}"[0m
notify	Resolve vars (run info)	2025-10-06T06:04:04.8971108Z [36;1mRUN_URL="${RUN_URL_WR:-$RUN_URL_DISP}"[0m
notify	Resolve vars (run info)	2025-10-06T06:04:04.8972758Z [36;1mecho "run_id=$RUN_ID" >> "$GITHUB_OUTPUT"[0m
notify	Resolve vars (run info)	2025-10-06T06:04:04.8974116Z [36;1mecho "run_conc=$RUN_CONC" >> "$GITHUB_OUTPUT"[0m
notify	Resolve vars (run info)	2025-10-06T06:04:04.8975448Z [36;1mecho "run_url=$RUN_URL" >> "$GITHUB_OUTPUT"[0m
notify	Resolve vars (run info)	2025-10-06T06:04:04.8976926Z [36;1mecho "Resolved: id=$RUN_ID conc=$RUN_CONC url=$RUN_URL"[0m
notify	Resolve vars (run info)	2025-10-06T06:04:05.0563058Z shell: /usr/bin/bash --noprofile --norc -e -o pipefail {0}
notify	Resolve vars (run info)	2025-10-06T06:04:05.0564180Z env:
notify	Resolve vars (run info)	2025-10-06T06:04:05.0564911Z   TELEGRAM_BOT_TOKEN: ***
notify	Resolve vars (run info)	2025-10-06T06:04:05.0565569Z   TELEGRAM_CHAT_ID: ***
notify	Resolve vars (run info)	2025-10-06T06:04:05.0566161Z   RUN_ID_WR: 
notify	Resolve vars (run info)	2025-10-06T06:04:05.0566645Z   RUN_CONC_WR: 
notify	Resolve vars (run info)	2025-10-06T06:04:05.0567153Z   RUN_URL_WR: 
notify	Resolve vars (run info)	2025-10-06T06:04:05.0567789Z   RUN_ID_DISP: 18271456813
notify	Resolve vars (run info)	2025-10-06T06:04:05.0568366Z   RUN_CONC_DISP: failure
notify	Resolve vars (run info)	2025-10-06T06:04:05.0569132Z   RUN_URL_DISP: https://github.com/baosang12/BotG/actions/runs/18271456813
notify	Resolve vars (run info)	2025-10-06T06:04:05.0570015Z ##[endgroup]
notify	Resolve vars (run info)	2025-10-06T06:04:05.0750424Z Resolved: id=18271456813 conc=failure url=https://github.com/baosang12/BotG/actions/runs/18271456813
notify	Telegram notify (if secrets)	∩╗┐2025-10-06T06:04:05.0900637Z ##[group]Run set -euo pipefail
notify	Telegram notify (if secrets)	2025-10-06T06:04:05.0901361Z [36;1mset -euo pipefail[0m
notify	Telegram notify (if secrets)	2025-10-06T06:04:05.0902445Z [36;1mcurl -sS -X POST "https://api.telegram.org/bot${TELEGRAM_BOT_TOKEN}/sendMessage" \[0m
notify	Telegram notify (if secrets)	2025-10-06T06:04:05.0903500Z [36;1m  -d chat_id="${TELEGRAM_CHAT_ID}" \[0m
notify	Telegram notify (if secrets)	2025-10-06T06:04:05.0904161Z [36;1m  --data-urlencode text="$MSG" \[0m
notify	Telegram notify (if secrets)	2025-10-06T06:04:05.0904838Z [36;1m  -d parse_mode=HTML >/dev/null[0m
notify	Telegram notify (if secrets)	2025-10-06T06:04:05.0935428Z shell: /usr/bin/bash -e {0}
notify	Telegram notify (if secrets)	2025-10-06T06:04:05.0936077Z env:
notify	Telegram notify (if secrets)	2025-10-06T06:04:05.0936720Z   TELEGRAM_BOT_TOKEN: ***
notify	Telegram notify (if secrets)	2025-10-06T06:04:05.0937357Z   TELEGRAM_CHAT_ID: ***
notify	Telegram notify (if secrets)	2025-10-06T06:04:05.1004899Z   MSG: Γ¥î Gate24h failed
notify	Telegram notify (if secrets)	Repo: baosang12/BotG
notify	Telegram notify (if secrets)	RunID: 18271456813
notify	Telegram notify (if secrets)	Conclusion: failure
notify	Telegram notify (if secrets)	URL: https://github.com/baosang12/BotG/actions/runs/18271456813
notify	Telegram notify (if secrets)	
notify	Telegram notify (if secrets)	2025-10-06T06:04:05.1006834Z ##[endgroup]
notify	Complete job	∩╗┐2025-10-06T06:04:05.5908889Z Cleaning up orphan processes
