notify	Set up job	∩╗┐2025-10-06T05:55:26.2753040Z Current runner version: '2.328.0'
notify	Set up job	2025-10-06T05:55:26.2786130Z ##[group]Runner Image Provisioner
notify	Set up job	2025-10-06T05:55:26.2787478Z Hosted Compute Agent
notify	Set up job	2025-10-06T05:55:26.2788386Z Version: 20250912.392
notify	Set up job	2025-10-06T05:55:26.2789649Z Commit: d921fda672a98b64f4f82364647e2f10b2267d0b
notify	Set up job	2025-10-06T05:55:26.2790948Z Build Date: 2025-09-12T15:23:14Z
notify	Set up job	2025-10-06T05:55:26.2792004Z ##[endgroup]
notify	Set up job	2025-10-06T05:55:26.2792805Z ##[group]Operating System
notify	Set up job	2025-10-06T05:55:26.2793810Z Ubuntu
notify	Set up job	2025-10-06T05:55:26.2794637Z 24.04.3
notify	Set up job	2025-10-06T05:55:26.2795398Z LTS
notify	Set up job	2025-10-06T05:55:26.2796205Z ##[endgroup]
notify	Set up job	2025-10-06T05:55:26.2797146Z ##[group]Runner Image
notify	Set up job	2025-10-06T05:55:26.2798197Z Image: ubuntu-24.04
notify	Set up job	2025-10-06T05:55:26.2799303Z Version: 20250929.60.1
notify	Set up job	2025-10-06T05:55:26.2801031Z Included Software: https://github.com/actions/runner-images/blob/ubuntu24/20250929.60/images/ubuntu/Ubuntu2404-Readme.md
notify	Set up job	2025-10-06T05:55:26.2803563Z Image Release: https://github.com/actions/runner-images/releases/tag/ubuntu24%2F20250929.60
notify	Set up job	2025-10-06T05:55:26.2805588Z ##[endgroup]
notify	Set up job	2025-10-06T05:55:26.2807505Z ##[group]GITHUB_TOKEN Permissions
notify	Set up job	2025-10-06T05:55:26.2810215Z Contents: read
notify	Set up job	2025-10-06T05:55:26.2811218Z Issues: write
notify	Set up job	2025-10-06T05:55:26.2812124Z Metadata: read
notify	Set up job	2025-10-06T05:55:26.2813009Z ##[endgroup]
notify	Set up job	2025-10-06T05:55:26.2816298Z Secret source: Actions
notify	Set up job	2025-10-06T05:55:26.2817396Z Prepare workflow directory
notify	Set up job	2025-10-06T05:55:26.3530246Z Prepare all required actions
notify	Set up job	2025-10-06T05:55:26.3607987Z Complete job name: notify
notify	Resolve vars (run info)	∩╗┐2025-10-06T05:55:26.4359899Z ##[group]Run set -euo pipefail
notify	Resolve vars (run info)	2025-10-06T05:55:26.4360735Z [36;1mset -euo pipefail[0m
notify	Resolve vars (run info)	2025-10-06T05:55:26.4361462Z [36;1mRUN_ID="${RUN_ID_WR:-$RUN_ID_DISP}"[0m
notify	Resolve vars (run info)	2025-10-06T05:55:26.4362198Z [36;1mRUN_CONC="${RUN_CONC_WR:-$RUN_CONC_DISP}"[0m
notify	Resolve vars (run info)	2025-10-06T05:55:26.4362976Z [36;1mRUN_URL="${RUN_URL_WR:-$RUN_URL_DISP}"[0m
notify	Resolve vars (run info)	2025-10-06T05:55:26.4363723Z [36;1mecho "run_id=$RUN_ID" >> "$GITHUB_OUTPUT"[0m
notify	Resolve vars (run info)	2025-10-06T05:55:26.4364612Z [36;1mecho "run_conc=$RUN_CONC" >> "$GITHUB_OUTPUT"[0m
notify	Resolve vars (run info)	2025-10-06T05:55:26.4365428Z [36;1mecho "run_url=$RUN_URL" >> "$GITHUB_OUTPUT"[0m
notify	Resolve vars (run info)	2025-10-06T05:55:26.4366235Z [36;1mecho "Resolved: id=$RUN_ID conc=$RUN_CONC url=$RUN_URL"[0m
notify	Resolve vars (run info)	2025-10-06T05:55:26.5626819Z shell: /usr/bin/bash --noprofile --norc -e -o pipefail {0}
notify	Resolve vars (run info)	2025-10-06T05:55:26.5628060Z env:
notify	Resolve vars (run info)	2025-10-06T05:55:26.5628800Z   TELEGRAM_BOT_TOKEN: ***
notify	Resolve vars (run info)	2025-10-06T05:55:26.5629941Z   TELEGRAM_CHAT_ID: ***
notify	Resolve vars (run info)	2025-10-06T05:55:26.5630596Z   RUN_ID_WR: 
notify	Resolve vars (run info)	2025-10-06T05:55:26.5631127Z   RUN_CONC_WR: 
notify	Resolve vars (run info)	2025-10-06T05:55:26.5631754Z   RUN_URL_WR: 
notify	Resolve vars (run info)	2025-10-06T05:55:26.5632456Z   RUN_ID_DISP: 18271435765
notify	Resolve vars (run info)	2025-10-06T05:55:26.5633154Z   RUN_CONC_DISP: cancelled
notify	Resolve vars (run info)	2025-10-06T05:55:26.5634041Z   RUN_URL_DISP: https://github.com/baosang12/BotG/actions/runs/18271435765
notify	Resolve vars (run info)	2025-10-06T05:55:26.5634975Z ##[endgroup]
notify	Resolve vars (run info)	2025-10-06T05:55:26.5814590Z Resolved: id=18271435765 conc=cancelled url=https://github.com/baosang12/BotG/actions/runs/18271435765
notify	Telegram notify (if secrets)	∩╗┐2025-10-06T05:55:26.5965404Z ##[group]Run set -euo pipefail
notify	Telegram notify (if secrets)	2025-10-06T05:55:26.5966233Z [36;1mset -euo pipefail[0m
notify	Telegram notify (if secrets)	2025-10-06T05:55:26.5967127Z [36;1mcurl -sS -X POST "https://api.telegram.org/bot${TELEGRAM_BOT_TOKEN}/sendMessage" \[0m
notify	Telegram notify (if secrets)	2025-10-06T05:55:26.5968140Z [36;1m  -d chat_id="${TELEGRAM_CHAT_ID}" \[0m
notify	Telegram notify (if secrets)	2025-10-06T05:55:26.5968816Z [36;1m  --data-urlencode text="$MSG" \[0m
notify	Telegram notify (if secrets)	2025-10-06T05:55:26.5969659Z [36;1m  -d parse_mode=HTML >/dev/null[0m
notify	Telegram notify (if secrets)	2025-10-06T05:55:26.6000260Z shell: /usr/bin/bash -e {0}
notify	Telegram notify (if secrets)	2025-10-06T05:55:26.6000857Z env:
notify	Telegram notify (if secrets)	2025-10-06T05:55:26.6001577Z   TELEGRAM_BOT_TOKEN: ***
notify	Telegram notify (if secrets)	2025-10-06T05:55:26.6002233Z   TELEGRAM_CHAT_ID: ***
notify	Telegram notify (if secrets)	2025-10-06T05:55:26.6003354Z   MSG: Γ¥î Gate24h failed
notify	Telegram notify (if secrets)	Repo: baosang12/BotG
notify	Telegram notify (if secrets)	RunID: 18271435765
notify	Telegram notify (if secrets)	Conclusion: cancelled
notify	Telegram notify (if secrets)	URL: https://github.com/baosang12/BotG/actions/runs/18271435765
notify	Telegram notify (if secrets)	
notify	Telegram notify (if secrets)	2025-10-06T05:55:26.6081137Z ##[endgroup]
notify	Complete job	∩╗┐2025-10-06T05:55:26.9074097Z Cleaning up orphan processes
notify	Set up job	∩╗┐2025-10-06T06:04:04.7487660Z Current runner version: '2.328.0'
notify	Set up job	2025-10-06T06:04:04.7512302Z ##[group]Runner Image Provisioner
notify	Set up job	2025-10-06T06:04:04.7513254Z Hosted Compute Agent
notify	Set up job	2025-10-06T06:04:04.7513852Z Version: 20250912.392
notify	Set up job	2025-10-06T06:04:04.7514471Z Commit: d921fda672a98b64f4f82364647e2f10b2267d0b
notify	Set up job	2025-10-06T06:04:04.7515182Z Build Date: 2025-09-12T15:23:14Z
notify	Set up job	2025-10-06T06:04:04.7515805Z ##[endgroup]
notify	Set up job	2025-10-06T06:04:04.7516364Z ##[group]Operating System
notify	Set up job	2025-10-06T06:04:04.7516976Z Ubuntu
notify	Set up job	2025-10-06T06:04:04.7517418Z 24.04.3
notify	Set up job	2025-10-06T06:04:04.7517888Z LTS
notify	Set up job	2025-10-06T06:04:04.7518429Z ##[endgroup]
notify	Set up job	2025-10-06T06:04:04.7518988Z ##[group]Runner Image
notify	Set up job	2025-10-06T06:04:04.7519526Z Image: ubuntu-24.04
notify	Set up job	2025-10-06T06:04:04.7520120Z Version: 20250929.60.1
notify	Set up job	2025-10-06T06:04:04.7521162Z Included Software: https://github.com/actions/runner-images/blob/ubuntu24/20250929.60/images/ubuntu/Ubuntu2404-Readme.md
notify	Set up job	2025-10-06T06:04:04.7522830Z Image Release: https://github.com/actions/runner-images/releases/tag/ubuntu24%2F20250929.60
notify	Set up job	2025-10-06T06:04:04.7524124Z ##[endgroup]
notify	Set up job	2025-10-06T06:04:04.7525301Z ##[group]GITHUB_TOKEN Permissions
notify	Set up job	2025-10-06T06:04:04.7527117Z Contents: read
notify	Set up job	2025-10-06T06:04:04.7527693Z Issues: write
notify	Set up job	2025-10-06T06:04:04.7528360Z Metadata: read
notify	Set up job	2025-10-06T06:04:04.7528851Z ##[endgroup]
notify	Set up job	2025-10-06T06:04:04.7530818Z Secret source: Actions
notify	Set up job	2025-10-06T06:04:04.7531660Z Prepare workflow directory
notify	Set up job	2025-10-06T06:04:04.8086758Z Prepare all required actions
notify	Set up job	2025-10-06T06:04:04.8138973Z Complete job name: notify
notify	Resolve vars (run info)	∩╗┐2025-10-06T06:04:04.8966314Z ##[group]Run set -euo pipefail
notify	Resolve vars (run info)	2025-10-06T06:04:04.8967451Z [36;1mset -euo pipefail[0m
notify	Resolve vars (run info)	2025-10-06T06:04:04.8968689Z [36;1mRUN_ID="${RUN_ID_WR:-$RUN_ID_DISP}"[0m
notify	Resolve vars (run info)	2025-10-06T06:04:04.8969885Z [36;1mRUN_CONC="${RUN_CONC_WR:-$RUN_CONC_DISP}"[0m
notify	Resolve vars (run info)	2025-10-06T06:04:04.8971108Z [36;1mRUN_URL="${RUN_URL_WR:-$RUN_URL_DISP}"[0m
notify	Resolve vars (run info)	2025-10-06T06:04:04.8972758Z [36;1mecho "run_id=$RUN_ID" >> "$GITHUB_OUTPUT"[0m
notify	Resolve vars (run info)	2025-10-06T06:04:04.8974116Z [36;1mecho "run_conc=$RUN_CONC" >> "$GITHUB_OUTPUT"[0m
notify	Resolve vars (run info)	2025-10-06T06:04:04.8975448Z [36;1mecho "run_url=$RUN_URL" >> "$GITHUB_OUTPUT"[0m
notify	Resolve vars (run info)	2025-10-06T06:04:04.8976926Z [36;1mecho "Resolved: id=$RUN_ID conc=$RUN_CONC url=$RUN_URL"[0m
notify	Resolve vars (run info)	2025-10-06T06:04:05.0563058Z shell: /usr/bin/bash --noprofile --norc -e -o pipefail {0}
notify	Resolve vars (run info)	2025-10-06T06:04:05.0564180Z env:
notify	Resolve vars (run info)	2025-10-06T06:04:05.0564911Z   TELEGRAM_BOT_TOKEN: ***
notify	Resolve vars (run info)	2025-10-06T06:04:05.0565569Z   TELEGRAM_CHAT_ID: ***
notify	Resolve vars (run info)	2025-10-06T06:04:05.0566161Z   RUN_ID_WR: 
notify	Resolve vars (run info)	2025-10-06T06:04:05.0566645Z   RUN_CONC_WR: 
notify	Resolve vars (run info)	2025-10-06T06:04:05.0567153Z   RUN_URL_WR: 
notify	Resolve vars (run info)	2025-10-06T06:04:05.0567789Z   RUN_ID_DISP: 18271456813
notify	Resolve vars (run info)	2025-10-06T06:04:05.0568366Z   RUN_CONC_DISP: failure
notify	Resolve vars (run info)	2025-10-06T06:04:05.0569132Z   RUN_URL_DISP: https://github.com/baosang12/BotG/actions/runs/18271456813
notify	Resolve vars (run info)	2025-10-06T06:04:05.0570015Z ##[endgroup]
notify	Resolve vars (run info)	2025-10-06T06:04:05.0750424Z Resolved: id=18271456813 conc=failure url=https://github.com/baosang12/BotG/actions/runs/18271456813
notify	Telegram notify (if secrets)	∩╗┐2025-10-06T06:04:05.0900637Z ##[group]Run set -euo pipefail
notify	Telegram notify (if secrets)	2025-10-06T06:04:05.0901361Z [36;1mset -euo pipefail[0m
notify	Telegram notify (if secrets)	2025-10-06T06:04:05.0902445Z [36;1mcurl -sS -X POST "https://api.telegram.org/bot${TELEGRAM_BOT_TOKEN}/sendMessage" \[0m
notify	Telegram notify (if secrets)	2025-10-06T06:04:05.0903500Z [36;1m  -d chat_id="${TELEGRAM_CHAT_ID}" \[0m
notify	Telegram notify (if secrets)	2025-10-06T06:04:05.0904161Z [36;1m  --data-urlencode text="$MSG" \[0m
notify	Telegram notify (if secrets)	2025-10-06T06:04:05.0904838Z [36;1m  -d parse_mode=HTML >/dev/null[0m
notify	Telegram notify (if secrets)	2025-10-06T06:04:05.0935428Z shell: /usr/bin/bash -e {0}
notify	Telegram notify (if secrets)	2025-10-06T06:04:05.0936077Z env:
notify	Telegram notify (if secrets)	2025-10-06T06:04:05.0936720Z   TELEGRAM_BOT_TOKEN: ***
notify	Telegram notify (if secrets)	2025-10-06T06:04:05.0937357Z   TELEGRAM_CHAT_ID: ***
notify	Telegram notify (if secrets)	2025-10-06T06:04:05.1004899Z   MSG: Γ¥î Gate24h failed
notify	Telegram notify (if secrets)	Repo: baosang12/BotG
notify	Telegram notify (if secrets)	RunID: 18271456813
notify	Telegram notify (if secrets)	Conclusion: failure
notify	Telegram notify (if secrets)	URL: https://github.com/baosang12/BotG/actions/runs/18271456813
notify	Telegram notify (if secrets)	
notify	Telegram notify (if secrets)	2025-10-06T06:04:05.1006834Z ##[endgroup]
notify	Complete job	∩╗┐2025-10-06T06:04:05.5908889Z Cleaning up orphan processes
notify	Set up job	∩╗┐2025-10-06T06:32:00.7629599Z Current runner version: '2.328.0'
notify	Set up job	2025-10-06T06:32:00.7655040Z ##[group]Runner Image Provisioner
notify	Set up job	2025-10-06T06:32:00.7655956Z Hosted Compute Agent
notify	Set up job	2025-10-06T06:32:00.7656519Z Version: 20250912.392
notify	Set up job	2025-10-06T06:32:00.7657172Z Commit: d921fda672a98b64f4f82364647e2f10b2267d0b
notify	Set up job	2025-10-06T06:32:00.7657925Z Build Date: 2025-09-12T15:23:14Z
notify	Set up job	2025-10-06T06:32:00.7658537Z ##[endgroup]
notify	Set up job	2025-10-06T06:32:00.7659383Z ##[group]Operating System
notify	Set up job	2025-10-06T06:32:00.7660012Z Ubuntu
notify	Set up job	2025-10-06T06:32:00.7660512Z 24.04.3
notify	Set up job	2025-10-06T06:32:00.7660984Z LTS
notify	Set up job	2025-10-06T06:32:00.7661473Z ##[endgroup]
notify	Set up job	2025-10-06T06:32:00.7662046Z ##[group]Runner Image
notify	Set up job	2025-10-06T06:32:00.7662615Z Image: ubuntu-24.04
notify	Set up job	2025-10-06T06:32:00.7663211Z Version: 20250929.60.1
notify	Set up job	2025-10-06T06:32:00.7664209Z Included Software: https://github.com/actions/runner-images/blob/ubuntu24/20250929.60/images/ubuntu/Ubuntu2404-Readme.md
notify	Set up job	2025-10-06T06:32:00.7665597Z Image Release: https://github.com/actions/runner-images/releases/tag/ubuntu24%2F20250929.60
notify	Set up job	2025-10-06T06:32:00.7666841Z ##[endgroup]
notify	Set up job	2025-10-06T06:32:00.7668020Z ##[group]GITHUB_TOKEN Permissions
notify	Set up job	2025-10-06T06:32:00.7670451Z Contents: read
notify	Set up job	2025-10-06T06:32:00.7671000Z Issues: write
notify	Set up job	2025-10-06T06:32:00.7671616Z Metadata: read
notify	Set up job	2025-10-06T06:32:00.7672137Z ##[endgroup]
notify	Set up job	2025-10-06T06:32:00.7674489Z Secret source: Actions
notify	Set up job	2025-10-06T06:32:00.7675368Z Prepare workflow directory
notify	Set up job	2025-10-06T06:32:00.8200853Z Prepare all required actions
notify	Set up job	2025-10-06T06:32:00.8255279Z Complete job name: notify
notify	Resolve vars (run info)	∩╗┐2025-10-06T06:32:00.8860491Z ##[group]Run set -euo pipefail
notify	Resolve vars (run info)	2025-10-06T06:32:00.8861354Z [36;1mset -euo pipefail[0m
notify	Resolve vars (run info)	2025-10-06T06:32:00.8861982Z [36;1mRUN_ID="${RUN_ID_WR:-$RUN_ID_DISP}"[0m
notify	Resolve vars (run info)	2025-10-06T06:32:00.8862680Z [36;1mRUN_CONC="${RUN_CONC_WR:-$RUN_CONC_DISP}"[0m
notify	Resolve vars (run info)	2025-10-06T06:32:00.8863422Z [36;1mRUN_URL="${RUN_URL_WR:-$RUN_URL_DISP}"[0m
notify	Resolve vars (run info)	2025-10-06T06:32:00.8864163Z [36;1mecho "run_id=$RUN_ID" >> "$GITHUB_OUTPUT"[0m
notify	Resolve vars (run info)	2025-10-06T06:32:00.8865042Z [36;1mecho "run_conc=$RUN_CONC" >> "$GITHUB_OUTPUT"[0m
notify	Resolve vars (run info)	2025-10-06T06:32:00.8865880Z [36;1mecho "run_url=$RUN_URL" >> "$GITHUB_OUTPUT"[0m
notify	Resolve vars (run info)	2025-10-06T06:32:00.8866658Z [36;1mecho "Resolved: id=$RUN_ID conc=$RUN_CONC url=$RUN_URL"[0m
notify	Resolve vars (run info)	2025-10-06T06:32:01.0126672Z shell: /usr/bin/bash --noprofile --norc -e -o pipefail {0}
notify	Resolve vars (run info)	2025-10-06T06:32:01.0128226Z env:
notify	Resolve vars (run info)	2025-10-06T06:32:01.0129139Z   TELEGRAM_BOT_TOKEN: ***
notify	Resolve vars (run info)	2025-10-06T06:32:01.0129800Z   TELEGRAM_CHAT_ID: ***
notify	Resolve vars (run info)	2025-10-06T06:32:01.0130405Z   RUN_ID_WR: 
notify	Resolve vars (run info)	2025-10-06T06:32:01.0131101Z   RUN_CONC_WR: 
notify	Resolve vars (run info)	2025-10-06T06:32:01.0131668Z   RUN_URL_WR: 
notify	Resolve vars (run info)	2025-10-06T06:32:01.0132382Z   RUN_ID_DISP: 18272129626
notify	Resolve vars (run info)	2025-10-06T06:32:01.0133027Z   RUN_CONC_DISP: cancelled
notify	Resolve vars (run info)	2025-10-06T06:32:01.0133780Z   RUN_URL_DISP: https://github.com/baosang12/BotG/actions/runs/18272129626
notify	Resolve vars (run info)	2025-10-06T06:32:01.0134544Z ##[endgroup]
notify	Resolve vars (run info)	2025-10-06T06:32:01.0337289Z Resolved: id=18272129626 conc=cancelled url=https://github.com/baosang12/BotG/actions/runs/18272129626
notify	Telegram notify (if secrets)	∩╗┐2025-10-06T06:32:01.0507004Z ##[group]Run set -euo pipefail
notify	Telegram notify (if secrets)	2025-10-06T06:32:01.0507717Z [36;1mset -euo pipefail[0m
notify	Telegram notify (if secrets)	2025-10-06T06:32:01.0508645Z [36;1mcurl -sS -X POST "https://api.telegram.org/bot${TELEGRAM_BOT_TOKEN}/sendMessage" \[0m
notify	Telegram notify (if secrets)	2025-10-06T06:32:01.0509840Z [36;1m  -d chat_id="${TELEGRAM_CHAT_ID}" \[0m
notify	Telegram notify (if secrets)	2025-10-06T06:32:01.0510508Z [36;1m  --data-urlencode text="$MSG" \[0m
notify	Telegram notify (if secrets)	2025-10-06T06:32:01.0511230Z [36;1m  -d parse_mode=HTML >/dev/null[0m
notify	Telegram notify (if secrets)	2025-10-06T06:32:01.0544261Z shell: /usr/bin/bash -e {0}
notify	Telegram notify (if secrets)	2025-10-06T06:32:01.0544944Z env:
notify	Telegram notify (if secrets)	2025-10-06T06:32:01.0545482Z   TELEGRAM_BOT_TOKEN: ***
notify	Telegram notify (if secrets)	2025-10-06T06:32:01.0546182Z   TELEGRAM_CHAT_ID: ***
notify	Telegram notify (if secrets)	2025-10-06T06:32:01.0547386Z   MSG: Γ¥î Gate24h failed
notify	Telegram notify (if secrets)	Repo: baosang12/BotG
notify	Telegram notify (if secrets)	RunID: 18272129626
notify	Telegram notify (if secrets)	Conclusion: cancelled
notify	Telegram notify (if secrets)	URL: https://github.com/baosang12/BotG/actions/runs/18272129626
notify	Telegram notify (if secrets)	
notify	Telegram notify (if secrets)	2025-10-06T06:32:01.0548548Z ##[endgroup]
notify	Complete job	∩╗┐2025-10-06T06:32:01.7490918Z Cleaning up orphan processes
notify	Set up job	∩╗┐2025-10-06T06:33:54.9195082Z Current runner version: '2.328.0'
notify	Set up job	2025-10-06T06:33:54.9220909Z ##[group]Runner Image Provisioner
notify	Set up job	2025-10-06T06:33:54.9221831Z Hosted Compute Agent
notify	Set up job	2025-10-06T06:33:54.9222670Z Version: 20250912.392
notify	Set up job	2025-10-06T06:33:54.9223314Z Commit: d921fda672a98b64f4f82364647e2f10b2267d0b
notify	Set up job	2025-10-06T06:33:54.9224114Z Build Date: 2025-09-12T15:23:14Z
notify	Set up job	2025-10-06T06:33:54.9224761Z ##[endgroup]
notify	Set up job	2025-10-06T06:33:54.9225242Z ##[group]Operating System
notify	Set up job	2025-10-06T06:33:54.9225881Z Ubuntu
notify	Set up job	2025-10-06T06:33:54.9226382Z 24.04.3
notify	Set up job	2025-10-06T06:33:54.9226894Z LTS
notify	Set up job	2025-10-06T06:33:54.9227405Z ##[endgroup]
notify	Set up job	2025-10-06T06:33:54.9227971Z ##[group]Runner Image
notify	Set up job	2025-10-06T06:33:54.9228613Z Image: ubuntu-24.04
notify	Set up job	2025-10-06T06:33:54.9229128Z Version: 20250929.60.1
notify	Set up job	2025-10-06T06:33:54.9230178Z Included Software: https://github.com/actions/runner-images/blob/ubuntu24/20250929.60/images/ubuntu/Ubuntu2404-Readme.md
notify	Set up job	2025-10-06T06:33:54.9231643Z Image Release: https://github.com/actions/runner-images/releases/tag/ubuntu24%2F20250929.60
notify	Set up job	2025-10-06T06:33:54.9232986Z ##[endgroup]
notify	Set up job	2025-10-06T06:33:54.9234221Z ##[group]GITHUB_TOKEN Permissions
notify	Set up job	2025-10-06T06:33:54.9236412Z Contents: read
notify	Set up job	2025-10-06T06:33:54.9237047Z Issues: write
notify	Set up job	2025-10-06T06:33:54.9237576Z Metadata: read
notify	Set up job	2025-10-06T06:33:54.9238144Z ##[endgroup]
notify	Set up job	2025-10-06T06:33:54.9240265Z Secret source: Actions
notify	Set up job	2025-10-06T06:33:54.9241018Z Prepare workflow directory
notify	Set up job	2025-10-06T06:33:54.9955487Z Prepare all required actions
notify	Set up job	2025-10-06T06:33:55.0036170Z Complete job name: notify
notify	Resolve vars (run info)	∩╗┐2025-10-06T06:33:55.0889582Z ##[group]Run set -euo pipefail
notify	Resolve vars (run info)	2025-10-06T06:33:55.0890377Z [36;1mset -euo pipefail[0m
notify	Resolve vars (run info)	2025-10-06T06:33:55.0890977Z [36;1mRUN_ID="${RUN_ID_WR:-$RUN_ID_DISP}"[0m
notify	Resolve vars (run info)	2025-10-06T06:33:55.0891822Z [36;1mRUN_CONC="${RUN_CONC_WR:-$RUN_CONC_DISP}"[0m
notify	Resolve vars (run info)	2025-10-06T06:33:55.0892807Z [36;1mRUN_URL="${RUN_URL_WR:-$RUN_URL_DISP}"[0m
notify	Resolve vars (run info)	2025-10-06T06:33:55.0893648Z [36;1mecho "run_id=$RUN_ID" >> "$GITHUB_OUTPUT"[0m
notify	Resolve vars (run info)	2025-10-06T06:33:55.0894556Z [36;1mecho "run_conc=$RUN_CONC" >> "$GITHUB_OUTPUT"[0m
notify	Resolve vars (run info)	2025-10-06T06:33:55.0895318Z [36;1mecho "run_url=$RUN_URL" >> "$GITHUB_OUTPUT"[0m
notify	Resolve vars (run info)	2025-10-06T06:33:55.0896208Z [36;1mecho "Resolved: id=$RUN_ID conc=$RUN_CONC url=$RUN_URL"[0m
notify	Resolve vars (run info)	2025-10-06T06:33:55.1145069Z shell: /usr/bin/bash --noprofile --norc -e -o pipefail {0}
notify	Resolve vars (run info)	2025-10-06T06:33:55.1146284Z env:
notify	Resolve vars (run info)	2025-10-06T06:33:55.1147113Z   TELEGRAM_BOT_TOKEN: ***
notify	Resolve vars (run info)	2025-10-06T06:33:55.1147744Z   TELEGRAM_CHAT_ID: ***
notify	Resolve vars (run info)	2025-10-06T06:33:55.1148343Z   RUN_ID_WR: 
notify	Resolve vars (run info)	2025-10-06T06:33:55.1148858Z   RUN_CONC_WR: 
notify	Resolve vars (run info)	2025-10-06T06:33:55.1149363Z   RUN_URL_WR: 
notify	Resolve vars (run info)	2025-10-06T06:33:55.1150041Z   RUN_ID_DISP: 18272170303
notify	Resolve vars (run info)	2025-10-06T06:33:55.1150590Z   RUN_CONC_DISP: cancelled
notify	Resolve vars (run info)	2025-10-06T06:33:55.1151367Z   RUN_URL_DISP: https://github.com/baosang12/BotG/actions/runs/18272170303
notify	Resolve vars (run info)	2025-10-06T06:33:55.1152459Z ##[endgroup]
notify	Resolve vars (run info)	2025-10-06T06:33:55.1351274Z Resolved: id=18272170303 conc=cancelled url=https://github.com/baosang12/BotG/actions/runs/18272170303
notify	Telegram notify (if secrets)	∩╗┐2025-10-06T06:33:55.1642973Z ##[group]Run set -euo pipefail
notify	Telegram notify (if secrets)	2025-10-06T06:33:55.1643997Z [36;1mset -euo pipefail[0m
notify	Telegram notify (if secrets)	2025-10-06T06:33:55.1644878Z [36;1mRESP_FILE="/tmp/tg_resp.json"[0m
notify	Telegram notify (if secrets)	2025-10-06T06:33:55.1646573Z [36;1mHTTP=$(curl -sS -o "$RESP_FILE" -w "%{http_code}" -X POST "https://api.telegram.org/bot${TELEGRAM_BOT_TOKEN}/sendMessage" \[0m
notify	Telegram notify (if secrets)	2025-10-06T06:33:55.1648673Z [36;1m       -d "chat_id=${TELEGRAM_CHAT_ID}" --data-urlencode "text=${MSG}" -d "parse_mode=HTML" || echo "000")[0m
notify	Telegram notify (if secrets)	2025-10-06T06:33:55.1650297Z [36;1mecho "http_code=$HTTP" >> "$GITHUB_OUTPUT"[0m
notify	Telegram notify (if secrets)	2025-10-06T06:33:55.1651493Z [36;1mif [ "$HTTP" = "200" ] && grep -q '"ok":true' "$RESP_FILE"; then[0m
notify	Telegram notify (if secrets)	2025-10-06T06:33:55.1652893Z [36;1m  echo "status=ok" >> "$GITHUB_OUTPUT"[0m
notify	Telegram notify (if secrets)	2025-10-06T06:33:55.1653866Z [36;1m  echo "TELEGRAM_HTTP=200"[0m
notify	Telegram notify (if secrets)	2025-10-06T06:33:55.1654695Z [36;1melse[0m
notify	Telegram notify (if secrets)	2025-10-06T06:33:55.1655448Z [36;1m  echo "status=fail" >> "$GITHUB_OUTPUT"[0m
notify	Telegram notify (if secrets)	2025-10-06T06:33:55.1656418Z [36;1m  echo "TELEGRAM_HTTP=$HTTP"[0m
notify	Telegram notify (if secrets)	2025-10-06T06:33:55.1657670Z [36;1m  echo "Telegram response:" && sed -e '1,5!d' "$RESP_FILE" || true[0m
notify	Telegram notify (if secrets)	2025-10-06T06:33:55.1659326Z [36;1mfi[0m
notify	Telegram notify (if secrets)	2025-10-06T06:33:55.1699281Z shell: /usr/bin/bash --noprofile --norc -e -o pipefail {0}
notify	Telegram notify (if secrets)	2025-10-06T06:33:55.1699940Z env:
notify	Telegram notify (if secrets)	2025-10-06T06:33:55.1700460Z   TELEGRAM_BOT_TOKEN: ***
notify	Telegram notify (if secrets)	2025-10-06T06:33:55.1700956Z   TELEGRAM_CHAT_ID: ***
notify	Telegram notify (if secrets)	2025-10-06T06:33:55.1702011Z   MSG: Γ¥î Gate24h failed
notify	Telegram notify (if secrets)	Repo: baosang12/BotG
notify	Telegram notify (if secrets)	RunID: 18272170303
notify	Telegram notify (if secrets)	Conclusion: cancelled
notify	Telegram notify (if secrets)	URL: https://github.com/baosang12/BotG/actions/runs/18272170303
notify	Telegram notify (if secrets)	
notify	Telegram notify (if secrets)	2025-10-06T06:33:55.1703354Z ##[endgroup]
notify	Telegram notify (if secrets)	2025-10-06T06:33:55.4923556Z TELEGRAM_HTTP=404
notify	Telegram notify (if secrets)	2025-10-06T06:33:55.4924689Z Telegram response:
notify	Telegram notify (if secrets)	2025-10-06T06:33:55.4940806Z {"ok":false,"error_code":404,"description":"Not Found"}
notify	Issue alert (fallback)	∩╗┐2025-10-06T06:33:55.4996219Z ##[group]Run set -euo pipefail
notify	Issue alert (fallback)	2025-10-06T06:33:55.4996857Z [36;1mset -euo pipefail[0m
notify	Issue alert (fallback)	2025-10-06T06:33:55.4997542Z [36;1mTITLE="Gate24h alert: run #18272170303 ΓåÆ cancelled"[0m
notify	Issue alert (fallback)	2025-10-06T06:33:55.4998802Z [36;1mBODY="https://github.com/baosang12/BotG/actions/runs/18272170303"[0m
notify	Issue alert (fallback)	2025-10-06T06:33:55.4999843Z [36;1mgh issue create -R "$GITHUB_REPOSITORY" -t "$TITLE" -b "$BODY" -l gate-alert[0m
notify	Issue alert (fallback)	2025-10-06T06:33:55.5034208Z shell: /usr/bin/bash -e {0}
notify	Issue alert (fallback)	2025-10-06T06:33:55.5034801Z env:
notify	Issue alert (fallback)	2025-10-06T06:33:55.5035342Z   TELEGRAM_BOT_TOKEN: ***
notify	Issue alert (fallback)	2025-10-06T06:33:55.5035893Z   TELEGRAM_CHAT_ID: ***
notify	Issue alert (fallback)	2025-10-06T06:33:55.5036532Z   GH_TOKEN: ***
notify	Issue alert (fallback)	2025-10-06T06:33:55.5036969Z ##[endgroup]
notify	Issue alert (fallback)	2025-10-06T06:33:56.0953508Z could not add label: 'gate-alert' not found
notify	Issue alert (fallback)	2025-10-06T06:33:56.0989150Z ##[error]Process completed with exit code 1.
notify	Complete job	∩╗┐2025-10-06T06:33:56.1090442Z Cleaning up orphan processes
notify	Issue alert (fallback)	2025-10-06T06:35:55.0307170Z 
notify	Issue alert (fallback)	2025-10-06T06:35:55.0330882Z Label 'gate-alert' not found. Creating issue without label...
notify	Issue alert (fallback)	2025-10-06T06:35:55.5417153Z https://github.com/baosang12/BotG/issues/215
notify	Verbose summary (ΓëÑ100 lines)	∩╗┐2025-10-06T06:35:55.5472554Z ##[group]Run echo "---- NOTIFY SUMMARY BEGIN ----"
notify	Verbose summary (ΓëÑ100 lines)	2025-10-06T06:35:55.5472988Z [36;1mecho "---- NOTIFY SUMMARY BEGIN ----"[0m
notify	Verbose summary (ΓëÑ100 lines)	2025-10-06T06:35:55.5473288Z [36;1mecho "repo=$GITHUB_REPOSITORY"[0m
notify	Verbose summary (ΓëÑ100 lines)	2025-10-06T06:35:55.5473549Z [36;1mecho "run_id=18272208690"[0m
notify	Verbose summary (ΓëÑ100 lines)	2025-10-06T06:35:55.5473815Z [36;1mecho "conclusion=cancelled"[0m
notify	Verbose summary (ΓëÑ100 lines)	2025-10-06T06:35:55.5474177Z [36;1mecho "url=https://github.com/baosang12/BotG/actions/runs/18272208690"[0m
notify	Verbose summary (ΓëÑ100 lines)	2025-10-06T06:35:55.5474727Z [36;1m# Derive telegram status/http with safe fallbacks (empty when step didn't run)[0m
notify	Verbose summary (ΓëÑ100 lines)	2025-10-06T06:35:55.5475211Z [36;1mTSTAT="fail"; [ -z "$TSTAT" ] && TSTAT="skipped"; echo "telegram_status=$TSTAT"[0m
notify	Verbose summary (ΓëÑ100 lines)	2025-10-06T06:35:55.5475653Z [36;1mTHTTP="404"; [ -z "$THTTP" ] && THTTP="NA"; echo "telegram_http=$THTTP"[0m
notify	Verbose summary (ΓëÑ100 lines)	2025-10-06T06:35:55.5475996Z [36;1mfor i in $(seq 1 90); do[0m
notify	Verbose summary (ΓëÑ100 lines)	2025-10-06T06:35:55.5476295Z [36;1m  echo "keepalive-$i ts=$(date -u +%FT%TZ) run=18272208690"[0m
notify	Verbose summary (ΓëÑ100 lines)	2025-10-06T06:35:55.5476629Z [36;1mdone[0m
notify	Verbose summary (ΓëÑ100 lines)	2025-10-06T06:35:55.5476868Z [36;1mecho "---- NOTIFY SUMMARY END ----"[0m
notify	Verbose summary (ΓëÑ100 lines)	2025-10-06T06:35:55.5510958Z shell: /usr/bin/bash --noprofile --norc -e -o pipefail {0}
notify	Verbose summary (ΓëÑ100 lines)	2025-10-06T06:35:55.5511279Z env:
notify	Verbose summary (ΓëÑ100 lines)	2025-10-06T06:35:55.5511864Z   TELEGRAM_BOT_TOKEN: ***
notify	Verbose summary (ΓëÑ100 lines)	2025-10-06T06:35:55.5512133Z   TELEGRAM_CHAT_ID: ***
notify	Verbose summary (ΓëÑ100 lines)	2025-10-06T06:35:55.5512333Z ##[endgroup]
notify	Verbose summary (ΓëÑ100 lines)	2025-10-06T06:35:55.5562311Z ---- NOTIFY SUMMARY BEGIN ----
notify	Verbose summary (ΓëÑ100 lines)	2025-10-06T06:35:55.5562813Z repo=baosang12/BotG
notify	Verbose summary (ΓëÑ100 lines)	2025-10-06T06:35:55.5563135Z run_id=18272208690
notify	Verbose summary (ΓëÑ100 lines)	2025-10-06T06:35:55.5563454Z conclusion=cancelled
notify	Verbose summary (ΓëÑ100 lines)	2025-10-06T06:35:55.5563932Z url=https://github.com/baosang12/BotG/actions/runs/18272208690
notify	Verbose summary (ΓëÑ100 lines)	2025-10-06T06:35:55.5564470Z telegram_status=fail
notify	Verbose summary (ΓëÑ100 lines)	2025-10-06T06:35:55.5565129Z telegram_http=404
notify	Verbose summary (ΓëÑ100 lines)	2025-10-06T06:35:55.5969783Z keepalive-1 ts=2025-10-06T06:35:55Z run=18272208690
notify	Verbose summary (ΓëÑ100 lines)	2025-10-06T06:35:55.5981495Z keepalive-2 ts=2025-10-06T06:35:55Z run=18272208690
notify	Verbose summary (ΓëÑ100 lines)	2025-10-06T06:35:55.5993497Z keepalive-3 ts=2025-10-06T06:35:55Z run=18272208690
notify	Verbose summary (ΓëÑ100 lines)	2025-10-06T06:35:55.6005347Z keepalive-4 ts=2025-10-06T06:35:55Z run=18272208690
notify	Verbose summary (ΓëÑ100 lines)	2025-10-06T06:35:55.6017045Z keepalive-5 ts=2025-10-06T06:35:55Z run=18272208690
notify	Verbose summary (ΓëÑ100 lines)	2025-10-06T06:35:55.6028613Z keepalive-6 ts=2025-10-06T06:35:55Z run=18272208690
notify	Verbose summary (ΓëÑ100 lines)	2025-10-06T06:35:55.6040263Z keepalive-7 ts=2025-10-06T06:35:55Z run=18272208690
notify	Verbose summary (ΓëÑ100 lines)	2025-10-06T06:35:55.6052163Z keepalive-8 ts=2025-10-06T06:35:55Z run=18272208690
notify	Verbose summary (ΓëÑ100 lines)	2025-10-06T06:35:55.6063807Z keepalive-9 ts=2025-10-06T06:35:55Z run=18272208690
notify	Verbose summary (ΓëÑ100 lines)	2025-10-06T06:35:55.6075758Z keepalive-10 ts=2025-10-06T06:35:55Z run=18272208690
notify	Verbose summary (ΓëÑ100 lines)	2025-10-06T06:35:55.6087434Z keepalive-11 ts=2025-10-06T06:35:55Z run=18272208690
notify	Verbose summary (ΓëÑ100 lines)	2025-10-06T06:35:55.6098957Z keepalive-12 ts=2025-10-06T06:35:55Z run=18272208690
notify	Verbose summary (ΓëÑ100 lines)	2025-10-06T06:35:55.6110398Z keepalive-13 ts=2025-10-06T06:35:55Z run=18272208690
notify	Verbose summary (ΓëÑ100 lines)	2025-10-06T06:35:55.6122064Z keepalive-14 ts=2025-10-06T06:35:55Z run=18272208690
notify	Verbose summary (ΓëÑ100 lines)	2025-10-06T06:35:55.6133988Z keepalive-15 ts=2025-10-06T06:35:55Z run=18272208690
notify	Verbose summary (ΓëÑ100 lines)	2025-10-06T06:35:55.6146162Z keepalive-16 ts=2025-10-06T06:35:55Z run=18272208690
notify	Verbose summary (ΓëÑ100 lines)	2025-10-06T06:35:55.6157738Z keepalive-17 ts=2025-10-06T06:35:55Z run=18272208690
notify	Verbose summary (ΓëÑ100 lines)	2025-10-06T06:35:55.6169293Z keepalive-18 ts=2025-10-06T06:35:55Z run=18272208690
notify	Verbose summary (ΓëÑ100 lines)	2025-10-06T06:35:55.6180796Z keepalive-19 ts=2025-10-06T06:35:55Z run=18272208690
notify	Verbose summary (ΓëÑ100 lines)	2025-10-06T06:35:55.6192707Z keepalive-20 ts=2025-10-06T06:35:55Z run=18272208690
notify	Verbose summary (ΓëÑ100 lines)	2025-10-06T06:35:55.6204094Z keepalive-21 ts=2025-10-06T06:35:55Z run=18272208690
notify	Verbose summary (ΓëÑ100 lines)	2025-10-06T06:35:55.6215763Z keepalive-22 ts=2025-10-06T06:35:55Z run=18272208690
notify	Verbose summary (ΓëÑ100 lines)	2025-10-06T06:35:55.6227289Z keepalive-23 ts=2025-10-06T06:35:55Z run=18272208690
notify	Verbose summary (ΓëÑ100 lines)	2025-10-06T06:35:55.6238734Z keepalive-24 ts=2025-10-06T06:35:55Z run=18272208690
notify	Verbose summary (ΓëÑ100 lines)	2025-10-06T06:35:55.6250585Z keepalive-25 ts=2025-10-06T06:35:55Z run=18272208690
notify	Verbose summary (ΓëÑ100 lines)	2025-10-06T06:35:55.6262190Z keepalive-26 ts=2025-10-06T06:35:55Z run=18272208690
notify	Verbose summary (ΓëÑ100 lines)	2025-10-06T06:35:55.6273635Z keepalive-27 ts=2025-10-06T06:35:55Z run=18272208690
notify	Verbose summary (ΓëÑ100 lines)	2025-10-06T06:35:55.6285245Z keepalive-28 ts=2025-10-06T06:35:55Z run=18272208690
notify	Verbose summary (ΓëÑ100 lines)	2025-10-06T06:35:55.6297500Z keepalive-29 ts=2025-10-06T06:35:55Z run=18272208690
notify	Verbose summary (ΓëÑ100 lines)	2025-10-06T06:35:55.6309076Z keepalive-30 ts=2025-10-06T06:35:55Z run=18272208690
notify	Verbose summary (ΓëÑ100 lines)	2025-10-06T06:35:55.6320555Z keepalive-31 ts=2025-10-06T06:35:55Z run=18272208690
notify	Verbose summary (ΓëÑ100 lines)	2025-10-06T06:35:55.6332098Z keepalive-32 ts=2025-10-06T06:35:55Z run=18272208690
notify	Verbose summary (ΓëÑ100 lines)	2025-10-06T06:35:55.6343581Z keepalive-33 ts=2025-10-06T06:35:55Z run=18272208690
notify	Verbose summary (ΓëÑ100 lines)	2025-10-06T06:35:55.6355373Z keepalive-34 ts=2025-10-06T06:35:55Z run=18272208690
notify	Verbose summary (ΓëÑ100 lines)	2025-10-06T06:35:55.6367065Z keepalive-35 ts=2025-10-06T06:35:55Z run=18272208690
notify	Verbose summary (ΓëÑ100 lines)	2025-10-06T06:35:55.6378423Z keepalive-36 ts=2025-10-06T06:35:55Z run=18272208690
notify	Verbose summary (ΓëÑ100 lines)	2025-10-06T06:35:55.6390042Z keepalive-37 ts=2025-10-06T06:35:55Z run=18272208690
notify	Verbose summary (ΓëÑ100 lines)	2025-10-06T06:35:55.6402358Z keepalive-38 ts=2025-10-06T06:35:55Z run=18272208690
notify	Verbose summary (ΓëÑ100 lines)	2025-10-06T06:35:55.6413759Z keepalive-39 ts=2025-10-06T06:35:55Z run=18272208690
notify	Verbose summary (ΓëÑ100 lines)	2025-10-06T06:35:55.6426137Z keepalive-40 ts=2025-10-06T06:35:55Z run=18272208690
notify	Verbose summary (ΓëÑ100 lines)	2025-10-06T06:35:55.6437671Z keepalive-41 ts=2025-10-06T06:35:55Z run=18272208690
notify	Verbose summary (ΓëÑ100 lines)	2025-10-06T06:35:55.6449214Z keepalive-42 ts=2025-10-06T06:35:55Z run=18272208690
notify	Verbose summary (ΓëÑ100 lines)	2025-10-06T06:35:55.6460648Z keepalive-43 ts=2025-10-06T06:35:55Z run=18272208690
notify	Verbose summary (ΓëÑ100 lines)	2025-10-06T06:35:55.6474478Z keepalive-44 ts=2025-10-06T06:35:55Z run=18272208690
notify	Verbose summary (ΓëÑ100 lines)	2025-10-06T06:35:55.6485071Z keepalive-45 ts=2025-10-06T06:35:55Z run=18272208690
notify	Verbose summary (ΓëÑ100 lines)	2025-10-06T06:35:55.6496576Z keepalive-46 ts=2025-10-06T06:35:55Z run=18272208690
notify	Verbose summary (ΓëÑ100 lines)	2025-10-06T06:35:55.6508093Z keepalive-47 ts=2025-10-06T06:35:55Z run=18272208690
notify	Verbose summary (ΓëÑ100 lines)	2025-10-06T06:35:55.6519635Z keepalive-48 ts=2025-10-06T06:35:55Z run=18272208690
notify	Verbose summary (ΓëÑ100 lines)	2025-10-06T06:35:55.6531141Z keepalive-49 ts=2025-10-06T06:35:55Z run=18272208690
notify	Verbose summary (ΓëÑ100 lines)	2025-10-06T06:35:55.6543049Z keepalive-50 ts=2025-10-06T06:35:55Z run=18272208690
notify	Verbose summary (ΓëÑ100 lines)	2025-10-06T06:35:55.6555268Z keepalive-51 ts=2025-10-06T06:35:55Z run=18272208690
notify	Verbose summary (ΓëÑ100 lines)	2025-10-06T06:35:55.6566722Z keepalive-52 ts=2025-10-06T06:35:55Z run=18272208690
notify	Verbose summary (ΓëÑ100 lines)	2025-10-06T06:35:55.6578123Z keepalive-53 ts=2025-10-06T06:35:55Z run=18272208690
notify	Verbose summary (ΓëÑ100 lines)	2025-10-06T06:35:55.6589713Z keepalive-54 ts=2025-10-06T06:35:55Z run=18272208690
notify	Verbose summary (ΓëÑ100 lines)	2025-10-06T06:35:55.6601684Z keepalive-55 ts=2025-10-06T06:35:55Z run=18272208690
notify	Verbose summary (ΓëÑ100 lines)	2025-10-06T06:35:55.6613541Z keepalive-56 ts=2025-10-06T06:35:55Z run=18272208690
notify	Verbose summary (ΓëÑ100 lines)	2025-10-06T06:35:55.6625239Z keepalive-57 ts=2025-10-06T06:35:55Z run=18272208690
notify	Verbose summary (ΓëÑ100 lines)	2025-10-06T06:35:55.6636744Z keepalive-58 ts=2025-10-06T06:35:55Z run=18272208690
notify	Verbose summary (ΓëÑ100 lines)	2025-10-06T06:35:55.6648014Z keepalive-59 ts=2025-10-06T06:35:55Z run=18272208690
notify	Verbose summary (ΓëÑ100 lines)	2025-10-06T06:35:55.6659471Z keepalive-60 ts=2025-10-06T06:35:55Z run=18272208690
notify	Verbose summary (ΓëÑ100 lines)	2025-10-06T06:35:55.6671572Z keepalive-61 ts=2025-10-06T06:35:55Z run=18272208690
notify	Verbose summary (ΓëÑ100 lines)	2025-10-06T06:35:55.6683445Z keepalive-62 ts=2025-10-06T06:35:55Z run=18272208690
notify	Verbose summary (ΓëÑ100 lines)	2025-10-06T06:35:55.6695324Z keepalive-63 ts=2025-10-06T06:35:55Z run=18272208690
notify	Verbose summary (ΓëÑ100 lines)	2025-10-06T06:35:55.6706762Z keepalive-64 ts=2025-10-06T06:35:55Z run=18272208690
notify	Verbose summary (ΓëÑ100 lines)	2025-10-06T06:35:55.6718404Z keepalive-65 ts=2025-10-06T06:35:55Z run=18272208690
notify	Verbose summary (ΓëÑ100 lines)	2025-10-06T06:35:55.6729901Z keepalive-66 ts=2025-10-06T06:35:55Z run=18272208690
notify	Verbose summary (ΓëÑ100 lines)	2025-10-06T06:35:55.6741255Z keepalive-67 ts=2025-10-06T06:35:55Z run=18272208690
notify	Verbose summary (ΓëÑ100 lines)	2025-10-06T06:35:55.6753068Z keepalive-68 ts=2025-10-06T06:35:55Z run=18272208690
notify	Verbose summary (ΓëÑ100 lines)	2025-10-06T06:35:55.6764797Z keepalive-69 ts=2025-10-06T06:35:55Z run=18272208690
notify	Verbose summary (ΓëÑ100 lines)	2025-10-06T06:35:55.6776274Z keepalive-70 ts=2025-10-06T06:35:55Z run=18272208690
notify	Verbose summary (ΓëÑ100 lines)	2025-10-06T06:35:55.6787605Z keepalive-71 ts=2025-10-06T06:35:55Z run=18272208690
notify	Verbose summary (ΓëÑ100 lines)	2025-10-06T06:35:55.6798945Z keepalive-72 ts=2025-10-06T06:35:55Z run=18272208690
notify	Verbose summary (ΓëÑ100 lines)	2025-10-06T06:35:55.6810252Z keepalive-73 ts=2025-10-06T06:35:55Z run=18272208690
notify	Verbose summary (ΓëÑ100 lines)	2025-10-06T06:35:55.6822715Z keepalive-74 ts=2025-10-06T06:35:55Z run=18272208690
notify	Verbose summary (ΓëÑ100 lines)	2025-10-06T06:35:55.6834349Z keepalive-75 ts=2025-10-06T06:35:55Z run=18272208690
notify	Verbose summary (ΓëÑ100 lines)	2025-10-06T06:35:55.6845891Z keepalive-76 ts=2025-10-06T06:35:55Z run=18272208690
notify	Verbose summary (ΓëÑ100 lines)	2025-10-06T06:35:55.6857575Z keepalive-77 ts=2025-10-06T06:35:55Z run=18272208690
notify	Verbose summary (ΓëÑ100 lines)	2025-10-06T06:35:55.6869056Z keepalive-78 ts=2025-10-06T06:35:55Z run=18272208690
notify	Verbose summary (ΓëÑ100 lines)	2025-10-06T06:35:55.6880614Z keepalive-79 ts=2025-10-06T06:35:55Z run=18272208690
notify	Verbose summary (ΓëÑ100 lines)	2025-10-06T06:35:55.6892514Z keepalive-80 ts=2025-10-06T06:35:55Z run=18272208690
notify	Verbose summary (ΓëÑ100 lines)	2025-10-06T06:35:55.6905155Z keepalive-81 ts=2025-10-06T06:35:55Z run=18272208690
notify	Verbose summary (ΓëÑ100 lines)	2025-10-06T06:35:55.6916768Z keepalive-82 ts=2025-10-06T06:35:55Z run=18272208690
notify	Verbose summary (ΓëÑ100 lines)	2025-10-06T06:35:55.6928241Z keepalive-83 ts=2025-10-06T06:35:55Z run=18272208690
notify	Verbose summary (ΓëÑ100 lines)	2025-10-06T06:35:55.6940239Z keepalive-84 ts=2025-10-06T06:35:55Z run=18272208690
notify	Verbose summary (ΓëÑ100 lines)	2025-10-06T06:35:55.6951631Z keepalive-85 ts=2025-10-06T06:35:55Z run=18272208690
notify	Verbose summary (ΓëÑ100 lines)	2025-10-06T06:35:55.6963132Z keepalive-86 ts=2025-10-06T06:35:55Z run=18272208690
notify	Verbose summary (ΓëÑ100 lines)	2025-10-06T06:35:55.6974563Z keepalive-87 ts=2025-10-06T06:35:55Z run=18272208690
notify	Verbose summary (ΓëÑ100 lines)	2025-10-06T06:35:55.6986054Z keepalive-88 ts=2025-10-06T06:35:55Z run=18272208690
notify	Verbose summary (ΓëÑ100 lines)	2025-10-06T06:35:55.6997492Z keepalive-89 ts=2025-10-06T06:35:55Z run=18272208690
notify	Verbose summary (ΓëÑ100 lines)	2025-10-06T06:35:55.7008864Z keepalive-90 ts=2025-10-06T06:35:55Z run=18272208690
notify	Verbose summary (ΓëÑ100 lines)	2025-10-06T06:35:55.7009457Z ---- NOTIFY SUMMARY END ----
notify	Complete job	∩╗┐2025-10-06T06:35:55.7057693Z Cleaning up orphan processes
notify	Set up job	∩╗┐2025-10-06T06:52:57.2079184Z Current runner version: '2.328.0'
notify	Set up job	2025-10-06T06:52:57.2114888Z ##[group]Runner Image Provisioner
notify	Set up job	2025-10-06T06:52:57.2116083Z Hosted Compute Agent
notify	Set up job	2025-10-06T06:52:57.2117002Z Version: 20250912.392
notify	Set up job	2025-10-06T06:52:57.2118109Z Commit: d921fda672a98b64f4f82364647e2f10b2267d0b
notify	Set up job	2025-10-06T06:52:57.2119230Z Build Date: 2025-09-12T15:23:14Z
notify	Set up job	2025-10-06T06:52:57.2120138Z ##[endgroup]
notify	Set up job	2025-10-06T06:52:57.2121172Z ##[group]Operating System
notify	Set up job	2025-10-06T06:52:57.2122049Z Ubuntu
notify	Set up job	2025-10-06T06:52:57.2122854Z 24.04.3
notify	Set up job	2025-10-06T06:52:57.2123625Z LTS
notify	Set up job	2025-10-06T06:52:57.2124595Z ##[endgroup]
notify	Set up job	2025-10-06T06:52:57.2125511Z ##[group]Runner Image
notify	Set up job	2025-10-06T06:52:57.2126446Z Image: ubuntu-24.04
notify	Set up job	2025-10-06T06:52:57.2127265Z Version: 20250929.60.1
notify	Set up job	2025-10-06T06:52:57.2129084Z Included Software: https://github.com/actions/runner-images/blob/ubuntu24/20250929.60/images/ubuntu/Ubuntu2404-Readme.md
notify	Set up job	2025-10-06T06:52:57.2131493Z Image Release: https://github.com/actions/runner-images/releases/tag/ubuntu24%2F20250929.60
notify	Set up job	2025-10-06T06:52:57.2133515Z ##[endgroup]
notify	Set up job	2025-10-06T06:52:57.2135467Z ##[group]GITHUB_TOKEN Permissions
notify	Set up job	2025-10-06T06:52:57.2137999Z Contents: read
notify	Set up job	2025-10-06T06:52:57.2138867Z Issues: write
notify	Set up job	2025-10-06T06:52:57.2139844Z Metadata: read
notify	Set up job	2025-10-06T06:52:57.2140712Z ##[endgroup]
notify	Set up job	2025-10-06T06:52:57.2143570Z Secret source: Actions
notify	Set up job	2025-10-06T06:52:57.2144964Z Prepare workflow directory
notify	Set up job	2025-10-06T06:52:57.2869362Z Prepare all required actions
notify	Set up job	2025-10-06T06:52:57.2948742Z Complete job name: notify
notify	Resolve vars (run info)	∩╗┐2025-10-06T06:52:57.3818547Z ##[group]Run set -euo pipefail
notify	Resolve vars (run info)	2025-10-06T06:52:57.3819725Z [36;1mset -euo pipefail[0m
notify	Resolve vars (run info)	2025-10-06T06:52:57.3820656Z [36;1mRUN_ID="${RUN_ID_WR:-$RUN_ID_DISP}"[0m
notify	Resolve vars (run info)	2025-10-06T06:52:57.3821993Z [36;1mRUN_CONC="${RUN_CONC_WR:-$RUN_CONC_DISP}"[0m
notify	Resolve vars (run info)	2025-10-06T06:52:57.3823223Z [36;1mRUN_URL="${RUN_URL_WR:-$RUN_URL_DISP}"[0m
notify	Resolve vars (run info)	2025-10-06T06:52:57.3824747Z [36;1mecho "run_id=$RUN_ID" >> "$GITHUB_OUTPUT"[0m
notify	Resolve vars (run info)	2025-10-06T06:52:57.3826170Z [36;1mecho "run_conc=$RUN_CONC" >> "$GITHUB_OUTPUT"[0m
notify	Resolve vars (run info)	2025-10-06T06:52:57.3827360Z [36;1mecho "run_url=$RUN_URL" >> "$GITHUB_OUTPUT"[0m
notify	Resolve vars (run info)	2025-10-06T06:52:57.3828833Z [36;1mecho "Resolved: id=$RUN_ID conc=$RUN_CONC url=$RUN_URL"[0m
notify	Resolve vars (run info)	2025-10-06T06:52:57.4101050Z shell: /usr/bin/bash --noprofile --norc -e -o pipefail {0}
notify	Resolve vars (run info)	2025-10-06T06:52:57.4102916Z env:
notify	Resolve vars (run info)	2025-10-06T06:52:57.4104148Z   TELEGRAM_BOT_TOKEN: ***
notify	Resolve vars (run info)	2025-10-06T06:52:57.4105350Z   TELEGRAM_CHAT_ID: ***
notify	Resolve vars (run info)	2025-10-06T06:52:57.4106262Z   RUN_ID_WR: 18272416305
notify	Resolve vars (run info)	2025-10-06T06:52:57.4107127Z   RUN_CONC_WR: failure
notify	Resolve vars (run info)	2025-10-06T06:52:57.4108592Z   RUN_URL_WR: https://github.com/baosang12/BotG/actions/runs/18272416305
notify	Resolve vars (run info)	2025-10-06T06:52:57.4109810Z   RUN_ID_DISP: 
notify	Resolve vars (run info)	2025-10-06T06:52:57.4110701Z   RUN_CONC_DISP: 
notify	Resolve vars (run info)	2025-10-06T06:52:57.4111652Z   RUN_URL_DISP: 
notify	Resolve vars (run info)	2025-10-06T06:52:57.4112511Z ##[endgroup]
notify	Resolve vars (run info)	2025-10-06T06:52:57.4377436Z Resolved: id=18272416305 conc=failure url=https://github.com/baosang12/BotG/actions/runs/18272416305
notify	Telegram notify (if secrets)	∩╗┐2025-10-06T06:52:57.4662859Z ##[group]Run set -euo pipefail
notify	Telegram notify (if secrets)	2025-10-06T06:52:57.4664107Z [36;1mset -euo pipefail[0m
notify	Telegram notify (if secrets)	2025-10-06T06:52:57.4665431Z [36;1mcurl -sS -X POST "https://api.telegram.org/bot${TELEGRAM_BOT_TOKEN}/sendMessage" \[0m
notify	Telegram notify (if secrets)	2025-10-06T06:52:57.4666896Z [36;1m  -d chat_id="${TELEGRAM_CHAT_ID}" \[0m
notify	Telegram notify (if secrets)	2025-10-06T06:52:57.4667817Z [36;1m  --data-urlencode text="$MSG" \[0m
notify	Telegram notify (if secrets)	2025-10-06T06:52:57.4668765Z [36;1m  -d parse_mode=HTML >/dev/null[0m
notify	Telegram notify (if secrets)	2025-10-06T06:52:57.4705891Z shell: /usr/bin/bash -e {0}
notify	Telegram notify (if secrets)	2025-10-06T06:52:57.4706393Z env:
notify	Telegram notify (if secrets)	2025-10-06T06:52:57.4706856Z   TELEGRAM_BOT_TOKEN: ***
notify	Telegram notify (if secrets)	2025-10-06T06:52:57.4707338Z   TELEGRAM_CHAT_ID: ***
notify	Telegram notify (if secrets)	2025-10-06T06:52:57.4708371Z   MSG: Γ¥î Gate24h failed
notify	Telegram notify (if secrets)	Repo: baosang12/BotG
notify	Telegram notify (if secrets)	RunID: 18272416305
notify	Telegram notify (if secrets)	Conclusion: failure
notify	Telegram notify (if secrets)	URL: https://github.com/baosang12/BotG/actions/runs/18272416305
notify	Telegram notify (if secrets)	
notify	Telegram notify (if secrets)	2025-10-06T06:52:57.4709481Z ##[endgroup]
notify	Complete job	∩╗┐2025-10-06T06:52:57.8502490Z Cleaning up orphan processes
