shadow	Set up job	∩╗┐2025-10-14T03:43:40.5444052Z Current runner version: '2.328.0'
shadow	Set up job	2025-10-14T03:43:40.5513928Z ##[group]Runner Image Provisioner
shadow	Set up job	2025-10-14T03:43:40.5515119Z Hosted Compute Agent
shadow	Set up job	2025-10-14T03:43:40.5515961Z Version: 20250912.392
shadow	Set up job	2025-10-14T03:43:40.5517010Z Commit: d921fda672a98b64f4f82364647e2f10b2267d0b
shadow	Set up job	2025-10-14T03:43:40.5518073Z Build Date: 2025-09-12T15:23:14Z
shadow	Set up job	2025-10-14T03:43:40.5519002Z ##[endgroup]
shadow	Set up job	2025-10-14T03:43:40.5520079Z ##[group]Operating System
shadow	Set up job	2025-10-14T03:43:40.5521017Z Ubuntu
shadow	Set up job	2025-10-14T03:43:40.5521703Z 24.04.3
shadow	Set up job	2025-10-14T03:43:40.5533813Z LTS
shadow	Set up job	2025-10-14T03:43:40.5534560Z ##[endgroup]
shadow	Set up job	2025-10-14T03:43:40.5535327Z ##[group]Runner Image
shadow	Set up job	2025-10-14T03:43:40.5536333Z Image: ubuntu-24.04
shadow	Set up job	2025-10-14T03:43:40.5537070Z Version: 20250929.60.1
shadow	Set up job	2025-10-14T03:43:40.5538721Z Included Software: https://github.com/actions/runner-images/blob/ubuntu24/20250929.60/images/ubuntu/Ubuntu2404-Readme.md
shadow	Set up job	2025-10-14T03:43:40.5541251Z Image Release: https://github.com/actions/runner-images/releases/tag/ubuntu24%2F20250929.60
shadow	Set up job	2025-10-14T03:43:40.5543335Z ##[endgroup]
shadow	Set up job	2025-10-14T03:43:40.5547422Z ##[group]GITHUB_TOKEN Permissions
shadow	Set up job	2025-10-14T03:43:40.5550650Z Actions: write
shadow	Set up job	2025-10-14T03:43:40.5551643Z Attestations: write
shadow	Set up job	2025-10-14T03:43:40.5552448Z Checks: write
shadow	Set up job	2025-10-14T03:43:40.5553245Z Contents: write
shadow	Set up job	2025-10-14T03:43:40.5554063Z Deployments: write
shadow	Set up job	2025-10-14T03:43:40.5554807Z Discussions: write
shadow	Set up job	2025-10-14T03:43:40.5555688Z Issues: write
shadow	Set up job	2025-10-14T03:43:40.5556418Z Metadata: read
shadow	Set up job	2025-10-14T03:43:40.5557183Z Models: read
shadow	Set up job	2025-10-14T03:43:40.5557864Z Packages: write
shadow	Set up job	2025-10-14T03:43:40.5558760Z Pages: write
shadow	Set up job	2025-10-14T03:43:40.5559484Z PullRequests: write
shadow	Set up job	2025-10-14T03:43:40.5561157Z RepositoryProjects: write
shadow	Set up job	2025-10-14T03:43:40.5562247Z SecurityEvents: write
shadow	Set up job	2025-10-14T03:43:40.5563286Z Statuses: write
shadow	Set up job	2025-10-14T03:43:40.5564034Z ##[endgroup]
shadow	Set up job	2025-10-14T03:43:40.5567974Z Secret source: Actions
shadow	Set up job	2025-10-14T03:43:40.5569517Z Prepare workflow directory
shadow	Set up job	2025-10-14T03:43:40.6025461Z Prepare all required actions
shadow	Set up job	2025-10-14T03:43:40.6084118Z Getting action download info
shadow	Set up job	2025-10-14T03:43:40.9062223Z Download action repository 'actions/checkout@v4' (SHA:08eba0b27e820071cde6df949e0beb9ba4906955)
shadow	Set up job	2025-10-14T03:43:41.1130795Z Download action repository 'actions/upload-artifact@v4' (SHA:ea165f8d65b6e75b540449e92b4886f43607fa02)
shadow	Set up job	2025-10-14T03:43:41.3482530Z Complete job name: shadow
shadow	Runner & concurrency guard	∩╗┐2025-10-14T03:43:41.4146575Z ##[group]Run echo "=== Runner & Concurrency Diagnostics ==="
shadow	Runner & concurrency guard	2025-10-14T03:43:41.4147401Z [36;1mecho "=== Runner & Concurrency Diagnostics ==="[0m
shadow	Runner & concurrency guard	2025-10-14T03:43:41.4148029Z [36;1mecho "Runner name: GitHub Actions 1000002953"[0m
shadow	Runner & concurrency guard	2025-10-14T03:43:41.4148597Z [36;1mecho "Runner OS: Linux"[0m
shadow	Runner & concurrency guard	2025-10-14T03:43:41.4149062Z [36;1mecho "Runner arch: X64"[0m
shadow	Runner & concurrency guard	2025-10-14T03:43:41.4149611Z [36;1mecho "Runner temp: /home/runner/work/_temp"[0m
shadow	Runner & concurrency guard	2025-10-14T03:43:41.4150424Z [36;1mecho "Runner tool cache: /opt/hostedtoolcache"[0m
shadow	Runner & concurrency guard	2025-10-14T03:43:41.4150998Z [36;1mecho "---"[0m
shadow	Runner & concurrency guard	2025-10-14T03:43:41.4151405Z [36;1mecho "Job ID: shadow"[0m
shadow	Runner & concurrency guard	2025-10-14T03:43:41.4151874Z [36;1mecho "Run ID: 18484804369"[0m
shadow	Runner & concurrency guard	2025-10-14T03:43:41.4152365Z [36;1mecho "Run number: 322"[0m
shadow	Runner & concurrency guard	2025-10-14T03:43:41.4152817Z [36;1mecho "Run attempt: 1"[0m
shadow	Runner & concurrency guard	2025-10-14T03:43:41.4153266Z [36;1mecho "---"[0m
shadow	Runner & concurrency guard	2025-10-14T03:43:41.4153701Z [36;1mecho "Workflow: smoke-fast-on-pr"[0m
shadow	Runner & concurrency guard	2025-10-14T03:43:41.4154233Z [36;1mecho "Event: push"[0m
shadow	Runner & concurrency guard	2025-10-14T03:43:41.4154877Z [36;1mecho "Ref: refs/heads/ci/phase2b-postmerge-fail-20251014_103917"[0m
shadow	Runner & concurrency guard	2025-10-14T03:43:41.4155623Z [36;1mecho "SHA: 5faec73fff61e211e1944bc6435461398b95fa43"[0m
shadow	Runner & concurrency guard	2025-10-14T03:43:41.4156194Z [36;1mecho "Actor: baosang12"[0m
shadow	Runner & concurrency guard	2025-10-14T03:43:41.4156649Z [36;1mecho "---"[0m
shadow	Runner & concurrency guard	2025-10-14T03:43:41.4157461Z [36;1mecho "Concurrency group: workflow-smoke-fast-on-pr-refs/heads/ci/phase2b-postmerge-fail-20251014_103917"[0m
shadow	Runner & concurrency guard	2025-10-14T03:43:41.4158372Z [36;1mecho "Cancel-in-progress: true"[0m
shadow	Runner & concurrency guard	2025-10-14T03:43:41.4158860Z [36;1mecho "---"[0m
shadow	Runner & concurrency guard	2025-10-14T03:43:41.4159252Z [36;1mecho "Environment: "[0m
shadow	Runner & concurrency guard	2025-10-14T03:43:41.4160095Z [36;1mecho "Job started: $(date -u +%FT%TZ)"[0m
shadow	Runner & concurrency guard	2025-10-14T03:43:41.4160652Z [36;1mecho "========================================"[0m
shadow	Runner & concurrency guard	2025-10-14T03:43:41.4198245Z shell: /usr/bin/bash --noprofile --norc -e -o pipefail {0}
shadow	Runner & concurrency guard	2025-10-14T03:43:41.4199216Z ##[endgroup]
shadow	Runner & concurrency guard	2025-10-14T03:43:41.4326126Z === Runner & Concurrency Diagnostics ===
shadow	Runner & concurrency guard	2025-10-14T03:43:41.4326987Z Runner name: GitHub Actions 1000002953
shadow	Runner & concurrency guard	2025-10-14T03:43:41.4327861Z Runner OS: Linux
shadow	Runner & concurrency guard	2025-10-14T03:43:41.4328460Z Runner arch: X64
shadow	Runner & concurrency guard	2025-10-14T03:43:41.4329137Z Runner temp: /home/runner/work/_temp
shadow	Runner & concurrency guard	2025-10-14T03:43:41.4330181Z Runner tool cache: /opt/hostedtoolcache
shadow	Runner & concurrency guard	2025-10-14T03:43:41.4331094Z ---
shadow	Runner & concurrency guard	2025-10-14T03:43:41.4331655Z Job ID: shadow
shadow	Runner & concurrency guard	2025-10-14T03:43:41.4332229Z Run ID: 18484804369
shadow	Runner & concurrency guard	2025-10-14T03:43:41.4332623Z Run number: 322
shadow	Runner & concurrency guard	2025-10-14T03:43:41.4332991Z Run attempt: 1
shadow	Runner & concurrency guard	2025-10-14T03:43:41.4333345Z ---
shadow	Runner & concurrency guard	2025-10-14T03:43:41.4333705Z Workflow: smoke-fast-on-pr
shadow	Runner & concurrency guard	2025-10-14T03:43:41.4334127Z Event: push
shadow	Runner & concurrency guard	2025-10-14T03:43:41.4334600Z Ref: refs/heads/ci/phase2b-postmerge-fail-20251014_103917
shadow	Runner & concurrency guard	2025-10-14T03:43:41.4335236Z SHA: 5faec73fff61e211e1944bc6435461398b95fa43
shadow	Runner & concurrency guard	2025-10-14T03:43:41.4335724Z Actor: baosang12
shadow	Runner & concurrency guard	2025-10-14T03:43:41.4336083Z ---
shadow	Runner & concurrency guard	2025-10-14T03:43:41.4336777Z Concurrency group: workflow-smoke-fast-on-pr-refs/heads/ci/phase2b-postmerge-fail-20251014_103917
shadow	Runner & concurrency guard	2025-10-14T03:43:41.4337590Z Cancel-in-progress: true
shadow	Runner & concurrency guard	2025-10-14T03:43:41.4338006Z ---
shadow	Runner & concurrency guard	2025-10-14T03:43:41.4338339Z Environment: 
shadow	Runner & concurrency guard	2025-10-14T03:43:41.4338714Z Job started: 2025-10-14T03:43:41Z
shadow	Runner & concurrency guard	2025-10-14T03:43:41.4339187Z ========================================
shadow	Run actions/checkout@v4	∩╗┐2025-10-14T03:43:41.4506079Z ##[group]Run actions/checkout@v4
shadow	Run actions/checkout@v4	2025-10-14T03:43:41.4506635Z with:
shadow	Run actions/checkout@v4	2025-10-14T03:43:41.4507005Z   repository: baosang12/BotG
shadow	Run actions/checkout@v4	2025-10-14T03:43:41.4507608Z   token: ***
shadow	Run actions/checkout@v4	2025-10-14T03:43:41.4507968Z   ssh-strict: true
shadow	Run actions/checkout@v4	2025-10-14T03:43:41.4508354Z   ssh-user: git
shadow	Run actions/checkout@v4	2025-10-14T03:43:41.4508744Z   persist-credentials: true
shadow	Run actions/checkout@v4	2025-10-14T03:43:41.4509177Z   clean: true
shadow	Run actions/checkout@v4	2025-10-14T03:43:41.4509568Z   sparse-checkout-cone-mode: true
shadow	Run actions/checkout@v4	2025-10-14T03:43:41.4510292Z   fetch-depth: 1
shadow	Run actions/checkout@v4	2025-10-14T03:43:41.4510717Z   fetch-tags: false
shadow	Run actions/checkout@v4	2025-10-14T03:43:41.4511096Z   show-progress: true
shadow	Run actions/checkout@v4	2025-10-14T03:43:41.4511489Z   lfs: false
shadow	Run actions/checkout@v4	2025-10-14T03:43:41.4511904Z   submodules: false
shadow	Run actions/checkout@v4	2025-10-14T03:43:41.4512290Z   set-safe-directory: true
shadow	Run actions/checkout@v4	2025-10-14T03:43:41.4512742Z ##[endgroup]
shadow	Run actions/checkout@v4	2025-10-14T03:43:41.5597565Z Syncing repository: baosang12/BotG
shadow	Run actions/checkout@v4	2025-10-14T03:43:41.5600818Z ##[group]Getting Git version info
shadow	Run actions/checkout@v4	2025-10-14T03:43:41.5601871Z Working directory is '/home/runner/work/BotG/BotG'
shadow	Run actions/checkout@v4	2025-10-14T03:43:41.5603329Z [command]/usr/bin/git version
shadow	Run actions/checkout@v4	2025-10-14T03:43:41.5643547Z git version 2.51.0
shadow	Run actions/checkout@v4	2025-10-14T03:43:41.5671785Z ##[endgroup]
shadow	Run actions/checkout@v4	2025-10-14T03:43:41.5686655Z Temporarily overriding HOME='/home/runner/work/_temp/4895e174-6187-4ac0-b56f-dacbe0f95ced' before making global git config changes
shadow	Run actions/checkout@v4	2025-10-14T03:43:41.5689124Z Adding repository directory to the temporary git global config as a safe directory
shadow	Run actions/checkout@v4	2025-10-14T03:43:41.5703733Z [command]/usr/bin/git config --global --add safe.directory /home/runner/work/BotG/BotG
shadow	Run actions/checkout@v4	2025-10-14T03:43:41.5744361Z Deleting the contents of '/home/runner/work/BotG/BotG'
shadow	Run actions/checkout@v4	2025-10-14T03:43:41.5748601Z ##[group]Initializing the repository
shadow	Run actions/checkout@v4	2025-10-14T03:43:41.5753499Z [command]/usr/bin/git init /home/runner/work/BotG/BotG
shadow	Run actions/checkout@v4	2025-10-14T03:43:41.5848824Z hint: Using 'master' as the name for the initial branch. This default branch name
shadow	Run actions/checkout@v4	2025-10-14T03:43:41.5851848Z hint: is subject to change. To configure the initial branch name to use in all
shadow	Run actions/checkout@v4	2025-10-14T03:43:41.5852882Z hint: of your new repositories, which will suppress this warning, call:
shadow	Run actions/checkout@v4	2025-10-14T03:43:41.5853588Z hint:
shadow	Run actions/checkout@v4	2025-10-14T03:43:41.5854358Z hint: 	git config --global init.defaultBranch <name>
shadow	Run actions/checkout@v4	2025-10-14T03:43:41.5855341Z hint:
shadow	Run actions/checkout@v4	2025-10-14T03:43:41.5856116Z hint: Names commonly chosen instead of 'master' are 'main', 'trunk' and
shadow	Run actions/checkout@v4	2025-10-14T03:43:41.5857527Z hint: 'development'. The just-created branch can be renamed via this command:
shadow	Run actions/checkout@v4	2025-10-14T03:43:41.5858750Z hint:
shadow	Run actions/checkout@v4	2025-10-14T03:43:41.5860053Z hint: 	git branch -m <name>
shadow	Run actions/checkout@v4	2025-10-14T03:43:41.5860829Z hint:
shadow	Run actions/checkout@v4	2025-10-14T03:43:41.5861841Z hint: Disable this message with "git config set advice.defaultBranchName false"
shadow	Run actions/checkout@v4	2025-10-14T03:43:41.5882102Z Initialized empty Git repository in /home/runner/work/BotG/BotG/.git/
shadow	Run actions/checkout@v4	2025-10-14T03:43:41.5885656Z [command]/usr/bin/git remote add origin https://github.com/baosang12/BotG
shadow	Run actions/checkout@v4	2025-10-14T03:43:41.5917666Z ##[endgroup]
shadow	Run actions/checkout@v4	2025-10-14T03:43:41.5918743Z ##[group]Disabling automatic garbage collection
shadow	Run actions/checkout@v4	2025-10-14T03:43:41.5923317Z [command]/usr/bin/git config --local gc.auto 0
shadow	Run actions/checkout@v4	2025-10-14T03:43:41.5954157Z ##[endgroup]
shadow	Run actions/checkout@v4	2025-10-14T03:43:41.5954823Z ##[group]Setting up auth
shadow	Run actions/checkout@v4	2025-10-14T03:43:41.5961709Z [command]/usr/bin/git config --local --name-only --get-regexp core\.sshCommand
shadow	Run actions/checkout@v4	2025-10-14T03:43:41.5994887Z [command]/usr/bin/git submodule foreach --recursive sh -c "git config --local --name-only --get-regexp 'core\.sshCommand' && git config --local --unset-all 'core.sshCommand' || :"
shadow	Run actions/checkout@v4	2025-10-14T03:43:41.6315537Z [command]/usr/bin/git config --local --name-only --get-regexp http\.https\:\/\/github\.com\/\.extraheader
shadow	Run actions/checkout@v4	2025-10-14T03:43:41.6346128Z [command]/usr/bin/git submodule foreach --recursive sh -c "git config --local --name-only --get-regexp 'http\.https\:\/\/github\.com\/\.extraheader' && git config --local --unset-all 'http.https://github.com/.extraheader' || :"
shadow	Run actions/checkout@v4	2025-10-14T03:43:41.6573367Z [command]/usr/bin/git config --local http.https://github.com/.extraheader AUTHORIZATION: basic ***
shadow	Run actions/checkout@v4	2025-10-14T03:43:41.6613334Z ##[endgroup]
shadow	Run actions/checkout@v4	2025-10-14T03:43:41.6614467Z ##[group]Fetching the repository
shadow	Run actions/checkout@v4	2025-10-14T03:43:41.6633696Z [command]/usr/bin/git -c protocol.version=2 fetch --no-tags --prune --no-recurse-submodules --depth=1 origin +5faec73fff61e211e1944bc6435461398b95fa43:refs/remotes/origin/ci/phase2b-postmerge-fail-20251014_103917
shadow	Run actions/checkout@v4	2025-10-14T03:43:43.5001070Z From https://github.com/baosang12/BotG
shadow	Run actions/checkout@v4	2025-10-14T03:43:43.5002520Z  * [new ref]         5faec73fff61e211e1944bc6435461398b95fa43 -> origin/ci/phase2b-postmerge-fail-20251014_103917
shadow	Run actions/checkout@v4	2025-10-14T03:43:43.5035800Z ##[endgroup]
shadow	Run actions/checkout@v4	2025-10-14T03:43:43.5037293Z ##[group]Determining the checkout info
shadow	Run actions/checkout@v4	2025-10-14T03:43:43.5038914Z ##[endgroup]
shadow	Run actions/checkout@v4	2025-10-14T03:43:43.5044133Z [command]/usr/bin/git sparse-checkout disable
shadow	Run actions/checkout@v4	2025-10-14T03:43:43.5087630Z [command]/usr/bin/git config --local --unset-all extensions.worktreeConfig
shadow	Run actions/checkout@v4	2025-10-14T03:43:43.5117941Z ##[group]Checking out the ref
shadow	Run actions/checkout@v4	2025-10-14T03:43:43.5123707Z [command]/usr/bin/git checkout --progress --force -B ci/phase2b-postmerge-fail-20251014_103917 refs/remotes/origin/ci/phase2b-postmerge-fail-20251014_103917
shadow	Run actions/checkout@v4	2025-10-14T03:43:44.3282018Z Switched to a new branch 'ci/phase2b-postmerge-fail-20251014_103917'
shadow	Run actions/checkout@v4	2025-10-14T03:43:44.3286077Z branch 'ci/phase2b-postmerge-fail-20251014_103917' set up to track 'origin/ci/phase2b-postmerge-fail-20251014_103917'.
shadow	Run actions/checkout@v4	2025-10-14T03:43:44.3325533Z ##[endgroup]
shadow	Run actions/checkout@v4	2025-10-14T03:43:44.3365149Z [command]/usr/bin/git log -1 --format=%H
shadow	Run actions/checkout@v4	2025-10-14T03:43:44.3387364Z 5faec73fff61e211e1944bc6435461398b95fa43
shadow	Start event	∩╗┐2025-10-14T03:43:44.3550356Z ##[group]Run mkdir -p .botg
shadow	Start event	2025-10-14T03:43:44.3551789Z [36;1mmkdir -p .botg[0m
shadow	Start event	2025-10-14T03:43:44.3555533Z [36;1mecho '{"ts":"'"$(date -u +%FT%TZ)"'","run_id":'18484804369',"pr":'0',"stage":"shadow","level":"info","msg":"start","kv":{"sha":"5faec73fff61e211e1944bc6435461398b95fa43","actor":"baosang12","runner":"GitHub Actions 1000002953"}}' >> .botg/events.jsonl[0m
shadow	Start event	2025-10-14T03:43:44.3593806Z shell: /usr/bin/bash -e {0}
shadow	Start event	2025-10-14T03:43:44.3594989Z ##[endgroup]
shadow	Run shadow tests (fast)	∩╗┐2025-10-14T03:43:44.3744040Z ##[group]Run set -e
shadow	Run shadow tests (fast)	2025-10-14T03:43:44.3745052Z [36;1mset -e[0m
shadow	Run shadow tests (fast)	2025-10-14T03:43:44.3746009Z [36;1mecho "TODO: Implement shadow tests"[0m
shadow	Run shadow tests (fast)	2025-10-14T03:43:44.3747667Z [36;1mecho '{"status":"PASS","reason":"not_implemented"}' > .botg/status.json[0m
shadow	Run shadow tests (fast)	2025-10-14T03:43:44.3780231Z shell: /usr/bin/bash --noprofile --norc -e -o pipefail {0}
shadow	Run shadow tests (fast)	2025-10-14T03:43:44.3781741Z ##[endgroup]
shadow	Run shadow tests (fast)	2025-10-14T03:43:44.3839922Z TODO: Implement shadow tests
shadow	Force failure probe	∩╗┐2025-10-14T03:43:44.3901884Z ##[group]Run exit 1
shadow	Force failure probe	2025-10-14T03:43:44.3902780Z [36;1mexit 1[0m
shadow	Force failure probe	2025-10-14T03:43:44.3933791Z shell: /usr/bin/bash -e {0}
shadow	Force failure probe	2025-10-14T03:43:44.3934792Z ##[endgroup]
shadow	Force failure probe	2025-10-14T03:43:44.4004161Z ##[error]Process completed with exit code 1.
shadow	Classify results	∩╗┐2025-10-14T03:43:44.4082133Z ##[group]Run set -e
shadow	Classify results	2025-10-14T03:43:44.4083025Z [36;1mset -e[0m
shadow	Classify results	2025-10-14T03:43:44.4083848Z [36;1mcat .botg/status.json[0m
shadow	Classify results	2025-10-14T03:43:44.4116383Z shell: /usr/bin/bash --noprofile --norc -e -o pipefail {0}
shadow	Classify results	2025-10-14T03:43:44.4117725Z ##[endgroup]
shadow	Classify results	2025-10-14T03:43:44.4186097Z {"status":"PASS","reason":"not_implemented"}
shadow	Decide & log	∩╗┐2025-10-14T03:43:44.4320984Z ##[group]Run set -e
shadow	Decide & log	2025-10-14T03:43:44.4321929Z [36;1mset -e[0m
shadow	Decide & log	2025-10-14T03:43:44.4322868Z [36;1mSTATUS=$(jq -r .status < .botg/status.json)[0m
shadow	Decide & log	2025-10-14T03:43:44.4324211Z [36;1mREASON=$(jq -r .reason < .botg/status.json)[0m
shadow	Decide & log	2025-10-14T03:43:44.4325418Z [36;1mRETRY_OK="false"[0m
shadow	Decide & log	2025-10-14T03:43:44.4326289Z [36;1m[0m
shadow	Decide & log	2025-10-14T03:43:44.4327113Z [36;1mecho "status=$STATUS" >> $GITHUB_OUTPUT[0m
shadow	Decide & log	2025-10-14T03:43:44.4328399Z [36;1mecho "reason=$REASON" >> $GITHUB_OUTPUT[0m
shadow	Decide & log	2025-10-14T03:43:44.4329917Z [36;1mecho "retry_ok=$RETRY_OK" >> $GITHUB_OUTPUT[0m
shadow	Decide & log	2025-10-14T03:43:44.4332539Z [36;1mecho '{"ts":"'"$(date -u +%FT%TZ)"'","run_id":'18484804369',"pr":'0',"stage":"decide","level":"info","msg":"conclusion","kv":{"status":"'"$STATUS"'","reason":"'"$REASON"'"}}' >> .botg/events.jsonl[0m
shadow	Decide & log	2025-10-14T03:43:44.4367811Z shell: /usr/bin/bash --noprofile --norc -e -o pipefail {0}
shadow	Decide & log	2025-10-14T03:43:44.4369122Z env:
shadow	Decide & log	2025-10-14T03:43:44.4370495Z   GH_TOKEN: ***
shadow	Decide & log	2025-10-14T03:43:44.4371307Z ##[endgroup]
shadow	Upload events	∩╗┐2025-10-14T03:43:44.4646809Z ##[group]Run actions/upload-artifact@v4
shadow	Upload events	2025-10-14T03:43:44.4647906Z with:
shadow	Upload events	2025-10-14T03:43:44.4648671Z   name: workflow-events-18484804369
shadow	Upload events	2025-10-14T03:43:44.4649829Z   path: .botg/events.jsonl
shadow	Upload events	2025-10-14T03:43:44.4650737Z   retention-days: 7
shadow	Upload events	2025-10-14T03:43:44.4651578Z   if-no-files-found: warn
shadow	Upload events	2025-10-14T03:43:44.4652483Z   compression-level: 6
shadow	Upload events	2025-10-14T03:43:44.4653348Z   overwrite: false
shadow	Upload events	2025-10-14T03:43:44.4654173Z   include-hidden-files: false
shadow	Upload events	2025-10-14T03:43:44.4655094Z ##[endgroup]
shadow	Upload events	2025-10-14T03:43:44.6826098Z With the provided path, there will be 1 file uploaded
shadow	Upload events	2025-10-14T03:43:44.6830749Z Artifact name is valid!
shadow	Upload events	2025-10-14T03:43:44.6832133Z Root directory input is valid!
shadow	Upload events	2025-10-14T03:43:44.8265666Z Beginning upload of artifact content to blob storage
shadow	Upload events	2025-10-14T03:43:44.9717544Z Uploaded bytes 363
shadow	Upload events	2025-10-14T03:43:45.0109146Z Finished uploading artifact content to blob storage!
shadow	Upload events	2025-10-14T03:43:45.0112499Z SHA256 digest of uploaded artifact zip is 1873ba76d5f98b053655b9ee231eae3bd7e729963654bb6e56f625a7be32885b
shadow	Upload events	2025-10-14T03:43:45.0114825Z Finalizing artifact upload
shadow	Upload events	2025-10-14T03:43:45.1120377Z Artifact workflow-events-18484804369.zip successfully finalized. Artifact ID 4260971805
shadow	Upload events	2025-10-14T03:43:45.1122045Z Artifact workflow-events-18484804369 has been successfully uploaded! Final size is 363 bytes. Artifact ID is 4260971805
shadow	Upload events	2025-10-14T03:43:45.1130092Z Artifact download URL: https://github.com/baosang12/BotG/actions/runs/18484804369/artifacts/4260971805
shadow	Post Run actions/checkout@v4	∩╗┐2025-10-14T03:43:45.1277251Z Post job cleanup.
shadow	Post Run actions/checkout@v4	2025-10-14T03:43:45.2245508Z [command]/usr/bin/git version
shadow	Post Run actions/checkout@v4	2025-10-14T03:43:45.2283086Z git version 2.51.0
shadow	Post Run actions/checkout@v4	2025-10-14T03:43:45.2327679Z Temporarily overriding HOME='/home/runner/work/_temp/8070b15b-6fa1-495f-8eea-1b546c9ec648' before making global git config changes
shadow	Post Run actions/checkout@v4	2025-10-14T03:43:45.2328681Z Adding repository directory to the temporary git global config as a safe directory
shadow	Post Run actions/checkout@v4	2025-10-14T03:43:45.2333375Z [command]/usr/bin/git config --global --add safe.directory /home/runner/work/BotG/BotG
shadow	Post Run actions/checkout@v4	2025-10-14T03:43:45.2370983Z [command]/usr/bin/git config --local --name-only --get-regexp core\.sshCommand
shadow	Post Run actions/checkout@v4	2025-10-14T03:43:45.2404255Z [command]/usr/bin/git submodule foreach --recursive sh -c "git config --local --name-only --get-regexp 'core\.sshCommand' && git config --local --unset-all 'core.sshCommand' || :"
shadow	Post Run actions/checkout@v4	2025-10-14T03:43:45.2644272Z [command]/usr/bin/git config --local --name-only --get-regexp http\.https\:\/\/github\.com\/\.extraheader
shadow	Post Run actions/checkout@v4	2025-10-14T03:43:45.2667431Z http.https://github.com/.extraheader
shadow	Post Run actions/checkout@v4	2025-10-14T03:43:45.2680112Z [command]/usr/bin/git config --local --unset-all http.https://github.com/.extraheader
shadow	Post Run actions/checkout@v4	2025-10-14T03:43:45.2712838Z [command]/usr/bin/git submodule foreach --recursive sh -c "git config --local --name-only --get-regexp 'http\.https\:\/\/github\.com\/\.extraheader' && git config --local --unset-all 'http.https://github.com/.extraheader' || :"
shadow	Complete job	∩╗┐2025-10-14T03:43:45.3057371Z Evaluate and set job outputs
shadow	Complete job	2025-10-14T03:43:45.3064482Z Set output 'status'
shadow	Complete job	2025-10-14T03:43:45.3066172Z Set output 'reason'
shadow	Complete job	2025-10-14T03:43:45.3066848Z Set output 'retry_ok'
shadow	Complete job	2025-10-14T03:43:45.3067684Z Cleaning up orphan processes
