shadow	Set up job	∩╗┐2025-10-13T04:20:18.8269755Z Current runner version: '2.328.0'
shadow	Set up job	2025-10-13T04:20:18.8294208Z ##[group]Runner Image Provisioner
shadow	Set up job	2025-10-13T04:20:18.8295066Z Hosted Compute Agent
shadow	Set up job	2025-10-13T04:20:18.8295699Z Version: 20250912.392
shadow	Set up job	2025-10-13T04:20:18.8296277Z Commit: d921fda672a98b64f4f82364647e2f10b2267d0b
shadow	Set up job	2025-10-13T04:20:18.8296966Z Build Date: 2025-09-12T15:23:14Z
shadow	Set up job	2025-10-13T04:20:18.8297563Z ##[endgroup]
shadow	Set up job	2025-10-13T04:20:18.8298139Z ##[group]Operating System
shadow	Set up job	2025-10-13T04:20:18.8298668Z Ubuntu
shadow	Set up job	2025-10-13T04:20:18.8299198Z 24.04.3
shadow	Set up job	2025-10-13T04:20:18.8299686Z LTS
shadow	Set up job	2025-10-13T04:20:18.8300108Z ##[endgroup]
shadow	Set up job	2025-10-13T04:20:18.8300626Z ##[group]Runner Image
shadow	Set up job	2025-10-13T04:20:18.8301200Z Image: ubuntu-24.04
shadow	Set up job	2025-10-13T04:20:18.8301718Z Version: 20250929.60.1
shadow	Set up job	2025-10-13T04:20:18.8302826Z Included Software: https://github.com/actions/runner-images/blob/ubuntu24/20250929.60/images/ubuntu/Ubuntu2404-Readme.md
shadow	Set up job	2025-10-13T04:20:18.8304319Z Image Release: https://github.com/actions/runner-images/releases/tag/ubuntu24%2F20250929.60
shadow	Set up job	2025-10-13T04:20:18.8305534Z ##[endgroup]
shadow	Set up job	2025-10-13T04:20:18.8307965Z ##[group]GITHUB_TOKEN Permissions
shadow	Set up job	2025-10-13T04:20:18.8309855Z Actions: write
shadow	Set up job	2025-10-13T04:20:18.8310600Z Attestations: write
shadow	Set up job	2025-10-13T04:20:18.8311133Z Checks: write
shadow	Set up job	2025-10-13T04:20:18.8311604Z Contents: write
shadow	Set up job	2025-10-13T04:20:18.8312181Z Deployments: write
shadow	Set up job	2025-10-13T04:20:18.8312885Z Discussions: write
shadow	Set up job	2025-10-13T04:20:18.8313373Z Issues: write
shadow	Set up job	2025-10-13T04:20:18.8313958Z Metadata: read
shadow	Set up job	2025-10-13T04:20:18.8314440Z Models: read
shadow	Set up job	2025-10-13T04:20:18.8314903Z Packages: write
shadow	Set up job	2025-10-13T04:20:18.8315507Z Pages: write
shadow	Set up job	2025-10-13T04:20:18.8315973Z PullRequests: write
shadow	Set up job	2025-10-13T04:20:18.8316509Z RepositoryProjects: write
shadow	Set up job	2025-10-13T04:20:18.8317076Z SecurityEvents: write
shadow	Set up job	2025-10-13T04:20:18.8317722Z Statuses: write
shadow	Set up job	2025-10-13T04:20:18.8318233Z ##[endgroup]
shadow	Set up job	2025-10-13T04:20:18.8320358Z Secret source: Actions
shadow	Set up job	2025-10-13T04:20:18.8321100Z Prepare workflow directory
shadow	Set up job	2025-10-13T04:20:18.8661546Z Prepare all required actions
shadow	Set up job	2025-10-13T04:20:18.8704139Z Getting action download info
shadow	Set up job	2025-10-13T04:20:19.1875297Z Download action repository 'actions/checkout@v4' (SHA:08eba0b27e820071cde6df949e0beb9ba4906955)
shadow	Set up job	2025-10-13T04:20:19.2752568Z Download action repository 'actions/upload-artifact@v4' (SHA:ea165f8d65b6e75b540449e92b4886f43607fa02)
shadow	Set up job	2025-10-13T04:20:19.5081039Z Complete job name: shadow
shadow	Runner & concurrency guard	∩╗┐2025-10-13T04:20:19.5734835Z ##[group]Run echo "=== Runner & Concurrency Diagnostics ==="
shadow	Runner & concurrency guard	2025-10-13T04:20:19.5735672Z [36;1mecho "=== Runner & Concurrency Diagnostics ==="[0m
shadow	Runner & concurrency guard	2025-10-13T04:20:19.5736350Z [36;1mecho "Runner name: GitHub Actions 1000002848"[0m
shadow	Runner & concurrency guard	2025-10-13T04:20:19.5736932Z [36;1mecho "Runner OS: Linux"[0m
shadow	Runner & concurrency guard	2025-10-13T04:20:19.5737425Z [36;1mecho "Runner arch: X64"[0m
shadow	Runner & concurrency guard	2025-10-13T04:20:19.5737973Z [36;1mecho "Runner temp: /home/runner/work/_temp"[0m
shadow	Runner & concurrency guard	2025-10-13T04:20:19.5738600Z [36;1mecho "Runner tool cache: /opt/hostedtoolcache"[0m
shadow	Runner & concurrency guard	2025-10-13T04:20:19.5739164Z [36;1mecho "---"[0m
shadow	Runner & concurrency guard	2025-10-13T04:20:19.5739579Z [36;1mecho "Job ID: shadow"[0m
shadow	Runner & concurrency guard	2025-10-13T04:20:19.5740080Z [36;1mecho "Run ID: 18455034850"[0m
shadow	Runner & concurrency guard	2025-10-13T04:20:19.5740572Z [36;1mecho "Run number: 297"[0m
shadow	Runner & concurrency guard	2025-10-13T04:20:19.5741046Z [36;1mecho "Run attempt: 1"[0m
shadow	Runner & concurrency guard	2025-10-13T04:20:19.5741524Z [36;1mecho "---"[0m
shadow	Runner & concurrency guard	2025-10-13T04:20:19.5741978Z [36;1mecho "Workflow: smoke-fast-on-pr"[0m
shadow	Runner & concurrency guard	2025-10-13T04:20:19.5742519Z [36;1mecho "Event: push"[0m
shadow	Runner & concurrency guard	2025-10-13T04:20:19.5743245Z [36;1mecho "Ref: refs/heads/ci/guard-verify"[0m
shadow	Runner & concurrency guard	2025-10-13T04:20:19.5743897Z [36;1mecho "SHA: 3402c6fc436317c97d3a80b3e61427e790a82c8c"[0m
shadow	Runner & concurrency guard	2025-10-13T04:20:19.5744504Z [36;1mecho "Actor: baosang12"[0m
shadow	Runner & concurrency guard	2025-10-13T04:20:19.5744998Z [36;1mecho "---"[0m
shadow	Runner & concurrency guard	2025-10-13T04:20:19.5745683Z [36;1mecho "Concurrency group: workflow-smoke-fast-on-pr-refs/heads/ci/guard-verify"[0m
shadow	Runner & concurrency guard	2025-10-13T04:20:19.5746484Z [36;1mecho "Cancel-in-progress: true"[0m
shadow	Runner & concurrency guard	2025-10-13T04:20:19.5746989Z [36;1mecho "---"[0m
shadow	Runner & concurrency guard	2025-10-13T04:20:19.5747396Z [36;1mecho "Environment: "[0m
shadow	Runner & concurrency guard	2025-10-13T04:20:19.5747914Z [36;1mecho "Job started: $(date -u +%FT%TZ)"[0m
shadow	Runner & concurrency guard	2025-10-13T04:20:19.5748735Z [36;1mecho "========================================"[0m
shadow	Runner & concurrency guard	2025-10-13T04:20:19.5785733Z shell: /usr/bin/bash --noprofile --norc -e -o pipefail {0}
shadow	Runner & concurrency guard	2025-10-13T04:20:19.5786661Z ##[endgroup]
shadow	Runner & concurrency guard	2025-10-13T04:20:19.5913146Z === Runner & Concurrency Diagnostics ===
shadow	Runner & concurrency guard	2025-10-13T04:20:19.5913805Z Runner name: GitHub Actions 1000002848
shadow	Runner & concurrency guard	2025-10-13T04:20:19.5914407Z Runner OS: Linux
shadow	Runner & concurrency guard	2025-10-13T04:20:19.5915164Z Runner arch: X64
shadow	Runner & concurrency guard	2025-10-13T04:20:19.5915819Z Runner temp: /home/runner/work/_temp
shadow	Runner & concurrency guard	2025-10-13T04:20:19.5916563Z Runner tool cache: /opt/hostedtoolcache
shadow	Runner & concurrency guard	2025-10-13T04:20:19.5917055Z ---
shadow	Runner & concurrency guard	2025-10-13T04:20:19.5917416Z Job ID: shadow
shadow	Runner & concurrency guard	2025-10-13T04:20:19.5917787Z Run ID: 18455034850
shadow	Runner & concurrency guard	2025-10-13T04:20:19.5918178Z Run number: 297
shadow	Runner & concurrency guard	2025-10-13T04:20:19.5918562Z Run attempt: 1
shadow	Runner & concurrency guard	2025-10-13T04:20:19.5918917Z ---
shadow	Runner & concurrency guard	2025-10-13T04:20:19.5919282Z Workflow: smoke-fast-on-pr
shadow	Runner & concurrency guard	2025-10-13T04:20:19.5919716Z Event: push
shadow	Runner & concurrency guard	2025-10-13T04:20:19.5920108Z Ref: refs/heads/ci/guard-verify
shadow	Runner & concurrency guard	2025-10-13T04:20:19.5920618Z SHA: 3402c6fc436317c97d3a80b3e61427e790a82c8c
shadow	Runner & concurrency guard	2025-10-13T04:20:19.5921156Z Actor: baosang12
shadow	Runner & concurrency guard	2025-10-13T04:20:19.5921523Z ---
shadow	Runner & concurrency guard	2025-10-13T04:20:19.5922096Z Concurrency group: workflow-smoke-fast-on-pr-refs/heads/ci/guard-verify
shadow	Runner & concurrency guard	2025-10-13T04:20:19.5923000Z Cancel-in-progress: true
shadow	Runner & concurrency guard	2025-10-13T04:20:19.5923440Z ---
shadow	Runner & concurrency guard	2025-10-13T04:20:19.5923779Z Environment: 
shadow	Runner & concurrency guard	2025-10-13T04:20:19.5924182Z Job started: 2025-10-13T04:20:19Z
shadow	Runner & concurrency guard	2025-10-13T04:20:19.5924651Z ========================================
shadow	Run actions/checkout@v4	∩╗┐2025-10-13T04:20:19.6082029Z ##[group]Run actions/checkout@v4
shadow	Run actions/checkout@v4	2025-10-13T04:20:19.6082578Z with:
shadow	Run actions/checkout@v4	2025-10-13T04:20:19.6083305Z   repository: baosang12/BotG
shadow	Run actions/checkout@v4	2025-10-13T04:20:19.6083930Z   token: ***
shadow	Run actions/checkout@v4	2025-10-13T04:20:19.6084305Z   ssh-strict: true
shadow	Run actions/checkout@v4	2025-10-13T04:20:19.6084696Z   ssh-user: git
shadow	Run actions/checkout@v4	2025-10-13T04:20:19.6085097Z   persist-credentials: true
shadow	Run actions/checkout@v4	2025-10-13T04:20:19.6085539Z   clean: true
shadow	Run actions/checkout@v4	2025-10-13T04:20:19.6085938Z   sparse-checkout-cone-mode: true
shadow	Run actions/checkout@v4	2025-10-13T04:20:19.6086411Z   fetch-depth: 1
shadow	Run actions/checkout@v4	2025-10-13T04:20:19.6086799Z   fetch-tags: false
shadow	Run actions/checkout@v4	2025-10-13T04:20:19.6087219Z   show-progress: true
shadow	Run actions/checkout@v4	2025-10-13T04:20:19.6087624Z   lfs: false
shadow	Run actions/checkout@v4	2025-10-13T04:20:19.6087987Z   submodules: false
shadow	Run actions/checkout@v4	2025-10-13T04:20:19.6088439Z   set-safe-directory: true
shadow	Run actions/checkout@v4	2025-10-13T04:20:19.6088872Z ##[endgroup]
shadow	Run actions/checkout@v4	2025-10-13T04:20:19.7099917Z Syncing repository: baosang12/BotG
shadow	Run actions/checkout@v4	2025-10-13T04:20:19.7101937Z ##[group]Getting Git version info
shadow	Run actions/checkout@v4	2025-10-13T04:20:19.7103100Z Working directory is '/home/runner/work/BotG/BotG'
shadow	Run actions/checkout@v4	2025-10-13T04:20:19.7104543Z [command]/usr/bin/git version
shadow	Run actions/checkout@v4	2025-10-13T04:20:19.7209125Z git version 2.51.0
shadow	Run actions/checkout@v4	2025-10-13T04:20:19.7236766Z ##[endgroup]
shadow	Run actions/checkout@v4	2025-10-13T04:20:19.7283390Z Temporarily overriding HOME='/home/runner/work/_temp/f05ffd86-e040-4f43-ab71-8ca46c525274' before making global git config changes
shadow	Run actions/checkout@v4	2025-10-13T04:20:19.7295254Z Adding repository directory to the temporary git global config as a safe directory
shadow	Run actions/checkout@v4	2025-10-13T04:20:19.7304798Z [command]/usr/bin/git config --global --add safe.directory /home/runner/work/BotG/BotG
shadow	Run actions/checkout@v4	2025-10-13T04:20:19.7367206Z Deleting the contents of '/home/runner/work/BotG/BotG'
shadow	Run actions/checkout@v4	2025-10-13T04:20:19.7377367Z ##[group]Initializing the repository
shadow	Run actions/checkout@v4	2025-10-13T04:20:19.7378604Z [command]/usr/bin/git init /home/runner/work/BotG/BotG
shadow	Run actions/checkout@v4	2025-10-13T04:20:19.7469228Z hint: Using 'master' as the name for the initial branch. This default branch name
shadow	Run actions/checkout@v4	2025-10-13T04:20:19.7473280Z hint: is subject to change. To configure the initial branch name to use in all
shadow	Run actions/checkout@v4	2025-10-13T04:20:19.7476277Z hint: of your new repositories, which will suppress this warning, call:
shadow	Run actions/checkout@v4	2025-10-13T04:20:19.7477518Z hint:
shadow	Run actions/checkout@v4	2025-10-13T04:20:19.7478330Z hint: 	git config --global init.defaultBranch <name>
shadow	Run actions/checkout@v4	2025-10-13T04:20:19.7479426Z hint:
shadow	Run actions/checkout@v4	2025-10-13T04:20:19.7480360Z hint: Names commonly chosen instead of 'master' are 'main', 'trunk' and
shadow	Run actions/checkout@v4	2025-10-13T04:20:19.7481821Z hint: 'development'. The just-created branch can be renamed via this command:
shadow	Run actions/checkout@v4	2025-10-13T04:20:19.7483203Z hint:
shadow	Run actions/checkout@v4	2025-10-13T04:20:19.7483896Z hint: 	git branch -m <name>
shadow	Run actions/checkout@v4	2025-10-13T04:20:19.7484671Z hint:
shadow	Run actions/checkout@v4	2025-10-13T04:20:19.7486002Z hint: Disable this message with "git config set advice.defaultBranchName false"
shadow	Run actions/checkout@v4	2025-10-13T04:20:19.7487623Z Initialized empty Git repository in /home/runner/work/BotG/BotG/.git/
shadow	Run actions/checkout@v4	2025-10-13T04:20:19.7490098Z [command]/usr/bin/git remote add origin https://github.com/baosang12/BotG
shadow	Run actions/checkout@v4	2025-10-13T04:20:19.7533119Z ##[endgroup]
shadow	Run actions/checkout@v4	2025-10-13T04:20:19.7534816Z ##[group]Disabling automatic garbage collection
shadow	Run actions/checkout@v4	2025-10-13T04:20:19.7536151Z [command]/usr/bin/git config --local gc.auto 0
shadow	Run actions/checkout@v4	2025-10-13T04:20:19.7574016Z ##[endgroup]
shadow	Run actions/checkout@v4	2025-10-13T04:20:19.7575079Z ##[group]Setting up auth
shadow	Run actions/checkout@v4	2025-10-13T04:20:19.7580913Z [command]/usr/bin/git config --local --name-only --get-regexp core\.sshCommand
shadow	Run actions/checkout@v4	2025-10-13T04:20:19.7617334Z [command]/usr/bin/git submodule foreach --recursive sh -c "git config --local --name-only --get-regexp 'core\.sshCommand' && git config --local --unset-all 'core.sshCommand' || :"
shadow	Run actions/checkout@v4	2025-10-13T04:20:19.8013915Z [command]/usr/bin/git config --local --name-only --get-regexp http\.https\:\/\/github\.com\/\.extraheader
shadow	Run actions/checkout@v4	2025-10-13T04:20:19.8049153Z [command]/usr/bin/git submodule foreach --recursive sh -c "git config --local --name-only --get-regexp 'http\.https\:\/\/github\.com\/\.extraheader' && git config --local --unset-all 'http.https://github.com/.extraheader' || :"
shadow	Run actions/checkout@v4	2025-10-13T04:20:19.8309188Z [command]/usr/bin/git config --local http.https://github.com/.extraheader AUTHORIZATION: basic ***
shadow	Run actions/checkout@v4	2025-10-13T04:20:19.8541867Z ##[endgroup]
shadow	Run actions/checkout@v4	2025-10-13T04:20:19.8544739Z ##[group]Fetching the repository
shadow	Run actions/checkout@v4	2025-10-13T04:20:19.8549017Z [command]/usr/bin/git -c protocol.version=2 fetch --no-tags --prune --no-recurse-submodules --depth=1 origin +3402c6fc436317c97d3a80b3e61427e790a82c8c:refs/remotes/origin/ci/guard-verify
shadow	Run actions/checkout@v4	2025-10-13T04:20:21.8676153Z From https://github.com/baosang12/BotG
shadow	Run actions/checkout@v4	2025-10-13T04:20:21.8677956Z  * [new ref]         3402c6fc436317c97d3a80b3e61427e790a82c8c -> origin/ci/guard-verify
shadow	Run actions/checkout@v4	2025-10-13T04:20:21.8708462Z ##[endgroup]
shadow	Run actions/checkout@v4	2025-10-13T04:20:21.8709787Z ##[group]Determining the checkout info
shadow	Run actions/checkout@v4	2025-10-13T04:20:21.8712542Z ##[endgroup]
shadow	Run actions/checkout@v4	2025-10-13T04:20:21.8717180Z [command]/usr/bin/git sparse-checkout disable
shadow	Run actions/checkout@v4	2025-10-13T04:20:21.8757647Z [command]/usr/bin/git config --local --unset-all extensions.worktreeConfig
shadow	Run actions/checkout@v4	2025-10-13T04:20:21.8787425Z ##[group]Checking out the ref
shadow	Run actions/checkout@v4	2025-10-13T04:20:21.8792153Z [command]/usr/bin/git checkout --progress --force -B ci/guard-verify refs/remotes/origin/ci/guard-verify
shadow	Run actions/checkout@v4	2025-10-13T04:20:22.6833761Z Switched to a new branch 'ci/guard-verify'
shadow	Run actions/checkout@v4	2025-10-13T04:20:22.6834916Z branch 'ci/guard-verify' set up to track 'origin/ci/guard-verify'.
shadow	Run actions/checkout@v4	2025-10-13T04:20:22.6878756Z ##[endgroup]
shadow	Run actions/checkout@v4	2025-10-13T04:20:22.6920221Z [command]/usr/bin/git log -1 --format=%H
shadow	Run actions/checkout@v4	2025-10-13T04:20:22.6942040Z 3402c6fc436317c97d3a80b3e61427e790a82c8c
shadow	Start event	∩╗┐2025-10-13T04:20:22.7062322Z ##[group]Run mkdir -p .botg
shadow	Start event	2025-10-13T04:20:22.7063159Z [36;1mmkdir -p .botg[0m
shadow	Start event	2025-10-13T04:20:22.7064088Z [36;1mecho '{"ts":"'"$(date -u +%FT%TZ)"'","run_id":'18455034850',"pr":'0',"stage":"shadow","level":"info","msg":"start","kv":{"sha":"3402c6fc436317c97d3a80b3e61427e790a82c8c","actor":"baosang12","runner":"GitHub Actions 1000002848"}}' >> .botg/events.jsonl[0m
shadow	Start event	2025-10-13T04:20:22.7097405Z shell: /usr/bin/bash -e {0}
shadow	Start event	2025-10-13T04:20:22.7097689Z ##[endgroup]
shadow	Run shadow tests (fast)	∩╗┐2025-10-13T04:20:22.7196308Z ##[group]Run set -e
shadow	Run shadow tests (fast)	2025-10-13T04:20:22.7196610Z [36;1mset -e[0m
shadow	Run shadow tests (fast)	2025-10-13T04:20:22.7196858Z [36;1mecho "TODO: Implement shadow tests"[0m
shadow	Run shadow tests (fast)	2025-10-13T04:20:22.7197275Z [36;1mecho '{"status":"PASS","reason":"not_implemented"}' > .botg/status.json[0m
shadow	Run shadow tests (fast)	2025-10-13T04:20:22.7227153Z shell: /usr/bin/bash --noprofile --norc -e -o pipefail {0}
shadow	Run shadow tests (fast)	2025-10-13T04:20:22.7227536Z ##[endgroup]
shadow	Run shadow tests (fast)	2025-10-13T04:20:22.7275873Z TODO: Implement shadow tests
shadow	Classify results	∩╗┐2025-10-13T04:20:22.7306246Z ##[group]Run set -e
shadow	Classify results	2025-10-13T04:20:22.7306535Z [36;1mset -e[0m
shadow	Classify results	2025-10-13T04:20:22.7306780Z [36;1mcat .botg/status.json[0m
shadow	Classify results	2025-10-13T04:20:22.7336086Z shell: /usr/bin/bash --noprofile --norc -e -o pipefail {0}
shadow	Classify results	2025-10-13T04:20:22.7336483Z ##[endgroup]
shadow	Classify results	2025-10-13T04:20:22.7391045Z {"status":"PASS","reason":"not_implemented"}
shadow	Decide & log	∩╗┐2025-10-13T04:20:22.7427903Z ##[group]Run set -e
shadow	Decide & log	2025-10-13T04:20:22.7428197Z [36;1mset -e[0m
shadow	Decide & log	2025-10-13T04:20:22.7428469Z [36;1mSTATUS=$(jq -r .status < .botg/status.json)[0m
shadow	Decide & log	2025-10-13T04:20:22.7428834Z [36;1mREASON=$(jq -r .reason < .botg/status.json)[0m
shadow	Decide & log	2025-10-13T04:20:22.7429141Z [36;1mRETRY_OK="false"[0m
shadow	Decide & log	2025-10-13T04:20:22.7429381Z [36;1m[0m
shadow	Decide & log	2025-10-13T04:20:22.7429609Z [36;1mecho "status=$STATUS" >> $GITHUB_OUTPUT[0m
shadow	Decide & log	2025-10-13T04:20:22.7429926Z [36;1mecho "reason=$REASON" >> $GITHUB_OUTPUT[0m
shadow	Decide & log	2025-10-13T04:20:22.7430241Z [36;1mecho "retry_ok=$RETRY_OK" >> $GITHUB_OUTPUT[0m
shadow	Decide & log	2025-10-13T04:20:22.7430873Z [36;1mecho '{"ts":"'"$(date -u +%FT%TZ)"'","run_id":'18455034850',"pr":'0',"stage":"decide","level":"info","msg":"conclusion","kv":{"status":"'"$STATUS"'","reason":"'"$REASON"'"}}' >> .botg/events.jsonl[0m
shadow	Decide & log	2025-10-13T04:20:22.7460561Z shell: /usr/bin/bash --noprofile --norc -e -o pipefail {0}
shadow	Decide & log	2025-10-13T04:20:22.7461008Z env:
shadow	Decide & log	2025-10-13T04:20:22.7461616Z   GH_TOKEN: ***
shadow	Decide & log	2025-10-13T04:20:22.7461843Z ##[endgroup]
shadow	Upload events	∩╗┐2025-10-13T04:20:22.7755991Z ##[group]Run actions/upload-artifact@v4
shadow	Upload events	2025-10-13T04:20:22.7756347Z with:
shadow	Upload events	2025-10-13T04:20:22.7756586Z   name: workflow-events-18455034850
shadow	Upload events	2025-10-13T04:20:22.7756868Z   path: .botg/events.jsonl
shadow	Upload events	2025-10-13T04:20:22.7757107Z   retention-days: 7
shadow	Upload events	2025-10-13T04:20:22.7757344Z   if-no-files-found: warn
shadow	Upload events	2025-10-13T04:20:22.7757579Z   compression-level: 6
shadow	Upload events	2025-10-13T04:20:22.7757806Z   overwrite: false
shadow	Upload events	2025-10-13T04:20:22.7758028Z   include-hidden-files: false
shadow	Upload events	2025-10-13T04:20:22.7758280Z ##[endgroup]
shadow	Upload events	2025-10-13T04:20:22.9872855Z With the provided path, there will be 1 file uploaded
shadow	Upload events	2025-10-13T04:20:22.9878468Z Artifact name is valid!
shadow	Upload events	2025-10-13T04:20:22.9879976Z Root directory input is valid!
shadow	Upload events	2025-10-13T04:20:23.0977142Z Beginning upload of artifact content to blob storage
shadow	Upload events	2025-10-13T04:20:23.1644460Z Uploaded bytes 362
shadow	Upload events	2025-10-13T04:20:23.1863973Z Finished uploading artifact content to blob storage!
shadow	Upload events	2025-10-13T04:20:23.1867056Z SHA256 digest of uploaded artifact zip is a5329b0a0c304378f2dc90886a1edc3daaeae9655aafbd9319e63ea7f9d968b9
shadow	Upload events	2025-10-13T04:20:23.1868843Z Finalizing artifact upload
shadow	Upload events	2025-10-13T04:20:23.2729558Z Artifact workflow-events-18455034850.zip successfully finalized. Artifact ID 4250972861
shadow	Upload events	2025-10-13T04:20:23.2731061Z Artifact workflow-events-18455034850 has been successfully uploaded! Final size is 362 bytes. Artifact ID is 4250972861
shadow	Upload events	2025-10-13T04:20:23.2737135Z Artifact download URL: https://github.com/baosang12/BotG/actions/runs/18455034850/artifacts/4250972861
shadow	Post Run actions/checkout@v4	∩╗┐2025-10-13T04:20:23.2875013Z Post job cleanup.
shadow	Post Run actions/checkout@v4	2025-10-13T04:20:23.3841682Z [command]/usr/bin/git version
shadow	Post Run actions/checkout@v4	2025-10-13T04:20:23.3877367Z git version 2.51.0
shadow	Post Run actions/checkout@v4	2025-10-13T04:20:23.3920655Z Temporarily overriding HOME='/home/runner/work/_temp/9add582d-4e4a-4291-8d01-734142b3d109' before making global git config changes
shadow	Post Run actions/checkout@v4	2025-10-13T04:20:23.3922088Z Adding repository directory to the temporary git global config as a safe directory
shadow	Post Run actions/checkout@v4	2025-10-13T04:20:23.3927258Z [command]/usr/bin/git config --global --add safe.directory /home/runner/work/BotG/BotG
shadow	Post Run actions/checkout@v4	2025-10-13T04:20:23.3962616Z [command]/usr/bin/git config --local --name-only --get-regexp core\.sshCommand
shadow	Post Run actions/checkout@v4	2025-10-13T04:20:23.3996997Z [command]/usr/bin/git submodule foreach --recursive sh -c "git config --local --name-only --get-regexp 'core\.sshCommand' && git config --local --unset-all 'core.sshCommand' || :"
shadow	Post Run actions/checkout@v4	2025-10-13T04:20:23.4230341Z [command]/usr/bin/git config --local --name-only --get-regexp http\.https\:\/\/github\.com\/\.extraheader
shadow	Post Run actions/checkout@v4	2025-10-13T04:20:23.4250758Z http.https://github.com/.extraheader
shadow	Post Run actions/checkout@v4	2025-10-13T04:20:23.4263045Z [command]/usr/bin/git config --local --unset-all http.https://github.com/.extraheader
shadow	Post Run actions/checkout@v4	2025-10-13T04:20:23.4293396Z [command]/usr/bin/git submodule foreach --recursive sh -c "git config --local --name-only --get-regexp 'http\.https\:\/\/github\.com\/\.extraheader' && git config --local --unset-all 'http.https://github.com/.extraheader' || :"
shadow	Complete job	∩╗┐2025-10-13T04:20:23.4656749Z Evaluate and set job outputs
shadow	Complete job	2025-10-13T04:20:23.4664023Z Set output 'status'
shadow	Complete job	2025-10-13T04:20:23.4665608Z Set output 'reason'
shadow	Complete job	2025-10-13T04:20:23.4666316Z Set output 'retry_ok'
shadow	Complete job	2025-10-13T04:20:23.4666961Z Cleaning up orphan processes
