shadow	Set up job	∩╗┐2025-10-14T04:55:26.9505747Z Current runner version: '2.328.0'
shadow	Set up job	2025-10-14T04:55:26.9531202Z ##[group]Runner Image Provisioner
shadow	Set up job	2025-10-14T04:55:26.9532056Z Hosted Compute Agent
shadow	Set up job	2025-10-14T04:55:26.9532606Z Version: 20250912.392
shadow	Set up job	2025-10-14T04:55:26.9533157Z Commit: d921fda672a98b64f4f82364647e2f10b2267d0b
shadow	Set up job	2025-10-14T04:55:26.9533900Z Build Date: 2025-09-12T15:23:14Z
shadow	Set up job	2025-10-14T04:55:26.9534450Z ##[endgroup]
shadow	Set up job	2025-10-14T04:55:26.9535005Z ##[group]Operating System
shadow	Set up job	2025-10-14T04:55:26.9535571Z Ubuntu
shadow	Set up job	2025-10-14T04:55:26.9536059Z 24.04.3
shadow	Set up job	2025-10-14T04:55:26.9536519Z LTS
shadow	Set up job	2025-10-14T04:55:26.9536964Z ##[endgroup]
shadow	Set up job	2025-10-14T04:55:26.9537458Z ##[group]Runner Image
shadow	Set up job	2025-10-14T04:55:26.9537984Z Image: ubuntu-24.04
shadow	Set up job	2025-10-14T04:55:26.9538510Z Version: 20250929.60.1
shadow	Set up job	2025-10-14T04:55:26.9539516Z Included Software: https://github.com/actions/runner-images/blob/ubuntu24/20250929.60/images/ubuntu/Ubuntu2404-Readme.md
shadow	Set up job	2025-10-14T04:55:26.9540973Z Image Release: https://github.com/actions/runner-images/releases/tag/ubuntu24%2F20250929.60
shadow	Set up job	2025-10-14T04:55:26.9542148Z ##[endgroup]
shadow	Set up job	2025-10-14T04:55:26.9544552Z ##[group]GITHUB_TOKEN Permissions
shadow	Set up job	2025-10-14T04:55:26.9547153Z Actions: write
shadow	Set up job	2025-10-14T04:55:26.9547716Z Attestations: write
shadow	Set up job	2025-10-14T04:55:26.9548161Z Checks: write
shadow	Set up job	2025-10-14T04:55:26.9548756Z Contents: write
shadow	Set up job	2025-10-14T04:55:26.9549219Z Deployments: write
shadow	Set up job	2025-10-14T04:55:26.9549706Z Discussions: write
shadow	Set up job	2025-10-14T04:55:26.9550267Z Issues: write
shadow	Set up job	2025-10-14T04:55:26.9551046Z Metadata: read
shadow	Set up job	2025-10-14T04:55:26.9551524Z Models: read
shadow	Set up job	2025-10-14T04:55:26.9552079Z Packages: write
shadow	Set up job	2025-10-14T04:55:26.9552575Z Pages: write
shadow	Set up job	2025-10-14T04:55:26.9553027Z PullRequests: write
shadow	Set up job	2025-10-14T04:55:26.9553634Z RepositoryProjects: write
shadow	Set up job	2025-10-14T04:55:26.9554166Z SecurityEvents: write
shadow	Set up job	2025-10-14T04:55:26.9554786Z Statuses: write
shadow	Set up job	2025-10-14T04:55:26.9555280Z ##[endgroup]
shadow	Set up job	2025-10-14T04:55:26.9557266Z Secret source: Actions
shadow	Set up job	2025-10-14T04:55:26.9558394Z Prepare workflow directory
shadow	Set up job	2025-10-14T04:55:26.9885173Z Prepare all required actions
shadow	Set up job	2025-10-14T04:55:26.9925154Z Getting action download info
shadow	Set up job	2025-10-14T04:55:27.3093778Z Download action repository 'actions/checkout@v4' (SHA:08eba0b27e820071cde6df949e0beb9ba4906955)
shadow	Set up job	2025-10-14T04:55:27.7146606Z Download action repository 'actions/upload-artifact@v4' (SHA:ea165f8d65b6e75b540449e92b4886f43607fa02)
shadow	Set up job	2025-10-14T04:55:27.9019782Z Complete job name: shadow
shadow	Runner & concurrency guard	∩╗┐2025-10-14T04:55:27.9685545Z ##[group]Run echo "=== Runner & Concurrency Diagnostics ==="
shadow	Runner & concurrency guard	2025-10-14T04:55:27.9686479Z [36;1mecho "=== Runner & Concurrency Diagnostics ==="[0m
shadow	Runner & concurrency guard	2025-10-14T04:55:27.9687171Z [36;1mecho "Runner name: GitHub Actions 1000002981"[0m
shadow	Runner & concurrency guard	2025-10-14T04:55:27.9687777Z [36;1mecho "Runner OS: Linux"[0m
shadow	Runner & concurrency guard	2025-10-14T04:55:27.9688300Z [36;1mecho "Runner arch: X64"[0m
shadow	Runner & concurrency guard	2025-10-14T04:55:27.9688869Z [36;1mecho "Runner temp: /home/runner/work/_temp"[0m
shadow	Runner & concurrency guard	2025-10-14T04:55:27.9689549Z [36;1mecho "Runner tool cache: /opt/hostedtoolcache"[0m
shadow	Runner & concurrency guard	2025-10-14T04:55:27.9690149Z [36;1mecho "---"[0m
shadow	Runner & concurrency guard	2025-10-14T04:55:27.9690741Z [36;1mecho "Job ID: shadow"[0m
shadow	Runner & concurrency guard	2025-10-14T04:55:27.9691265Z [36;1mecho "Run ID: 18485913995"[0m
shadow	Runner & concurrency guard	2025-10-14T04:55:27.9691971Z [36;1mecho "Run number: 330"[0m
shadow	Runner & concurrency guard	2025-10-14T04:55:27.9692521Z [36;1mecho "Run attempt: 1"[0m
shadow	Runner & concurrency guard	2025-10-14T04:55:27.9693009Z [36;1mecho "---"[0m
shadow	Runner & concurrency guard	2025-10-14T04:55:27.9693495Z [36;1mecho "Workflow: smoke-fast-on-pr"[0m
shadow	Runner & concurrency guard	2025-10-14T04:55:27.9694049Z [36;1mecho "Event: push"[0m
shadow	Runner & concurrency guard	2025-10-14T04:55:27.9694765Z [36;1mecho "Ref: refs/heads/ci/verify-phase3-concurrency-20251014_115016"[0m
shadow	Runner & concurrency guard	2025-10-14T04:55:27.9695591Z [36;1mecho "SHA: 88b0cb190ee2bfde39032176d7b8e1e3df8fd99d"[0m
shadow	Runner & concurrency guard	2025-10-14T04:55:27.9696246Z [36;1mecho "Actor: baosang12"[0m
shadow	Runner & concurrency guard	2025-10-14T04:55:27.9696744Z [36;1mecho "---"[0m
shadow	Runner & concurrency guard	2025-10-14T04:55:27.9697643Z [36;1mecho "Concurrency group: workflow-smoke-fast-on-pr-refs/heads/ci/verify-phase3-concurrency-20251014_115016"[0m
shadow	Runner & concurrency guard	2025-10-14T04:55:27.9698659Z [36;1mecho "Cancel-in-progress: true"[0m
shadow	Runner & concurrency guard	2025-10-14T04:55:27.9699197Z [36;1mecho "---"[0m
shadow	Runner & concurrency guard	2025-10-14T04:55:27.9699628Z [36;1mecho "Environment: "[0m
shadow	Runner & concurrency guard	2025-10-14T04:55:27.9700397Z [36;1mecho "Job started: $(date -u +%FT%TZ)"[0m
shadow	Runner & concurrency guard	2025-10-14T04:55:27.9701331Z [36;1mecho "========================================"[0m
shadow	Runner & concurrency guard	2025-10-14T04:55:27.9738704Z shell: /usr/bin/bash --noprofile --norc -e -o pipefail {0}
shadow	Runner & concurrency guard	2025-10-14T04:55:27.9739727Z ##[endgroup]
shadow	Runner & concurrency guard	2025-10-14T04:55:27.9864764Z === Runner & Concurrency Diagnostics ===
shadow	Runner & concurrency guard	2025-10-14T04:55:27.9865803Z Runner name: GitHub Actions 1000002981
shadow	Runner & concurrency guard	2025-10-14T04:55:27.9866775Z Runner OS: Linux
shadow	Runner & concurrency guard	2025-10-14T04:55:27.9867486Z Runner arch: X64
shadow	Runner & concurrency guard	2025-10-14T04:55:27.9868626Z Runner temp: /home/runner/work/_temp
shadow	Runner & concurrency guard	2025-10-14T04:55:27.9869589Z Runner tool cache: /opt/hostedtoolcache
shadow	Runner & concurrency guard	2025-10-14T04:55:27.9870214Z ---
shadow	Runner & concurrency guard	2025-10-14T04:55:27.9870811Z Job ID: shadow
shadow	Runner & concurrency guard	2025-10-14T04:55:27.9871224Z Run ID: 18485913995
shadow	Runner & concurrency guard	2025-10-14T04:55:27.9871641Z Run number: 330
shadow	Runner & concurrency guard	2025-10-14T04:55:27.9872038Z Run attempt: 1
shadow	Runner & concurrency guard	2025-10-14T04:55:27.9872422Z ---
shadow	Runner & concurrency guard	2025-10-14T04:55:27.9872816Z Workflow: smoke-fast-on-pr
shadow	Runner & concurrency guard	2025-10-14T04:55:27.9873374Z Event: push
shadow	Runner & concurrency guard	2025-10-14T04:55:27.9873916Z Ref: refs/heads/ci/verify-phase3-concurrency-20251014_115016
shadow	Runner & concurrency guard	2025-10-14T04:55:27.9874639Z SHA: 88b0cb190ee2bfde39032176d7b8e1e3df8fd99d
shadow	Runner & concurrency guard	2025-10-14T04:55:27.9875189Z Actor: baosang12
shadow	Runner & concurrency guard	2025-10-14T04:55:27.9875580Z ---
shadow	Runner & concurrency guard	2025-10-14T04:55:27.9876346Z Concurrency group: workflow-smoke-fast-on-pr-refs/heads/ci/verify-phase3-concurrency-20251014_115016
shadow	Runner & concurrency guard	2025-10-14T04:55:27.9877268Z Cancel-in-progress: true
shadow	Runner & concurrency guard	2025-10-14T04:55:27.9877710Z ---
shadow	Runner & concurrency guard	2025-10-14T04:55:27.9878070Z Environment: 
shadow	Runner & concurrency guard	2025-10-14T04:55:27.9878490Z Job started: 2025-10-14T04:55:27Z
shadow	Runner & concurrency guard	2025-10-14T04:55:27.9879010Z ========================================
shadow	Run actions/checkout@v4	∩╗┐2025-10-14T04:55:28.0045447Z ##[group]Run actions/checkout@v4
shadow	Run actions/checkout@v4	2025-10-14T04:55:28.0046040Z with:
shadow	Run actions/checkout@v4	2025-10-14T04:55:28.0046447Z   repository: baosang12/BotG
shadow	Run actions/checkout@v4	2025-10-14T04:55:28.0047095Z   token: ***
shadow	Run actions/checkout@v4	2025-10-14T04:55:28.0047500Z   ssh-strict: true
shadow	Run actions/checkout@v4	2025-10-14T04:55:28.0047911Z   ssh-user: git
shadow	Run actions/checkout@v4	2025-10-14T04:55:28.0048334Z   persist-credentials: true
shadow	Run actions/checkout@v4	2025-10-14T04:55:28.0048809Z   clean: true
shadow	Run actions/checkout@v4	2025-10-14T04:55:28.0049252Z   sparse-checkout-cone-mode: true
shadow	Run actions/checkout@v4	2025-10-14T04:55:28.0049744Z   fetch-depth: 1
shadow	Run actions/checkout@v4	2025-10-14T04:55:28.0050152Z   fetch-tags: false
shadow	Run actions/checkout@v4	2025-10-14T04:55:28.0050773Z   show-progress: true
shadow	Run actions/checkout@v4	2025-10-14T04:55:28.0051218Z   lfs: false
shadow	Run actions/checkout@v4	2025-10-14T04:55:28.0051601Z   submodules: false
shadow	Run actions/checkout@v4	2025-10-14T04:55:28.0052090Z   set-safe-directory: true
shadow	Run actions/checkout@v4	2025-10-14T04:55:28.0052552Z ##[endgroup]
shadow	Run actions/checkout@v4	2025-10-14T04:55:28.1068904Z Syncing repository: baosang12/BotG
shadow	Run actions/checkout@v4	2025-10-14T04:55:28.1071015Z ##[group]Getting Git version info
shadow	Run actions/checkout@v4	2025-10-14T04:55:28.1071727Z Working directory is '/home/runner/work/BotG/BotG'
shadow	Run actions/checkout@v4	2025-10-14T04:55:28.1072671Z [command]/usr/bin/git version
shadow	Run actions/checkout@v4	2025-10-14T04:55:28.1146473Z git version 2.51.0
shadow	Run actions/checkout@v4	2025-10-14T04:55:28.1172050Z ##[endgroup]
shadow	Run actions/checkout@v4	2025-10-14T04:55:28.1185791Z Temporarily overriding HOME='/home/runner/work/_temp/e29ab4f7-0c2d-4f0b-a98c-f5bbc47ca8fc' before making global git config changes
shadow	Run actions/checkout@v4	2025-10-14T04:55:28.1187242Z Adding repository directory to the temporary git global config as a safe directory
shadow	Run actions/checkout@v4	2025-10-14T04:55:28.1197789Z [command]/usr/bin/git config --global --add safe.directory /home/runner/work/BotG/BotG
shadow	Run actions/checkout@v4	2025-10-14T04:55:28.1233938Z Deleting the contents of '/home/runner/work/BotG/BotG'
shadow	Run actions/checkout@v4	2025-10-14T04:55:28.1237444Z ##[group]Initializing the repository
shadow	Run actions/checkout@v4	2025-10-14T04:55:28.1241103Z [command]/usr/bin/git init /home/runner/work/BotG/BotG
shadow	Run actions/checkout@v4	2025-10-14T04:55:28.1367708Z hint: Using 'master' as the name for the initial branch. This default branch name
shadow	Run actions/checkout@v4	2025-10-14T04:55:28.1368945Z hint: is subject to change. To configure the initial branch name to use in all
shadow	Run actions/checkout@v4	2025-10-14T04:55:28.1369880Z hint: of your new repositories, which will suppress this warning, call:
shadow	Run actions/checkout@v4	2025-10-14T04:55:28.1370723Z hint:
shadow	Run actions/checkout@v4	2025-10-14T04:55:28.1371288Z hint: 	git config --global init.defaultBranch <name>
shadow	Run actions/checkout@v4	2025-10-14T04:55:28.1372343Z hint:
shadow	Run actions/checkout@v4	2025-10-14T04:55:28.1373051Z hint: Names commonly chosen instead of 'master' are 'main', 'trunk' and
shadow	Run actions/checkout@v4	2025-10-14T04:55:28.1374008Z hint: 'development'. The just-created branch can be renamed via this command:
shadow	Run actions/checkout@v4	2025-10-14T04:55:28.1374959Z hint:
shadow	Run actions/checkout@v4	2025-10-14T04:55:28.1375366Z hint: 	git branch -m <name>
shadow	Run actions/checkout@v4	2025-10-14T04:55:28.1375826Z hint:
shadow	Run actions/checkout@v4	2025-10-14T04:55:28.1376417Z hint: Disable this message with "git config set advice.defaultBranchName false"
shadow	Run actions/checkout@v4	2025-10-14T04:55:28.1377647Z Initialized empty Git repository in /home/runner/work/BotG/BotG/.git/
shadow	Run actions/checkout@v4	2025-10-14T04:55:28.1383573Z [command]/usr/bin/git remote add origin https://github.com/baosang12/BotG
shadow	Run actions/checkout@v4	2025-10-14T04:55:28.1418914Z ##[endgroup]
shadow	Run actions/checkout@v4	2025-10-14T04:55:28.1419691Z ##[group]Disabling automatic garbage collection
shadow	Run actions/checkout@v4	2025-10-14T04:55:28.1423070Z [command]/usr/bin/git config --local gc.auto 0
shadow	Run actions/checkout@v4	2025-10-14T04:55:28.1450027Z ##[endgroup]
shadow	Run actions/checkout@v4	2025-10-14T04:55:28.1451028Z ##[group]Setting up auth
shadow	Run actions/checkout@v4	2025-10-14T04:55:28.1457107Z [command]/usr/bin/git config --local --name-only --get-regexp core\.sshCommand
shadow	Run actions/checkout@v4	2025-10-14T04:55:28.1487518Z [command]/usr/bin/git submodule foreach --recursive sh -c "git config --local --name-only --get-regexp 'core\.sshCommand' && git config --local --unset-all 'core.sshCommand' || :"
shadow	Run actions/checkout@v4	2025-10-14T04:55:28.1814443Z [command]/usr/bin/git config --local --name-only --get-regexp http\.https\:\/\/github\.com\/\.extraheader
shadow	Run actions/checkout@v4	2025-10-14T04:55:28.1842339Z [command]/usr/bin/git submodule foreach --recursive sh -c "git config --local --name-only --get-regexp 'http\.https\:\/\/github\.com\/\.extraheader' && git config --local --unset-all 'http.https://github.com/.extraheader' || :"
shadow	Run actions/checkout@v4	2025-10-14T04:55:28.2057568Z [command]/usr/bin/git config --local http.https://github.com/.extraheader AUTHORIZATION: basic ***
shadow	Run actions/checkout@v4	2025-10-14T04:55:28.2090422Z ##[endgroup]
shadow	Run actions/checkout@v4	2025-10-14T04:55:28.2091583Z ##[group]Fetching the repository
shadow	Run actions/checkout@v4	2025-10-14T04:55:28.2107509Z [command]/usr/bin/git -c protocol.version=2 fetch --no-tags --prune --no-recurse-submodules --depth=1 origin +88b0cb190ee2bfde39032176d7b8e1e3df8fd99d:refs/remotes/origin/ci/verify-phase3-concurrency-20251014_115016
shadow	Run actions/checkout@v4	2025-10-14T04:55:30.1873672Z From https://github.com/baosang12/BotG
shadow	Run actions/checkout@v4	2025-10-14T04:55:30.1874800Z  * [new ref]         88b0cb190ee2bfde39032176d7b8e1e3df8fd99d -> origin/ci/verify-phase3-concurrency-20251014_115016
shadow	Run actions/checkout@v4	2025-10-14T04:55:30.1905347Z ##[endgroup]
shadow	Run actions/checkout@v4	2025-10-14T04:55:30.1907595Z ##[group]Determining the checkout info
shadow	Run actions/checkout@v4	2025-10-14T04:55:30.1908416Z ##[endgroup]
shadow	Run actions/checkout@v4	2025-10-14T04:55:30.1913182Z [command]/usr/bin/git sparse-checkout disable
shadow	Run actions/checkout@v4	2025-10-14T04:55:30.1951582Z [command]/usr/bin/git config --local --unset-all extensions.worktreeConfig
shadow	Run actions/checkout@v4	2025-10-14T04:55:30.1977982Z ##[group]Checking out the ref
shadow	Run actions/checkout@v4	2025-10-14T04:55:30.1981627Z [command]/usr/bin/git checkout --progress --force -B ci/verify-phase3-concurrency-20251014_115016 refs/remotes/origin/ci/verify-phase3-concurrency-20251014_115016
shadow	Run actions/checkout@v4	2025-10-14T04:55:31.0005014Z Switched to a new branch 'ci/verify-phase3-concurrency-20251014_115016'
shadow	Run actions/checkout@v4	2025-10-14T04:55:31.0007374Z branch 'ci/verify-phase3-concurrency-20251014_115016' set up to track 'origin/ci/verify-phase3-concurrency-20251014_115016'.
shadow	Run actions/checkout@v4	2025-10-14T04:55:31.0049900Z ##[endgroup]
shadow	Run actions/checkout@v4	2025-10-14T04:55:31.0089220Z [command]/usr/bin/git log -1 --format=%H
shadow	Run actions/checkout@v4	2025-10-14T04:55:31.0112345Z 88b0cb190ee2bfde39032176d7b8e1e3df8fd99d
shadow	Start event	∩╗┐2025-10-14T04:55:31.0235024Z ##[group]Run mkdir -p .botg
shadow	Start event	2025-10-14T04:55:31.0235582Z [36;1mmkdir -p .botg[0m
shadow	Start event	2025-10-14T04:55:31.0236323Z [36;1mecho '{"ts":"'"$(date -u +%FT%TZ)"'","run_id":'18485913995',"pr":'0',"stage":"shadow","level":"info","msg":"start","kv":{"sha":"88b0cb190ee2bfde39032176d7b8e1e3df8fd99d","actor":"baosang12","runner":"GitHub Actions 1000002981"}}' >> .botg/events.jsonl[0m
shadow	Start event	2025-10-14T04:55:31.0269466Z shell: /usr/bin/bash -e {0}
shadow	Start event	2025-10-14T04:55:31.0269708Z ##[endgroup]
shadow	Run shadow tests (fast)	∩╗┐2025-10-14T04:55:31.0366664Z ##[group]Run set -e
shadow	Run shadow tests (fast)	2025-10-14T04:55:31.0366902Z [36;1mset -e[0m
shadow	Run shadow tests (fast)	2025-10-14T04:55:31.0367113Z [36;1mecho "TODO: Implement shadow tests"[0m
shadow	Run shadow tests (fast)	2025-10-14T04:55:31.0367475Z [36;1mecho '{"status":"PASS","reason":"not_implemented"}' > .botg/status.json[0m
shadow	Run shadow tests (fast)	2025-10-14T04:55:31.0397476Z shell: /usr/bin/bash --noprofile --norc -e -o pipefail {0}
shadow	Run shadow tests (fast)	2025-10-14T04:55:31.0397804Z ##[endgroup]
shadow	Run shadow tests (fast)	2025-10-14T04:55:31.0444021Z TODO: Implement shadow tests
shadow	Classify results	∩╗┐2025-10-14T04:55:31.0473260Z ##[group]Run set -e
shadow	Classify results	2025-10-14T04:55:31.0473506Z [36;1mset -e[0m
shadow	Classify results	2025-10-14T04:55:31.0473715Z [36;1mcat .botg/status.json[0m
shadow	Classify results	2025-10-14T04:55:31.0503390Z shell: /usr/bin/bash --noprofile --norc -e -o pipefail {0}
shadow	Classify results	2025-10-14T04:55:31.0503765Z ##[endgroup]
shadow	Classify results	2025-10-14T04:55:31.0559392Z {"status":"PASS","reason":"not_implemented"}
shadow	Decide & log	∩╗┐2025-10-14T04:55:31.0596097Z ##[group]Run set -e
shadow	Decide & log	2025-10-14T04:55:31.0596344Z [36;1mset -e[0m
shadow	Decide & log	2025-10-14T04:55:31.0596570Z [36;1mSTATUS=$(jq -r .status < .botg/status.json)[0m
shadow	Decide & log	2025-10-14T04:55:31.0596881Z [36;1mREASON=$(jq -r .reason < .botg/status.json)[0m
shadow	Decide & log	2025-10-14T04:55:31.0597140Z [36;1mRETRY_OK="false"[0m
shadow	Decide & log	2025-10-14T04:55:31.0597337Z [36;1m[0m
shadow	Decide & log	2025-10-14T04:55:31.0597527Z [36;1mecho "status=$STATUS" >> $GITHUB_OUTPUT[0m
shadow	Decide & log	2025-10-14T04:55:31.0597805Z [36;1mecho "reason=$REASON" >> $GITHUB_OUTPUT[0m
shadow	Decide & log	2025-10-14T04:55:31.0598078Z [36;1mecho "retry_ok=$RETRY_OK" >> $GITHUB_OUTPUT[0m
shadow	Decide & log	2025-10-14T04:55:31.0598685Z [36;1mecho '{"ts":"'"$(date -u +%FT%TZ)"'","run_id":'18485913995',"pr":'0',"stage":"decide","level":"info","msg":"conclusion","kv":{"status":"'"$STATUS"'","reason":"'"$REASON"'"}}' >> .botg/events.jsonl[0m
shadow	Decide & log	2025-10-14T04:55:31.0628937Z shell: /usr/bin/bash --noprofile --norc -e -o pipefail {0}
shadow	Decide & log	2025-10-14T04:55:31.0629246Z env:
shadow	Decide & log	2025-10-14T04:55:31.0629717Z   GH_TOKEN: ***
shadow	Decide & log	2025-10-14T04:55:31.0629901Z ##[endgroup]
shadow	Upload events	∩╗┐2025-10-14T04:55:31.0893581Z ##[group]Run actions/upload-artifact@v4
shadow	Upload events	2025-10-14T04:55:31.0893872Z with:
shadow	Upload events	2025-10-14T04:55:31.0894074Z   name: workflow-events-18485913995
shadow	Upload events	2025-10-14T04:55:31.0894320Z   path: .botg/events.jsonl
shadow	Upload events	2025-10-14T04:55:31.0894525Z   retention-days: 7
shadow	Upload events	2025-10-14T04:55:31.0894719Z   if-no-files-found: warn
shadow	Upload events	2025-10-14T04:55:31.0894918Z   compression-level: 6
shadow	Upload events	2025-10-14T04:55:31.0895106Z   overwrite: false
shadow	Upload events	2025-10-14T04:55:31.0895294Z   include-hidden-files: false
shadow	Upload events	2025-10-14T04:55:31.0895512Z ##[endgroup]
shadow	Upload events	2025-10-14T04:55:31.3078086Z With the provided path, there will be 1 file uploaded
shadow	Upload events	2025-10-14T04:55:31.3083002Z Artifact name is valid!
shadow	Upload events	2025-10-14T04:55:31.3084017Z Root directory input is valid!
shadow	Upload events	2025-10-14T04:55:31.4271270Z Beginning upload of artifact content to blob storage
shadow	Upload events	2025-10-14T04:55:31.5385784Z Uploaded bytes 362
shadow	Upload events	2025-10-14T04:55:31.5713860Z Finished uploading artifact content to blob storage!
shadow	Upload events	2025-10-14T04:55:31.5717425Z SHA256 digest of uploaded artifact zip is e3199491ba93ed62ba75d388df6044ed32b9a715c334536bc9abed04ee8e30fa
shadow	Upload events	2025-10-14T04:55:31.5719311Z Finalizing artifact upload
shadow	Upload events	2025-10-14T04:55:31.6554383Z Artifact workflow-events-18485913995.zip successfully finalized. Artifact ID 4261335772
shadow	Upload events	2025-10-14T04:55:31.6555671Z Artifact workflow-events-18485913995 has been successfully uploaded! Final size is 362 bytes. Artifact ID is 4261335772
shadow	Upload events	2025-10-14T04:55:31.6562355Z Artifact download URL: https://github.com/baosang12/BotG/actions/runs/18485913995/artifacts/4261335772
shadow	Post Run actions/checkout@v4	∩╗┐2025-10-14T04:55:31.6694730Z Post job cleanup.
shadow	Post Run actions/checkout@v4	2025-10-14T04:55:31.7605040Z [command]/usr/bin/git version
shadow	Post Run actions/checkout@v4	2025-10-14T04:55:31.7640919Z git version 2.51.0
shadow	Post Run actions/checkout@v4	2025-10-14T04:55:31.7682521Z Temporarily overriding HOME='/home/runner/work/_temp/2994588f-c378-4ce4-b727-3f74a3e4fef9' before making global git config changes
shadow	Post Run actions/checkout@v4	2025-10-14T04:55:31.7683253Z Adding repository directory to the temporary git global config as a safe directory
shadow	Post Run actions/checkout@v4	2025-10-14T04:55:31.7687645Z [command]/usr/bin/git config --global --add safe.directory /home/runner/work/BotG/BotG
shadow	Post Run actions/checkout@v4	2025-10-14T04:55:31.7722099Z [command]/usr/bin/git config --local --name-only --get-regexp core\.sshCommand
shadow	Post Run actions/checkout@v4	2025-10-14T04:55:31.7753862Z [command]/usr/bin/git submodule foreach --recursive sh -c "git config --local --name-only --get-regexp 'core\.sshCommand' && git config --local --unset-all 'core.sshCommand' || :"
shadow	Post Run actions/checkout@v4	2025-10-14T04:55:31.7985660Z [command]/usr/bin/git config --local --name-only --get-regexp http\.https\:\/\/github\.com\/\.extraheader
shadow	Post Run actions/checkout@v4	2025-10-14T04:55:31.8007926Z http.https://github.com/.extraheader
shadow	Post Run actions/checkout@v4	2025-10-14T04:55:31.8020487Z [command]/usr/bin/git config --local --unset-all http.https://github.com/.extraheader
shadow	Post Run actions/checkout@v4	2025-10-14T04:55:31.8049295Z [command]/usr/bin/git submodule foreach --recursive sh -c "git config --local --name-only --get-regexp 'http\.https\:\/\/github\.com\/\.extraheader' && git config --local --unset-all 'http.https://github.com/.extraheader' || :"
shadow	Complete job	∩╗┐2025-10-14T04:55:31.8374193Z Evaluate and set job outputs
shadow	Complete job	2025-10-14T04:55:31.8379747Z Set output 'status'
shadow	Complete job	2025-10-14T04:55:31.8381692Z Set output 'reason'
shadow	Complete job	2025-10-14T04:55:31.8382384Z Set output 'retry_ok'
shadow	Complete job	2025-10-14T04:55:31.8383024Z Cleaning up orphan processes
